[2024-11-19T10:24:59.652+0100][gc,heap] Heap region size: 1M
[2024-11-19T10:24:59.665+0100][gc     ] Using G1
[2024-11-19T10:24:59.665+0100][gc,heap,coops] Heap address: 0x00000000c0000000, size: 1024 MB, Compressed Oops mode: 32-bit
[2024-11-19T10:24:59.665+0100][gc,cds       ] Mark closed archive regions in map: [0x00000000fff00000, 0x00000000fff6bff8]
[2024-11-19T10:24:59.665+0100][gc,cds       ] Mark open archive regions in map: [0x00000000ffe00000, 0x00000000ffe47ff8]
[2024-11-19T10:25:00.517+0100][gc,start     ] GC(0) Pause Young (Normal) (G1 Evacuation Pause)
[2024-11-19T10:25:00.518+0100][gc,task      ] GC(0) Using 10 workers of 10 for evacuation
[2024-11-19T10:25:00.532+0100][gc,phases    ] GC(0)   Pre Evacuate Collection Set: 0.0ms
[2024-11-19T10:25:00.532+0100][gc,phases    ] GC(0)   Evacuate Collection Set: 12.1ms
[2024-11-19T10:25:00.532+0100][gc,phases    ] GC(0)   Post Evacuate Collection Set: 1.1ms
[2024-11-19T10:25:00.532+0100][gc,phases    ] GC(0)   Other: 1.7ms
[2024-11-19T10:25:00.532+0100][gc,heap      ] GC(0) Eden regions: 51->0(44)
[2024-11-19T10:25:00.532+0100][gc,heap      ] GC(0) Survivor regions: 0->7(7)
[2024-11-19T10:25:00.532+0100][gc,heap      ] GC(0) Old regions: 2->3
[2024-11-19T10:25:00.532+0100][gc,heap      ] GC(0) Humongous regions: 0->0
[2024-11-19T10:25:00.532+0100][gc,metaspace ] GC(0) Metaspace: 13039K(13696K)->13039K(13696K) NonClass: 11385K(11776K)->11385K(11776K) Class: 1654K(1920K)->1654K(1920K)
[2024-11-19T10:25:00.532+0100][gc           ] GC(0) Pause Young (Normal) (G1 Evacuation Pause) 51M->8M(1024M) 15.183ms
[2024-11-19T10:25:00.532+0100][gc,cpu       ] GC(0) User=0.11s Sys=0.01s Real=0.02s
[2024-11-19T10:25:01.150+0100][gc,start     ] GC(1) Pause Young (Concurrent Start) (Metadata GC Threshold)
[2024-11-19T10:25:01.150+0100][gc,task      ] GC(1) Using 10 workers of 10 for evacuation
[2024-11-19T10:25:01.163+0100][gc,phases    ] GC(1)   Pre Evacuate Collection Set: 0.1ms
[2024-11-19T10:25:01.163+0100][gc,phases    ] GC(1)   Evacuate Collection Set: 12.5ms
[2024-11-19T10:25:01.163+0100][gc,phases    ] GC(1)   Post Evacuate Collection Set: 0.8ms
[2024-11-19T10:25:01.164+0100][gc,phases    ] GC(1)   Other: 0.4ms
[2024-11-19T10:25:01.164+0100][gc,heap      ] GC(1) Eden regions: 38->0(49)
[2024-11-19T10:25:01.164+0100][gc,heap      ] GC(1) Survivor regions: 7->2(7)
[2024-11-19T10:25:01.164+0100][gc,heap      ] GC(1) Old regions: 3->10
[2024-11-19T10:25:01.164+0100][gc,heap      ] GC(1) Humongous regions: 0->0
[2024-11-19T10:25:01.164+0100][gc,metaspace ] GC(1) Metaspace: 20667K(21296K)->20667K(21296K) NonClass: 18111K(18480K)->18111K(18480K) Class: 2556K(2816K)->2556K(2816K)
[2024-11-19T10:25:01.164+0100][gc           ] GC(1) Pause Young (Concurrent Start) (Metadata GC Threshold) 46M->9M(1024M) 13.993ms
[2024-11-19T10:25:01.164+0100][gc,cpu       ] GC(1) User=0.05s Sys=0.01s Real=0.02s
[2024-11-19T10:25:01.164+0100][gc           ] GC(2) Concurrent Cycle
[2024-11-19T10:25:01.164+0100][gc,marking   ] GC(2) Concurrent Clear Claimed Marks
[2024-11-19T10:25:01.164+0100][gc,marking   ] GC(2) Concurrent Clear Claimed Marks 0.061ms
[2024-11-19T10:25:01.164+0100][gc,marking   ] GC(2) Concurrent Scan Root Regions
[2024-11-19T10:25:01.166+0100][gc,marking   ] GC(2) Concurrent Scan Root Regions 1.894ms
[2024-11-19T10:25:01.166+0100][gc,marking   ] GC(2) Concurrent Mark (1.517s)
[2024-11-19T10:25:01.166+0100][gc,marking   ] GC(2) Concurrent Mark From Roots
[2024-11-19T10:25:01.166+0100][gc,task      ] GC(2) Using 3 workers of 3 for marking
[2024-11-19T10:25:01.172+0100][gc,marking   ] GC(2) Concurrent Mark From Roots 6.682ms
[2024-11-19T10:25:01.172+0100][gc,marking   ] GC(2) Concurrent Preclean
[2024-11-19T10:25:01.173+0100][gc,marking   ] GC(2) Concurrent Preclean 0.201ms
[2024-11-19T10:25:01.173+0100][gc,marking   ] GC(2) Concurrent Mark (1.517s, 1.524s) 6.966ms
[2024-11-19T10:25:01.173+0100][gc,start     ] GC(2) Pause Remark
[2024-11-19T10:25:01.175+0100][gc,stringtable] GC(2) Cleaned string and symbol table, strings: 5905 processed, 0 removed, symbols: 54880 processed, 49 removed
[2024-11-19T10:25:01.176+0100][gc            ] GC(2) Pause Remark 10M->10M(1024M) 2.683ms
[2024-11-19T10:25:01.176+0100][gc,cpu        ] GC(2) User=0.01s Sys=0.00s Real=0.00s
[2024-11-19T10:25:01.176+0100][gc,marking    ] GC(2) Concurrent Rebuild Remembered Sets
[2024-11-19T10:25:01.179+0100][gc,marking    ] GC(2) Concurrent Rebuild Remembered Sets 3.619ms
[2024-11-19T10:25:01.180+0100][gc,start      ] GC(2) Pause Cleanup
[2024-11-19T10:25:01.180+0100][gc            ] GC(2) Pause Cleanup 10M->10M(1024M) 0.332ms
[2024-11-19T10:25:01.180+0100][gc,cpu        ] GC(2) User=0.00s Sys=0.00s Real=0.00s
[2024-11-19T10:25:01.180+0100][gc,marking    ] GC(2) Concurrent Cleanup for Next Mark
[2024-11-19T10:25:01.186+0100][gc,marking    ] GC(2) Concurrent Cleanup for Next Mark 5.670ms
[2024-11-19T10:25:01.186+0100][gc            ] GC(2) Concurrent Cycle 22.105ms
[2024-11-19T10:25:01.716+0100][gc,start      ] GC(3) Pause Young (Normal) (G1 Evacuation Pause)
[2024-11-19T10:25:01.716+0100][gc,task       ] GC(3) Using 10 workers of 10 for evacuation
[2024-11-19T10:25:01.719+0100][gc,phases     ] GC(3)   Pre Evacuate Collection Set: 0.0ms
[2024-11-19T10:25:01.719+0100][gc,phases     ] GC(3)   Evacuate Collection Set: 2.1ms
[2024-11-19T10:25:01.719+0100][gc,phases     ] GC(3)   Post Evacuate Collection Set: 0.6ms
[2024-11-19T10:25:01.719+0100][gc,phases     ] GC(3)   Other: 0.2ms
[2024-11-19T10:25:01.719+0100][gc,heap       ] GC(3) Eden regions: 49->0(47)
[2024-11-19T10:25:01.719+0100][gc,heap       ] GC(3) Survivor regions: 2->4(7)
[2024-11-19T10:25:01.719+0100][gc,heap       ] GC(3) Old regions: 10->10
[2024-11-19T10:25:01.719+0100][gc,heap       ] GC(3) Humongous regions: 129->129
[2024-11-19T10:25:01.719+0100][gc,metaspace  ] GC(3) Metaspace: 29314K(30464K)->29314K(30464K) NonClass: 25922K(26624K)->25922K(26624K) Class: 3391K(3840K)->3391K(3840K)
[2024-11-19T10:25:01.719+0100][gc            ] GC(3) Pause Young (Normal) (G1 Evacuation Pause) 187M->141M(1024M) 2.943ms
[2024-11-19T10:25:01.719+0100][gc,cpu        ] GC(3) User=0.02s Sys=0.00s Real=0.00s
[2024-11-19T10:25:02.112+0100][gc,start      ] GC(4) Pause Young (Concurrent Start) (Metadata GC Threshold)
[2024-11-19T10:25:02.112+0100][gc,task       ] GC(4) Using 10 workers of 10 for evacuation
[2024-11-19T10:25:02.118+0100][gc,phases     ] GC(4)   Pre Evacuate Collection Set: 0.2ms
[2024-11-19T10:25:02.118+0100][gc,phases     ] GC(4)   Evacuate Collection Set: 4.6ms
[2024-11-19T10:25:02.118+0100][gc,phases     ] GC(4)   Post Evacuate Collection Set: 0.9ms
[2024-11-19T10:25:02.118+0100][gc,phases     ] GC(4)   Other: 0.4ms
[2024-11-19T10:25:02.118+0100][gc,heap       ] GC(4) Eden regions: 33->0(44)
[2024-11-19T10:25:02.118+0100][gc,heap       ] GC(4) Survivor regions: 4->7(7)
[2024-11-19T10:25:02.118+0100][gc,heap       ] GC(4) Old regions: 10->10
[2024-11-19T10:25:02.118+0100][gc,heap       ] GC(4) Humongous regions: 129->129
[2024-11-19T10:25:02.118+0100][gc,metaspace  ] GC(4) Metaspace: 34544K(35840K)->34544K(35840K) NonClass: 30600K(31232K)->30600K(31232K) Class: 3943K(4608K)->3943K(4608K)
[2024-11-19T10:25:02.118+0100][gc            ] GC(4) Pause Young (Concurrent Start) (Metadata GC Threshold) 173M->144M(1024M) 6.195ms
[2024-11-19T10:25:02.118+0100][gc,cpu        ] GC(4) User=0.05s Sys=0.01s Real=0.00s
[2024-11-19T10:25:02.118+0100][gc            ] GC(5) Concurrent Cycle
[2024-11-19T10:25:02.118+0100][gc,marking    ] GC(5) Concurrent Clear Claimed Marks
[2024-11-19T10:25:02.119+0100][gc,marking    ] GC(5) Concurrent Clear Claimed Marks 0.254ms
[2024-11-19T10:25:02.119+0100][gc,marking    ] GC(5) Concurrent Scan Root Regions
[2024-11-19T10:25:02.123+0100][gc,marking    ] GC(5) Concurrent Scan Root Regions 4.217ms
[2024-11-19T10:25:02.123+0100][gc,marking    ] GC(5) Concurrent Mark (2.474s)
[2024-11-19T10:25:02.123+0100][gc,marking    ] GC(5) Concurrent Mark From Roots
[2024-11-19T10:25:02.123+0100][gc,task       ] GC(5) Using 3 workers of 3 for marking
[2024-11-19T10:25:02.131+0100][gc,marking    ] GC(5) Concurrent Mark From Roots 7.740ms
[2024-11-19T10:25:02.131+0100][gc,marking    ] GC(5) Concurrent Preclean
[2024-11-19T10:25:02.131+0100][gc,marking    ] GC(5) Concurrent Preclean 0.351ms
[2024-11-19T10:25:02.131+0100][gc,marking    ] GC(5) Concurrent Mark (2.474s, 2.483s) 8.215ms
[2024-11-19T10:25:02.131+0100][gc,start      ] GC(5) Pause Remark
[2024-11-19T10:25:02.136+0100][gc,stringtable] GC(5) Cleaned string and symbol table, strings: 11774 processed, 10 removed, symbols: 87635 processed, 14 removed
[2024-11-19T10:25:02.136+0100][gc            ] GC(5) Pause Remark 146M->146M(1024M) 4.989ms
[2024-11-19T10:25:02.137+0100][gc,cpu        ] GC(5) User=0.03s Sys=0.00s Real=0.00s
[2024-11-19T10:25:02.137+0100][gc,marking    ] GC(5) Concurrent Rebuild Remembered Sets
[2024-11-19T10:25:02.141+0100][gc,marking    ] GC(5) Concurrent Rebuild Remembered Sets 4.256ms
[2024-11-19T10:25:02.151+0100][gc,start      ] GC(5) Pause Cleanup
[2024-11-19T10:25:02.151+0100][gc            ] GC(5) Pause Cleanup 146M->146M(1024M) 0.333ms
[2024-11-19T10:25:02.151+0100][gc,cpu        ] GC(5) User=0.00s Sys=0.00s Real=0.00s
[2024-11-19T10:25:02.151+0100][gc,marking    ] GC(5) Concurrent Cleanup for Next Mark
[2024-11-19T10:25:02.157+0100][gc,marking    ] GC(5) Concurrent Cleanup for Next Mark 5.197ms
[2024-11-19T10:25:02.157+0100][gc            ] GC(5) Concurrent Cycle 38.629ms
[2024-11-19T10:26:31.399+0100][gc,start      ] GC(6) Pause Young (Normal) (G1 Evacuation Pause)
[2024-11-19T10:26:31.399+0100][gc,task       ] GC(6) Using 10 workers of 10 for evacuation
[2024-11-19T10:26:31.411+0100][gc,phases     ] GC(6)   Pre Evacuate Collection Set: 0.1ms
[2024-11-19T10:26:31.411+0100][gc,phases     ] GC(6)   Evacuate Collection Set: 9.2ms
[2024-11-19T10:26:31.411+0100][gc,phases     ] GC(6)   Post Evacuate Collection Set: 2.2ms
[2024-11-19T10:26:31.411+0100][gc,phases     ] GC(6)   Other: 0.6ms
[2024-11-19T10:26:31.411+0100][gc,heap       ] GC(6) Eden regions: 44->0(45)
[2024-11-19T10:26:31.411+0100][gc,heap       ] GC(6) Survivor regions: 7->6(7)
[2024-11-19T10:26:31.411+0100][gc,heap       ] GC(6) Old regions: 10->14
[2024-11-19T10:26:31.411+0100][gc,heap       ] GC(6) Humongous regions: 129->129
[2024-11-19T10:26:31.411+0100][gc,metaspace  ] GC(6) Metaspace: 42325K(44672K)->42325K(44672K) NonClass: 36938K(38144K)->36938K(38144K) Class: 5387K(6528K)->5387K(6528K)
[2024-11-19T10:26:31.411+0100][gc            ] GC(6) Pause Young (Normal) (G1 Evacuation Pause) 188M->146M(1024M) 12.343ms
[2024-11-19T10:26:31.411+0100][gc,cpu        ] GC(6) User=0.08s Sys=0.01s Real=0.01s
[2024-11-19T11:12:29.171+0100][gc,start      ] GC(7) Pause Young (Normal) (G1 Evacuation Pause)
[2024-11-19T11:12:29.171+0100][gc,task       ] GC(7) Using 10 workers of 10 for evacuation
[2024-11-19T11:12:29.176+0100][gc,phases     ] GC(7)   Pre Evacuate Collection Set: 0.0ms
[2024-11-19T11:12:29.176+0100][gc,phases     ] GC(7)   Evacuate Collection Set: 4.0ms
[2024-11-19T11:12:29.177+0100][gc,phases     ] GC(7)   Post Evacuate Collection Set: 1.0ms
[2024-11-19T11:12:29.177+0100][gc,phases     ] GC(7)   Other: 0.2ms
[2024-11-19T11:12:29.177+0100][gc,heap       ] GC(7) Eden regions: 45->0(48)
[2024-11-19T11:12:29.177+0100][gc,heap       ] GC(7) Survivor regions: 6->3(7)
[2024-11-19T11:12:29.177+0100][gc,heap       ] GC(7) Old regions: 14->16
[2024-11-19T11:12:29.177+0100][gc,heap       ] GC(7) Humongous regions: 129->129
[2024-11-19T11:12:29.177+0100][gc,metaspace  ] GC(7) Metaspace: 43909K(46592K)->43909K(46592K) NonClass: 38262K(39680K)->38262K(39680K) Class: 5646K(6912K)->5646K(6912K)
[2024-11-19T11:12:29.177+0100][gc            ] GC(7) Pause Young (Normal) (G1 Evacuation Pause) 191M->145M(1024M) 5.446ms
[2024-11-19T11:12:29.177+0100][gc,cpu        ] GC(7) User=0.05s Sys=0.00s Real=0.01s
[2024-11-19T11:12:29.187+0100][gc,heap,exit  ] Heap
[2024-11-19T11:12:29.187+0100][gc,heap,exit  ]  garbage-first heap   total 1048576K, used 148997K [0x00000000c0000000, 0x0000000100000000)
[2024-11-19T11:12:29.187+0100][gc,heap,exit  ]   region size 1024K, 4 young (4096K), 3 survivors (3072K)
[2024-11-19T11:12:29.187+0100][gc,heap,exit  ]  Metaspace       used 43941K, capacity 46450K, committed 46592K, reserved 1089536K
[2024-11-19T11:12:29.187+0100][gc,heap,exit  ]   class space    used 5656K, capacity 6881K, committed 6912K, reserved 1048576K
