[2024-11-14T17:47:49.104+0100][gc,heap] Heap region size: 1M
[2024-11-14T17:47:49.109+0100][gc     ] Using G1
[2024-11-14T17:47:49.109+0100][gc,heap,coops] Heap address: 0x00000000c0000000, size: 1024 MB, Compressed Oops mode: 32-bit
[2024-11-14T17:47:49.110+0100][gc,cds       ] Mark closed archive regions in map: [0x00000000fff00000, 0x00000000fff6bff8]
[2024-11-14T17:47:49.110+0100][gc,cds       ] Mark open archive regions in map: [0x00000000ffe00000, 0x00000000ffe47ff8]
[2024-11-14T17:47:49.503+0100][gc,start     ] GC(0) Pause Young (Normal) (G1 Evacuation Pause)
[2024-11-14T17:47:49.504+0100][gc,task      ] GC(0) Using 10 workers of 10 for evacuation
[2024-11-14T17:47:49.507+0100][gc,phases    ] GC(0)   Pre Evacuate Collection Set: 0.0ms
[2024-11-14T17:47:49.507+0100][gc,phases    ] GC(0)   Evacuate Collection Set: 3.1ms
[2024-11-14T17:47:49.507+0100][gc,phases    ] GC(0)   Post Evacuate Collection Set: 0.3ms
[2024-11-14T17:47:49.507+0100][gc,phases    ] GC(0)   Other: 0.8ms
[2024-11-14T17:47:49.507+0100][gc,heap      ] GC(0) Eden regions: 51->0(44)
[2024-11-14T17:47:49.507+0100][gc,heap      ] GC(0) Survivor regions: 0->7(7)
[2024-11-14T17:47:49.507+0100][gc,heap      ] GC(0) Old regions: 2->3
[2024-11-14T17:47:49.507+0100][gc,heap      ] GC(0) Humongous regions: 0->0
[2024-11-14T17:47:49.507+0100][gc,metaspace ] GC(0) Metaspace: 13036K(13696K)->13036K(13696K) NonClass: 11382K(11776K)->11382K(11776K) Class: 1654K(1920K)->1654K(1920K)
[2024-11-14T17:47:49.508+0100][gc           ] GC(0) Pause Young (Normal) (G1 Evacuation Pause) 51M->8M(1024M) 4.253ms
[2024-11-14T17:47:49.508+0100][gc,cpu       ] GC(0) User=0.03s Sys=0.00s Real=0.00s
[2024-11-14T17:47:49.805+0100][gc,start     ] GC(1) Pause Young (Concurrent Start) (Metadata GC Threshold)
[2024-11-14T17:47:49.805+0100][gc,task      ] GC(1) Using 10 workers of 10 for evacuation
[2024-11-14T17:47:49.811+0100][gc,phases    ] GC(1)   Pre Evacuate Collection Set: 0.1ms
[2024-11-14T17:47:49.811+0100][gc,phases    ] GC(1)   Evacuate Collection Set: 5.6ms
[2024-11-14T17:47:49.811+0100][gc,phases    ] GC(1)   Post Evacuate Collection Set: 0.5ms
[2024-11-14T17:47:49.811+0100][gc,phases    ] GC(1)   Other: 0.3ms
[2024-11-14T17:47:49.811+0100][gc,heap      ] GC(1) Eden regions: 38->0(49)
[2024-11-14T17:47:49.811+0100][gc,heap      ] GC(1) Survivor regions: 7->2(7)
[2024-11-14T17:47:49.811+0100][gc,heap      ] GC(1) Old regions: 3->10
[2024-11-14T17:47:49.811+0100][gc,heap      ] GC(1) Humongous regions: 0->0
[2024-11-14T17:47:49.811+0100][gc,metaspace ] GC(1) Metaspace: 20669K(21248K)->20669K(21248K) NonClass: 18114K(18432K)->18114K(18432K) Class: 2555K(2816K)->2555K(2816K)
[2024-11-14T17:47:49.811+0100][gc           ] GC(1) Pause Young (Concurrent Start) (Metadata GC Threshold) 45M->9M(1024M) 6.483ms
[2024-11-14T17:47:49.811+0100][gc,cpu       ] GC(1) User=0.03s Sys=0.00s Real=0.01s
[2024-11-14T17:47:49.811+0100][gc           ] GC(2) Concurrent Cycle
[2024-11-14T17:47:49.811+0100][gc,marking   ] GC(2) Concurrent Clear Claimed Marks
[2024-11-14T17:47:49.811+0100][gc,marking   ] GC(2) Concurrent Clear Claimed Marks 0.060ms
[2024-11-14T17:47:49.811+0100][gc,marking   ] GC(2) Concurrent Scan Root Regions
[2024-11-14T17:47:49.812+0100][gc,marking   ] GC(2) Concurrent Scan Root Regions 0.904ms
[2024-11-14T17:47:49.812+0100][gc,marking   ] GC(2) Concurrent Mark (0.711s)
[2024-11-14T17:47:49.812+0100][gc,marking   ] GC(2) Concurrent Mark From Roots
[2024-11-14T17:47:49.812+0100][gc,task      ] GC(2) Using 3 workers of 3 for marking
[2024-11-14T17:47:49.814+0100][gc,marking   ] GC(2) Concurrent Mark From Roots 2.417ms
[2024-11-14T17:47:49.815+0100][gc,marking   ] GC(2) Concurrent Preclean
[2024-11-14T17:47:49.815+0100][gc,marking   ] GC(2) Concurrent Preclean 0.080ms
[2024-11-14T17:47:49.815+0100][gc,marking   ] GC(2) Concurrent Mark (0.711s, 0.713s) 2.528ms
[2024-11-14T17:47:49.815+0100][gc,start     ] GC(2) Pause Remark
[2024-11-14T17:47:49.816+0100][gc,stringtable] GC(2) Cleaned string and symbol table, strings: 5898 processed, 0 removed, symbols: 54820 processed, 49 removed
[2024-11-14T17:47:49.816+0100][gc            ] GC(2) Pause Remark 10M->10M(1024M) 1.434ms
[2024-11-14T17:47:49.816+0100][gc,cpu        ] GC(2) User=0.01s Sys=0.00s Real=0.00s
[2024-11-14T17:47:49.816+0100][gc,marking    ] GC(2) Concurrent Rebuild Remembered Sets
[2024-11-14T17:47:49.818+0100][gc,marking    ] GC(2) Concurrent Rebuild Remembered Sets 1.448ms
[2024-11-14T17:47:49.818+0100][gc,start      ] GC(2) Pause Cleanup
[2024-11-14T17:47:49.818+0100][gc            ] GC(2) Pause Cleanup 10M->10M(1024M) 0.097ms
[2024-11-14T17:47:49.818+0100][gc,cpu        ] GC(2) User=0.00s Sys=0.00s Real=0.00s
[2024-11-14T17:47:49.818+0100][gc,marking    ] GC(2) Concurrent Cleanup for Next Mark
[2024-11-14T17:47:49.820+0100][gc,marking    ] GC(2) Concurrent Cleanup for Next Mark 2.418ms
[2024-11-14T17:47:49.820+0100][gc            ] GC(2) Concurrent Cycle 9.337ms
[2024-11-14T17:47:50.102+0100][gc,start      ] GC(3) Pause Young (Normal) (G1 Evacuation Pause)
[2024-11-14T17:47:50.103+0100][gc,task       ] GC(3) Using 10 workers of 10 for evacuation
[2024-11-14T17:47:50.104+0100][gc,phases     ] GC(3)   Pre Evacuate Collection Set: 0.0ms
[2024-11-14T17:47:50.104+0100][gc,phases     ] GC(3)   Evacuate Collection Set: 1.4ms
[2024-11-14T17:47:50.104+0100][gc,phases     ] GC(3)   Post Evacuate Collection Set: 0.2ms
[2024-11-14T17:47:50.104+0100][gc,phases     ] GC(3)   Other: 0.1ms
[2024-11-14T17:47:50.104+0100][gc,heap       ] GC(3) Eden regions: 49->0(47)
[2024-11-14T17:47:50.104+0100][gc,heap       ] GC(3) Survivor regions: 2->4(7)
[2024-11-14T17:47:50.104+0100][gc,heap       ] GC(3) Old regions: 10->10
[2024-11-14T17:47:50.104+0100][gc,heap       ] GC(3) Humongous regions: 129->129
[2024-11-14T17:47:50.104+0100][gc,metaspace  ] GC(3) Metaspace: 29300K(30464K)->29300K(30464K) NonClass: 25910K(26624K)->25910K(26624K) Class: 3389K(3840K)->3389K(3840K)
[2024-11-14T17:47:50.104+0100][gc            ] GC(3) Pause Young (Normal) (G1 Evacuation Pause) 187M->140M(1024M) 1.799ms
[2024-11-14T17:47:50.104+0100][gc,cpu        ] GC(3) User=0.01s Sys=0.00s Real=0.00s
[2024-11-14T17:47:50.298+0100][gc,start      ] GC(4) Pause Young (Concurrent Start) (Metadata GC Threshold)
[2024-11-14T17:47:50.298+0100][gc,task       ] GC(4) Using 10 workers of 10 for evacuation
[2024-11-14T17:47:50.300+0100][gc,phases     ] GC(4)   Pre Evacuate Collection Set: 0.1ms
[2024-11-14T17:47:50.300+0100][gc,phases     ] GC(4)   Evacuate Collection Set: 2.0ms
[2024-11-14T17:47:50.300+0100][gc,phases     ] GC(4)   Post Evacuate Collection Set: 0.2ms
[2024-11-14T17:47:50.300+0100][gc,phases     ] GC(4)   Other: 0.2ms
[2024-11-14T17:47:50.300+0100][gc,heap       ] GC(4) Eden regions: 32->0(44)
[2024-11-14T17:47:50.300+0100][gc,heap       ] GC(4) Survivor regions: 4->7(7)
[2024-11-14T17:47:50.300+0100][gc,heap       ] GC(4) Old regions: 10->10
[2024-11-14T17:47:50.300+0100][gc,heap       ] GC(4) Humongous regions: 129->129
[2024-11-14T17:47:50.300+0100][gc,metaspace  ] GC(4) Metaspace: 34486K(35840K)->34486K(35840K) NonClass: 30546K(31232K)->30546K(31232K) Class: 3940K(4608K)->3940K(4608K)
[2024-11-14T17:47:50.300+0100][gc            ] GC(4) Pause Young (Concurrent Start) (Metadata GC Threshold) 172M->144M(1024M) 2.712ms
[2024-11-14T17:47:50.300+0100][gc,cpu        ] GC(4) User=0.02s Sys=0.00s Real=0.01s
[2024-11-14T17:47:50.300+0100][gc            ] GC(5) Concurrent Cycle
[2024-11-14T17:47:50.300+0100][gc,marking    ] GC(5) Concurrent Clear Claimed Marks
[2024-11-14T17:47:50.300+0100][gc,marking    ] GC(5) Concurrent Clear Claimed Marks 0.124ms
[2024-11-14T17:47:50.300+0100][gc,marking    ] GC(5) Concurrent Scan Root Regions
[2024-11-14T17:47:50.302+0100][gc,marking    ] GC(5) Concurrent Scan Root Regions 1.614ms
[2024-11-14T17:47:50.302+0100][gc,marking    ] GC(5) Concurrent Mark (1.201s)
[2024-11-14T17:47:50.302+0100][gc,marking    ] GC(5) Concurrent Mark From Roots
[2024-11-14T17:47:50.302+0100][gc,task       ] GC(5) Using 3 workers of 3 for marking
[2024-11-14T17:47:50.305+0100][gc,marking    ] GC(5) Concurrent Mark From Roots 3.204ms
[2024-11-14T17:47:50.305+0100][gc,marking    ] GC(5) Concurrent Preclean
[2024-11-14T17:47:50.305+0100][gc,marking    ] GC(5) Concurrent Preclean 0.107ms
[2024-11-14T17:47:50.305+0100][gc,marking    ] GC(5) Concurrent Mark (1.201s, 1.204s) 3.375ms
[2024-11-14T17:47:50.306+0100][gc,start      ] GC(5) Pause Remark
[2024-11-14T17:47:50.307+0100][gc,stringtable] GC(5) Cleaned string and symbol table, strings: 11727 processed, 10 removed, symbols: 87159 processed, 14 removed
[2024-11-14T17:47:50.307+0100][gc            ] GC(5) Pause Remark 145M->145M(1024M) 1.254ms
[2024-11-14T17:47:50.307+0100][gc,cpu        ] GC(5) User=0.01s Sys=0.00s Real=0.00s
[2024-11-14T17:47:50.307+0100][gc,marking    ] GC(5) Concurrent Rebuild Remembered Sets
[2024-11-14T17:47:50.308+0100][gc,marking    ] GC(5) Concurrent Rebuild Remembered Sets 1.574ms
[2024-11-14T17:47:50.309+0100][gc,start      ] GC(5) Pause Cleanup
[2024-11-14T17:47:50.309+0100][gc            ] GC(5) Pause Cleanup 145M->145M(1024M) 0.139ms
[2024-11-14T17:47:50.309+0100][gc,cpu        ] GC(5) User=0.00s Sys=0.00s Real=0.00s
[2024-11-14T17:47:50.309+0100][gc,marking    ] GC(5) Concurrent Cleanup for Next Mark
[2024-11-14T17:47:50.312+0100][gc,marking    ] GC(5) Concurrent Cleanup for Next Mark 2.628ms
[2024-11-14T17:47:50.312+0100][gc            ] GC(5) Concurrent Cycle 11.790ms
[2024-11-14T17:51:19.575+0100][gc,start      ] GC(6) Pause Young (Normal) (G1 Evacuation Pause)
[2024-11-14T17:51:19.575+0100][gc,task       ] GC(6) Using 10 workers of 10 for evacuation
[2024-11-14T17:51:19.584+0100][gc,phases     ] GC(6)   Pre Evacuate Collection Set: 0.0ms
[2024-11-14T17:51:19.584+0100][gc,phases     ] GC(6)   Evacuate Collection Set: 8.0ms
[2024-11-14T17:51:19.584+0100][gc,phases     ] GC(6)   Post Evacuate Collection Set: 0.6ms
[2024-11-14T17:51:19.584+0100][gc,phases     ] GC(6)   Other: 0.2ms
[2024-11-14T17:51:19.584+0100][gc,heap       ] GC(6) Eden regions: 44->0(45)
[2024-11-14T17:51:19.584+0100][gc,heap       ] GC(6) Survivor regions: 7->6(7)
[2024-11-14T17:51:19.584+0100][gc,heap       ] GC(6) Old regions: 10->13
[2024-11-14T17:51:19.584+0100][gc,heap       ] GC(6) Humongous regions: 129->129
[2024-11-14T17:51:19.584+0100][gc,metaspace  ] GC(6) Metaspace: 42351K(44928K)->42351K(44928K) NonClass: 36820K(38144K)->36820K(38144K) Class: 5531K(6784K)->5531K(6784K)
[2024-11-14T17:51:19.584+0100][gc            ] GC(6) Pause Young (Normal) (G1 Evacuation Pause) 188M->146M(1024M) 8.818ms
[2024-11-14T17:51:19.584+0100][gc,cpu        ] GC(6) User=0.06s Sys=0.00s Real=0.01s
[2024-11-14T18:42:14.576+0100][gc,start      ] GC(7) Pause Young (Normal) (G1 Evacuation Pause)
[2024-11-14T18:42:14.576+0100][gc,task       ] GC(7) Using 10 workers of 10 for evacuation
[2024-11-14T18:42:14.578+0100][gc,phases     ] GC(7)   Pre Evacuate Collection Set: 0.0ms
[2024-11-14T18:42:14.578+0100][gc,phases     ] GC(7)   Evacuate Collection Set: 1.9ms
[2024-11-14T18:42:14.578+0100][gc,phases     ] GC(7)   Post Evacuate Collection Set: 0.3ms
[2024-11-14T18:42:14.578+0100][gc,phases     ] GC(7)   Other: 0.2ms
[2024-11-14T18:42:14.578+0100][gc,heap       ] GC(7) Eden regions: 45->0(48)
[2024-11-14T18:42:14.578+0100][gc,heap       ] GC(7) Survivor regions: 6->3(7)
[2024-11-14T18:42:14.578+0100][gc,heap       ] GC(7) Old regions: 13->17
[2024-11-14T18:42:14.578+0100][gc,heap       ] GC(7) Humongous regions: 129->129
[2024-11-14T18:42:14.578+0100][gc,metaspace  ] GC(7) Metaspace: 43431K(46080K)->43431K(46080K) NonClass: 37795K(39168K)->37795K(39168K) Class: 5636K(6912K)->5636K(6912K)
[2024-11-14T18:42:14.578+0100][gc            ] GC(7) Pause Young (Normal) (G1 Evacuation Pause) 191M->146M(1024M) 2.470ms
[2024-11-14T18:42:14.578+0100][gc,cpu        ] GC(7) User=0.02s Sys=0.00s Real=0.00s
[2024-11-14T18:55:44.027+0100][gc,start      ] GC(8) Pause Young (Normal) (G1 Evacuation Pause)
[2024-11-14T18:55:44.027+0100][gc,task       ] GC(8) Using 10 workers of 10 for evacuation
[2024-11-14T18:55:44.031+0100][gc,phases     ] GC(8)   Pre Evacuate Collection Set: 0.0ms
[2024-11-14T18:55:44.031+0100][gc,phases     ] GC(8)   Evacuate Collection Set: 2.2ms
[2024-11-14T18:55:44.031+0100][gc,phases     ] GC(8)   Post Evacuate Collection Set: 1.0ms
[2024-11-14T18:55:44.031+0100][gc,phases     ] GC(8)   Other: 0.2ms
[2024-11-14T18:55:44.031+0100][gc,heap       ] GC(8) Eden regions: 48->0(46)
[2024-11-14T18:55:44.031+0100][gc,heap       ] GC(8) Survivor regions: 3->5(7)
[2024-11-14T18:55:44.031+0100][gc,heap       ] GC(8) Old regions: 17->17
[2024-11-14T18:55:44.031+0100][gc,heap       ] GC(8) Humongous regions: 129->129
[2024-11-14T18:55:44.031+0100][gc,metaspace  ] GC(8) Metaspace: 45913K(49024K)->45913K(49024K) NonClass: 39854K(41472K)->39854K(41472K) Class: 6058K(7552K)->6058K(7552K)
[2024-11-14T18:55:44.031+0100][gc            ] GC(8) Pause Young (Normal) (G1 Evacuation Pause) 194M->148M(1024M) 3.618ms
[2024-11-14T18:55:44.031+0100][gc,cpu        ] GC(8) User=0.03s Sys=0.00s Real=0.01s
[2024-11-14T18:56:32.405+0100][gc,heap,exit  ] Heap
[2024-11-14T18:56:32.405+0100][gc,heap,exit  ]  garbage-first heap   total 1048576K, used 196486K [0x00000000c0000000, 0x0000000100000000)
[2024-11-14T18:56:32.405+0100][gc,heap,exit  ]   region size 1024K, 49 young (50176K), 5 survivors (5120K)
[2024-11-14T18:56:32.405+0100][gc,heap,exit  ]  Metaspace       used 49633K, capacity 53184K, committed 53248K, reserved 1093632K
[2024-11-14T18:56:32.405+0100][gc,heap,exit  ]   class space    used 6693K, capacity 8448K, committed 8448K, reserved 1048576K
