[2024-11-15T08:15:49.755+0100][gc,heap] Heap region size: 1M
[2024-11-15T08:15:49.768+0100][gc     ] Using G1
[2024-11-15T08:15:49.768+0100][gc,heap,coops] Heap address: 0x00000000c0000000, size: 1024 MB, Compressed Oops mode: 32-bit
[2024-11-15T08:15:49.769+0100][gc,cds       ] Mark closed archive regions in map: [0x00000000fff00000, 0x00000000fff6bff8]
[2024-11-15T08:15:49.769+0100][gc,cds       ] Mark open archive regions in map: [0x00000000ffe00000, 0x00000000ffe47ff8]
[2024-11-15T08:15:50.285+0100][gc,start     ] GC(0) Pause Young (Normal) (G1 Evacuation Pause)
[2024-11-15T08:15:50.286+0100][gc,task      ] GC(0) Using 10 workers of 10 for evacuation
[2024-11-15T08:15:50.294+0100][gc,phases    ] GC(0)   Pre Evacuate Collection Set: 0.0ms
[2024-11-15T08:15:50.294+0100][gc,phases    ] GC(0)   Evacuate Collection Set: 7.1ms
[2024-11-15T08:15:50.294+0100][gc,phases    ] GC(0)   Post Evacuate Collection Set: 0.7ms
[2024-11-15T08:15:50.294+0100][gc,phases    ] GC(0)   Other: 1.5ms
[2024-11-15T08:15:50.294+0100][gc,heap      ] GC(0) Eden regions: 51->0(44)
[2024-11-15T08:15:50.294+0100][gc,heap      ] GC(0) Survivor regions: 0->7(7)
[2024-11-15T08:15:50.294+0100][gc,heap      ] GC(0) Old regions: 2->3
[2024-11-15T08:15:50.294+0100][gc,heap      ] GC(0) Humongous regions: 0->0
[2024-11-15T08:15:50.294+0100][gc,metaspace ] GC(0) Metaspace: 13045K(13696K)->13045K(13696K) NonClass: 11390K(11776K)->11390K(11776K) Class: 1654K(1920K)->1654K(1920K)
[2024-11-15T08:15:50.294+0100][gc           ] GC(0) Pause Young (Normal) (G1 Evacuation Pause) 51M->8M(1024M) 9.501ms
[2024-11-15T08:15:50.294+0100][gc,cpu       ] GC(0) User=0.06s Sys=0.01s Real=0.01s
[2024-11-15T08:15:50.781+0100][gc,start     ] GC(1) Pause Young (Concurrent Start) (Metadata GC Threshold)
[2024-11-15T08:15:50.781+0100][gc,task      ] GC(1) Using 10 workers of 10 for evacuation
[2024-11-15T08:15:50.792+0100][gc,phases    ] GC(1)   Pre Evacuate Collection Set: 0.1ms
[2024-11-15T08:15:50.792+0100][gc,phases    ] GC(1)   Evacuate Collection Set: 9.8ms
[2024-11-15T08:15:50.792+0100][gc,phases    ] GC(1)   Post Evacuate Collection Set: 0.8ms
[2024-11-15T08:15:50.792+0100][gc,phases    ] GC(1)   Other: 0.3ms
[2024-11-15T08:15:50.792+0100][gc,heap      ] GC(1) Eden regions: 37->0(49)
[2024-11-15T08:15:50.792+0100][gc,heap      ] GC(1) Survivor regions: 7->2(7)
[2024-11-15T08:15:50.792+0100][gc,heap      ] GC(1) Old regions: 3->10
[2024-11-15T08:15:50.792+0100][gc,heap      ] GC(1) Humongous regions: 0->0
[2024-11-15T08:15:50.792+0100][gc,metaspace ] GC(1) Metaspace: 20646K(21248K)->20646K(21248K) NonClass: 18089K(18432K)->18089K(18432K) Class: 2556K(2816K)->2556K(2816K)
[2024-11-15T08:15:50.792+0100][gc           ] GC(1) Pause Young (Concurrent Start) (Metadata GC Threshold) 45M->9M(1024M) 11.062ms
[2024-11-15T08:15:50.792+0100][gc,cpu       ] GC(1) User=0.05s Sys=0.00s Real=0.01s
[2024-11-15T08:15:50.792+0100][gc           ] GC(2) Concurrent Cycle
[2024-11-15T08:15:50.792+0100][gc,marking   ] GC(2) Concurrent Clear Claimed Marks
[2024-11-15T08:15:50.792+0100][gc,marking   ] GC(2) Concurrent Clear Claimed Marks 0.059ms
[2024-11-15T08:15:50.792+0100][gc,marking   ] GC(2) Concurrent Scan Root Regions
[2024-11-15T08:15:50.794+0100][gc,marking   ] GC(2) Concurrent Scan Root Regions 1.392ms
[2024-11-15T08:15:50.794+0100][gc,marking   ] GC(2) Concurrent Mark (1.043s)
[2024-11-15T08:15:50.794+0100][gc,marking   ] GC(2) Concurrent Mark From Roots
[2024-11-15T08:15:50.794+0100][gc,task      ] GC(2) Using 3 workers of 3 for marking
[2024-11-15T08:15:50.799+0100][gc,marking   ] GC(2) Concurrent Mark From Roots 5.448ms
[2024-11-15T08:15:50.799+0100][gc,marking   ] GC(2) Concurrent Preclean
[2024-11-15T08:15:50.799+0100][gc,marking   ] GC(2) Concurrent Preclean 0.196ms
[2024-11-15T08:15:50.799+0100][gc,marking   ] GC(2) Concurrent Mark (1.043s, 1.048s) 5.713ms
[2024-11-15T08:15:50.800+0100][gc,start     ] GC(2) Pause Remark
[2024-11-15T08:15:50.803+0100][gc,stringtable] GC(2) Cleaned string and symbol table, strings: 5907 processed, 0 removed, symbols: 54907 processed, 49 removed
[2024-11-15T08:15:50.804+0100][gc            ] GC(2) Pause Remark 10M->10M(1024M) 4.009ms
[2024-11-15T08:15:50.804+0100][gc,cpu        ] GC(2) User=0.02s Sys=0.00s Real=0.01s
[2024-11-15T08:15:50.804+0100][gc,marking    ] GC(2) Concurrent Rebuild Remembered Sets
[2024-11-15T08:15:50.808+0100][gc,marking    ] GC(2) Concurrent Rebuild Remembered Sets 4.362ms
[2024-11-15T08:15:50.809+0100][gc,start      ] GC(2) Pause Cleanup
[2024-11-15T08:15:50.809+0100][gc            ] GC(2) Pause Cleanup 10M->10M(1024M) 0.322ms
[2024-11-15T08:15:50.809+0100][gc,cpu        ] GC(2) User=0.01s Sys=0.00s Real=0.00s
[2024-11-15T08:15:50.809+0100][gc,marking    ] GC(2) Concurrent Cleanup for Next Mark
[2024-11-15T08:15:50.815+0100][gc,marking    ] GC(2) Concurrent Cleanup for Next Mark 6.348ms
[2024-11-15T08:15:50.815+0100][gc            ] GC(2) Concurrent Cycle 23.357ms
[2024-11-15T08:15:51.261+0100][gc,start      ] GC(3) Pause Young (Normal) (G1 Evacuation Pause)
[2024-11-15T08:15:51.261+0100][gc,task       ] GC(3) Using 10 workers of 10 for evacuation
[2024-11-15T08:15:51.264+0100][gc,phases     ] GC(3)   Pre Evacuate Collection Set: 0.0ms
[2024-11-15T08:15:51.264+0100][gc,phases     ] GC(3)   Evacuate Collection Set: 2.5ms
[2024-11-15T08:15:51.264+0100][gc,phases     ] GC(3)   Post Evacuate Collection Set: 0.6ms
[2024-11-15T08:15:51.264+0100][gc,phases     ] GC(3)   Other: 0.2ms
[2024-11-15T08:15:51.264+0100][gc,heap       ] GC(3) Eden regions: 49->0(47)
[2024-11-15T08:15:51.264+0100][gc,heap       ] GC(3) Survivor regions: 2->4(7)
[2024-11-15T08:15:51.264+0100][gc,heap       ] GC(3) Old regions: 10->10
[2024-11-15T08:15:51.264+0100][gc,heap       ] GC(3) Humongous regions: 129->129
[2024-11-15T08:15:51.264+0100][gc,metaspace  ] GC(3) Metaspace: 29306K(30464K)->29306K(30464K) NonClass: 25912K(26624K)->25912K(26624K) Class: 3394K(3840K)->3394K(3840K)
[2024-11-15T08:15:51.264+0100][gc            ] GC(3) Pause Young (Normal) (G1 Evacuation Pause) 187M->140M(1024M) 3.439ms
[2024-11-15T08:15:51.264+0100][gc,cpu        ] GC(3) User=0.03s Sys=0.00s Real=0.01s
[2024-11-15T08:15:51.551+0100][gc,start      ] GC(4) Pause Young (Concurrent Start) (Metadata GC Threshold)
[2024-11-15T08:15:51.551+0100][gc,task       ] GC(4) Using 10 workers of 10 for evacuation
[2024-11-15T08:15:51.555+0100][gc,phases     ] GC(4)   Pre Evacuate Collection Set: 0.1ms
[2024-11-15T08:15:51.555+0100][gc,phases     ] GC(4)   Evacuate Collection Set: 3.4ms
[2024-11-15T08:15:51.555+0100][gc,phases     ] GC(4)   Post Evacuate Collection Set: 0.5ms
[2024-11-15T08:15:51.555+0100][gc,phases     ] GC(4)   Other: 0.2ms
[2024-11-15T08:15:51.555+0100][gc,heap       ] GC(4) Eden regions: 32->0(44)
[2024-11-15T08:15:51.555+0100][gc,heap       ] GC(4) Survivor regions: 4->7(7)
[2024-11-15T08:15:51.555+0100][gc,heap       ] GC(4) Old regions: 10->10
[2024-11-15T08:15:51.555+0100][gc,heap       ] GC(4) Humongous regions: 129->129
[2024-11-15T08:15:51.555+0100][gc,metaspace  ] GC(4) Metaspace: 34466K(35840K)->34466K(35840K) NonClass: 30540K(31232K)->30540K(31232K) Class: 3925K(4608K)->3925K(4608K)
[2024-11-15T08:15:51.555+0100][gc            ] GC(4) Pause Young (Concurrent Start) (Metadata GC Threshold) 172M->144M(1024M) 4.277ms
[2024-11-15T08:15:51.555+0100][gc,cpu        ] GC(4) User=0.03s Sys=0.00s Real=0.01s
[2024-11-15T08:15:51.555+0100][gc            ] GC(5) Concurrent Cycle
[2024-11-15T08:15:51.555+0100][gc,marking    ] GC(5) Concurrent Clear Claimed Marks
[2024-11-15T08:15:51.555+0100][gc,marking    ] GC(5) Concurrent Clear Claimed Marks 0.202ms
[2024-11-15T08:15:51.555+0100][gc,marking    ] GC(5) Concurrent Scan Root Regions
[2024-11-15T08:15:51.558+0100][gc,marking    ] GC(5) Concurrent Scan Root Regions 2.710ms
[2024-11-15T08:15:51.558+0100][gc,marking    ] GC(5) Concurrent Mark (1.807s)
[2024-11-15T08:15:51.558+0100][gc,marking    ] GC(5) Concurrent Mark From Roots
[2024-11-15T08:15:51.558+0100][gc,task       ] GC(5) Using 3 workers of 3 for marking
[2024-11-15T08:15:51.564+0100][gc,marking    ] GC(5) Concurrent Mark From Roots 5.785ms
[2024-11-15T08:15:51.564+0100][gc,marking    ] GC(5) Concurrent Preclean
[2024-11-15T08:15:51.564+0100][gc,marking    ] GC(5) Concurrent Preclean 0.201ms
[2024-11-15T08:15:51.564+0100][gc,marking    ] GC(5) Concurrent Mark (1.807s, 1.813s) 6.059ms
[2024-11-15T08:15:51.564+0100][gc,start      ] GC(5) Pause Remark
[2024-11-15T08:15:51.567+0100][gc,stringtable] GC(5) Cleaned string and symbol table, strings: 11755 processed, 11 removed, symbols: 87170 processed, 14 removed
[2024-11-15T08:15:51.567+0100][gc            ] GC(5) Pause Remark 145M->145M(1024M) 2.995ms
[2024-11-15T08:15:51.567+0100][gc,cpu        ] GC(5) User=0.02s Sys=0.00s Real=0.00s
[2024-11-15T08:15:51.567+0100][gc,marking    ] GC(5) Concurrent Rebuild Remembered Sets
[2024-11-15T08:15:51.572+0100][gc,marking    ] GC(5) Concurrent Rebuild Remembered Sets 4.037ms
[2024-11-15T08:15:51.572+0100][gc,start      ] GC(5) Pause Cleanup
[2024-11-15T08:15:51.572+0100][gc            ] GC(5) Pause Cleanup 145M->145M(1024M) 0.191ms
[2024-11-15T08:15:51.572+0100][gc,cpu        ] GC(5) User=0.00s Sys=0.00s Real=0.00s
[2024-11-15T08:15:51.572+0100][gc,marking    ] GC(5) Concurrent Cleanup for Next Mark
[2024-11-15T08:15:51.578+0100][gc,marking    ] GC(5) Concurrent Cleanup for Next Mark 6.011ms
[2024-11-15T08:15:51.578+0100][gc            ] GC(5) Concurrent Cycle 23.290ms
[2024-11-15T08:40:05.088+0100][gc,start      ] GC(6) Pause Young (Normal) (G1 Evacuation Pause)
[2024-11-15T08:40:05.088+0100][gc,task       ] GC(6) Using 10 workers of 10 for evacuation
[2024-11-15T08:40:05.098+0100][gc,phases     ] GC(6)   Pre Evacuate Collection Set: 0.0ms
[2024-11-15T08:40:05.098+0100][gc,phases     ] GC(6)   Evacuate Collection Set: 8.3ms
[2024-11-15T08:40:05.098+0100][gc,phases     ] GC(6)   Post Evacuate Collection Set: 0.8ms
[2024-11-15T08:40:05.098+0100][gc,phases     ] GC(6)   Other: 0.2ms
[2024-11-15T08:40:05.098+0100][gc,heap       ] GC(6) Eden regions: 44->0(45)
[2024-11-15T08:40:05.098+0100][gc,heap       ] GC(6) Survivor regions: 7->6(7)
[2024-11-15T08:40:05.098+0100][gc,heap       ] GC(6) Old regions: 10->13
[2024-11-15T08:40:05.098+0100][gc,heap       ] GC(6) Humongous regions: 129->129
[2024-11-15T08:40:05.098+0100][gc,metaspace  ] GC(6) Metaspace: 40595K(43008K)->40595K(43008K) NonClass: 35560K(36864K)->35560K(36864K) Class: 5034K(6144K)->5034K(6144K)
[2024-11-15T08:40:05.098+0100][gc            ] GC(6) Pause Young (Normal) (G1 Evacuation Pause) 188M->145M(1024M) 9.389ms
[2024-11-15T08:40:05.098+0100][gc,cpu        ] GC(6) User=0.07s Sys=0.00s Real=0.01s
[2024-11-15T08:41:55.049+0100][gc,start      ] GC(7) Pause Young (Normal) (G1 Evacuation Pause)
[2024-11-15T08:41:55.049+0100][gc,task       ] GC(7) Using 10 workers of 10 for evacuation
[2024-11-15T08:41:55.057+0100][gc,phases     ] GC(7)   Pre Evacuate Collection Set: 0.0ms
[2024-11-15T08:41:55.057+0100][gc,phases     ] GC(7)   Evacuate Collection Set: 5.2ms
[2024-11-15T08:41:55.057+0100][gc,phases     ] GC(7)   Post Evacuate Collection Set: 2.0ms
[2024-11-15T08:41:55.057+0100][gc,phases     ] GC(7)   Other: 0.4ms
[2024-11-15T08:41:55.057+0100][gc,heap       ] GC(7) Eden regions: 45->0(46)
[2024-11-15T08:41:55.057+0100][gc,heap       ] GC(7) Survivor regions: 6->5(7)
[2024-11-15T08:41:55.057+0100][gc,heap       ] GC(7) Old regions: 13->17
[2024-11-15T08:41:55.057+0100][gc,heap       ] GC(7) Humongous regions: 129->129
[2024-11-15T08:41:55.057+0100][gc,metaspace  ] GC(7) Metaspace: 45385K(48256K)->45385K(48256K) NonClass: 39531K(40960K)->39531K(40960K) Class: 5853K(7296K)->5853K(7296K)
[2024-11-15T08:41:55.057+0100][gc            ] GC(7) Pause Young (Normal) (G1 Evacuation Pause) 190M->148M(1024M) 7.826ms
[2024-11-15T08:41:55.057+0100][gc,cpu        ] GC(7) User=0.05s Sys=0.01s Real=0.01s
[2024-11-15T09:02:50.153+0100][gc,start      ] GC(8) Pause Young (Normal) (G1 Evacuation Pause)
[2024-11-15T09:02:50.153+0100][gc,task       ] GC(8) Using 10 workers of 10 for evacuation
[2024-11-15T09:02:50.158+0100][gc,phases     ] GC(8)   Pre Evacuate Collection Set: 0.0ms
[2024-11-15T09:02:50.158+0100][gc,phases     ] GC(8)   Evacuate Collection Set: 4.3ms
[2024-11-15T09:02:50.158+0100][gc,phases     ] GC(8)   Post Evacuate Collection Set: 1.0ms
[2024-11-15T09:02:50.159+0100][gc,phases     ] GC(8)   Other: 0.4ms
[2024-11-15T09:02:50.159+0100][gc,heap       ] GC(8) Eden regions: 46->0(47)
[2024-11-15T09:02:50.159+0100][gc,heap       ] GC(8) Survivor regions: 5->4(7)
[2024-11-15T09:02:50.159+0100][gc,heap       ] GC(8) Old regions: 17->18
[2024-11-15T09:02:50.159+0100][gc,heap       ] GC(8) Humongous regions: 129->129
[2024-11-15T09:02:50.159+0100][gc,metaspace  ] GC(8) Metaspace: 46677K(49792K)->46677K(49792K) NonClass: 40792K(42496K)->40792K(42496K) Class: 5884K(7296K)->5884K(7296K)
[2024-11-15T09:02:50.159+0100][gc            ] GC(8) Pause Young (Normal) (G1 Evacuation Pause) 194M->149M(1024M) 5.996ms
[2024-11-15T09:02:50.159+0100][gc,cpu        ] GC(8) User=0.04s Sys=0.00s Real=0.01s
[2024-11-15T09:20:36.210+0100][gc,start      ] GC(9) Pause Young (Normal) (G1 Evacuation Pause)
[2024-11-15T09:20:36.210+0100][gc,task       ] GC(9) Using 10 workers of 10 for evacuation
[2024-11-15T09:20:36.220+0100][gc,phases     ] GC(9)   Pre Evacuate Collection Set: 0.1ms
[2024-11-15T09:20:36.220+0100][gc,phases     ] GC(9)   Evacuate Collection Set: 6.6ms
[2024-11-15T09:20:36.220+0100][gc,phases     ] GC(9)   Post Evacuate Collection Set: 2.8ms
[2024-11-15T09:20:36.220+0100][gc,phases     ] GC(9)   Other: 0.4ms
[2024-11-15T09:20:36.220+0100][gc,heap       ] GC(9) Eden regions: 47->0(46)
[2024-11-15T09:20:36.220+0100][gc,heap       ] GC(9) Survivor regions: 4->5(7)
[2024-11-15T09:20:36.220+0100][gc,heap       ] GC(9) Old regions: 18->18
[2024-11-15T09:20:36.220+0100][gc,heap       ] GC(9) Humongous regions: 129->129
[2024-11-15T09:20:36.220+0100][gc,metaspace  ] GC(9) Metaspace: 47058K(50048K)->47058K(50048K) NonClass: 41164K(42752K)->41164K(42752K) Class: 5894K(7296K)->5894K(7296K)
[2024-11-15T09:20:36.220+0100][gc            ] GC(9) Pause Young (Normal) (G1 Evacuation Pause) 196M->150M(1024M) 10.111ms
[2024-11-15T09:20:36.220+0100][gc,cpu        ] GC(9) User=0.06s Sys=0.00s Real=0.01s
[2024-11-15T09:46:02.603+0100][gc,start      ] GC(10) Pause Young (Normal) (G1 Evacuation Pause)
[2024-11-15T09:46:02.604+0100][gc,task       ] GC(10) Using 10 workers of 10 for evacuation
[2024-11-15T09:46:02.628+0100][gc,mmu        ] GC(10) MMU target violated: 21.0ms (20.0ms/21.0ms)
[2024-11-15T09:46:02.628+0100][gc,phases     ] GC(10)   Pre Evacuate Collection Set: 0.1ms
[2024-11-15T09:46:02.628+0100][gc,phases     ] GC(10)   Evacuate Collection Set: 21.6ms
[2024-11-15T09:46:02.628+0100][gc,phases     ] GC(10)   Post Evacuate Collection Set: 2.4ms
[2024-11-15T09:46:02.628+0100][gc,phases     ] GC(10)   Other: 0.7ms
[2024-11-15T09:46:02.628+0100][gc,heap       ] GC(10) Eden regions: 46->0(51)
[2024-11-15T09:46:02.628+0100][gc,heap       ] GC(10) Survivor regions: 5->3(7)
[2024-11-15T09:46:02.628+0100][gc,heap       ] GC(10) Old regions: 18->21
[2024-11-15T09:46:02.628+0100][gc,heap       ] GC(10) Humongous regions: 129->129
[2024-11-15T09:46:02.628+0100][gc,metaspace  ] GC(10) Metaspace: 47166K(50048K)->47166K(50048K) NonClass: 41262K(42752K)->41262K(42752K) Class: 5904K(7296K)->5904K(7296K)
[2024-11-15T09:46:02.628+0100][gc            ] GC(10) Pause Young (Normal) (G1 Evacuation Pause) 196M->150M(1024M) 24.909ms
[2024-11-15T09:46:02.628+0100][gc,cpu        ] GC(10) User=0.10s Sys=0.00s Real=0.02s
[2024-11-15T09:56:10.153+0100][gc,start      ] GC(11) Pause Young (Normal) (G1 Evacuation Pause)
[2024-11-15T09:56:10.153+0100][gc,task       ] GC(11) Using 10 workers of 10 for evacuation
[2024-11-15T09:56:10.158+0100][gc,phases     ] GC(11)   Pre Evacuate Collection Set: 0.1ms
[2024-11-15T09:56:10.158+0100][gc,phases     ] GC(11)   Evacuate Collection Set: 3.1ms
[2024-11-15T09:56:10.158+0100][gc,phases     ] GC(11)   Post Evacuate Collection Set: 0.8ms
[2024-11-15T09:56:10.158+0100][gc,phases     ] GC(11)   Other: 0.5ms
[2024-11-15T09:56:10.158+0100][gc,heap       ] GC(11) Eden regions: 51->0(62)
[2024-11-15T09:56:10.158+0100][gc,heap       ] GC(11) Survivor regions: 3->3(7)
[2024-11-15T09:56:10.158+0100][gc,heap       ] GC(11) Old regions: 21->21
[2024-11-15T09:56:10.158+0100][gc,heap       ] GC(11) Humongous regions: 129->129
[2024-11-15T09:56:10.158+0100][gc,metaspace  ] GC(11) Metaspace: 47234K(50304K)->47234K(50304K) NonClass: 41329K(43008K)->41329K(43008K) Class: 5905K(7296K)->5905K(7296K)
[2024-11-15T09:56:10.158+0100][gc            ] GC(11) Pause Young (Normal) (G1 Evacuation Pause) 201M->150M(1024M) 4.617ms
[2024-11-15T09:56:10.158+0100][gc,cpu        ] GC(11) User=0.03s Sys=0.00s Real=0.01s
[2024-11-15T13:15:41.659+0100][gc,heap,exit  ] Heap
[2024-11-15T13:15:41.659+0100][gc,heap,exit  ]  garbage-first heap   total 1048576K, used 176583K [0x00000000c0000000, 0x0000000100000000)
[2024-11-15T13:15:41.659+0100][gc,heap,exit  ]   region size 1024K, 27 young (27648K), 3 survivors (3072K)
[2024-11-15T13:15:41.659+0100][gc,heap,exit  ]  Metaspace       used 48244K, capacity 51363K, committed 51456K, reserved 1093632K
[2024-11-15T13:15:41.659+0100][gc,heap,exit  ]   class space    used 6143K, capacity 7646K, committed 7680K, reserved 1048576K
