[2024-11-14T17:42:25.294+0100][gc,heap] Heap region size: 1M
[2024-11-14T17:42:25.300+0100][gc     ] Using G1
[2024-11-14T17:42:25.300+0100][gc,heap,coops] Heap address: 0x00000000c0000000, size: 1024 MB, Compressed Oops mode: 32-bit
[2024-11-14T17:42:25.300+0100][gc,cds       ] Mark closed archive regions in map: [0x00000000fff00000, 0x00000000fff6bff8]
[2024-11-14T17:42:25.300+0100][gc,cds       ] Mark open archive regions in map: [0x00000000ffe00000, 0x00000000ffe47ff8]
[2024-11-14T17:42:25.660+0100][gc,start     ] GC(0) Pause Young (Normal) (G1 Evacuation Pause)
[2024-11-14T17:42:25.660+0100][gc,task      ] GC(0) Using 10 workers of 10 for evacuation
[2024-11-14T17:42:25.666+0100][gc,phases    ] GC(0)   Pre Evacuate Collection Set: 0.0ms
[2024-11-14T17:42:25.666+0100][gc,phases    ] GC(0)   Evacuate Collection Set: 4.9ms
[2024-11-14T17:42:25.666+0100][gc,phases    ] GC(0)   Post Evacuate Collection Set: 0.2ms
[2024-11-14T17:42:25.666+0100][gc,phases    ] GC(0)   Other: 0.6ms
[2024-11-14T17:42:25.666+0100][gc,heap      ] GC(0) Eden regions: 51->0(44)
[2024-11-14T17:42:25.666+0100][gc,heap      ] GC(0) Survivor regions: 0->7(7)
[2024-11-14T17:42:25.666+0100][gc,heap      ] GC(0) Old regions: 2->3
[2024-11-14T17:42:25.666+0100][gc,heap      ] GC(0) Humongous regions: 0->0
[2024-11-14T17:42:25.666+0100][gc,metaspace ] GC(0) Metaspace: 13019K(13696K)->13019K(13696K) NonClass: 11365K(11776K)->11365K(11776K) Class: 1654K(1920K)->1654K(1920K)
[2024-11-14T17:42:25.666+0100][gc           ] GC(0) Pause Young (Normal) (G1 Evacuation Pause) 51M->8M(1024M) 5.794ms
[2024-11-14T17:42:25.666+0100][gc,cpu       ] GC(0) User=0.04s Sys=0.00s Real=0.01s
[2024-11-14T17:42:25.864+0100][gc,start     ] GC(1) Pause Young (Concurrent Start) (Metadata GC Threshold)
[2024-11-14T17:42:25.864+0100][gc,task      ] GC(1) Using 10 workers of 10 for evacuation
[2024-11-14T17:42:25.868+0100][gc,phases    ] GC(1)   Pre Evacuate Collection Set: 0.1ms
[2024-11-14T17:42:25.868+0100][gc,phases    ] GC(1)   Evacuate Collection Set: 3.7ms
[2024-11-14T17:42:25.868+0100][gc,phases    ] GC(1)   Post Evacuate Collection Set: 0.4ms
[2024-11-14T17:42:25.868+0100][gc,phases    ] GC(1)   Other: 0.2ms
[2024-11-14T17:42:25.868+0100][gc,heap      ] GC(1) Eden regions: 37->0(49)
[2024-11-14T17:42:25.868+0100][gc,heap      ] GC(1) Survivor regions: 7->2(7)
[2024-11-14T17:42:25.868+0100][gc,heap      ] GC(1) Old regions: 3->10
[2024-11-14T17:42:25.868+0100][gc,heap      ] GC(1) Humongous regions: 0->0
[2024-11-14T17:42:25.868+0100][gc,metaspace ] GC(1) Metaspace: 20634K(21296K)->20634K(21296K) NonClass: 18082K(18432K)->18082K(18432K) Class: 2551K(2864K)->2551K(2864K)
[2024-11-14T17:42:25.868+0100][gc           ] GC(1) Pause Young (Concurrent Start) (Metadata GC Threshold) 44M->9M(1024M) 4.473ms
[2024-11-14T17:42:25.868+0100][gc,cpu       ] GC(1) User=0.03s Sys=0.01s Real=0.01s
[2024-11-14T17:42:25.868+0100][gc           ] GC(2) Concurrent Cycle
[2024-11-14T17:42:25.868+0100][gc,marking   ] GC(2) Concurrent Clear Claimed Marks
[2024-11-14T17:42:25.868+0100][gc,marking   ] GC(2) Concurrent Clear Claimed Marks 0.017ms
[2024-11-14T17:42:25.868+0100][gc,marking   ] GC(2) Concurrent Scan Root Regions
[2024-11-14T17:42:25.869+0100][gc,marking   ] GC(2) Concurrent Scan Root Regions 0.946ms
[2024-11-14T17:42:25.869+0100][gc,marking   ] GC(2) Concurrent Mark (0.577s)
[2024-11-14T17:42:25.869+0100][gc,marking   ] GC(2) Concurrent Mark From Roots
[2024-11-14T17:42:25.869+0100][gc,task      ] GC(2) Using 3 workers of 3 for marking
[2024-11-14T17:42:25.872+0100][gc,marking   ] GC(2) Concurrent Mark From Roots 2.746ms
[2024-11-14T17:42:25.872+0100][gc,marking   ] GC(2) Concurrent Preclean
[2024-11-14T17:42:25.872+0100][gc,marking   ] GC(2) Concurrent Preclean 0.083ms
[2024-11-14T17:42:25.872+0100][gc,marking   ] GC(2) Concurrent Mark (0.577s, 0.580s) 2.862ms
[2024-11-14T17:42:25.872+0100][gc,start     ] GC(2) Pause Remark
[2024-11-14T17:42:25.873+0100][gc,stringtable] GC(2) Cleaned string and symbol table, strings: 5851 processed, 0 removed, symbols: 54682 processed, 45 removed
[2024-11-14T17:42:25.873+0100][gc            ] GC(2) Pause Remark 9M->9M(1024M) 1.272ms
[2024-11-14T17:42:25.873+0100][gc,cpu        ] GC(2) User=0.00s Sys=0.00s Real=0.00s
[2024-11-14T17:42:25.873+0100][gc,marking    ] GC(2) Concurrent Rebuild Remembered Sets
[2024-11-14T17:42:25.875+0100][gc,marking    ] GC(2) Concurrent Rebuild Remembered Sets 1.476ms
[2024-11-14T17:42:25.875+0100][gc,start      ] GC(2) Pause Cleanup
[2024-11-14T17:42:25.875+0100][gc            ] GC(2) Pause Cleanup 9M->9M(1024M) 0.184ms
[2024-11-14T17:42:25.875+0100][gc,cpu        ] GC(2) User=0.00s Sys=0.00s Real=0.00s
[2024-11-14T17:42:25.875+0100][gc,marking    ] GC(2) Concurrent Cleanup for Next Mark
[2024-11-14T17:42:25.878+0100][gc,marking    ] GC(2) Concurrent Cleanup for Next Mark 2.755ms
[2024-11-14T17:42:25.878+0100][gc            ] GC(2) Concurrent Cycle 9.823ms
[2024-11-14T17:42:26.222+0100][gc,start      ] GC(3) Pause Young (Normal) (G1 Evacuation Pause)
[2024-11-14T17:42:26.222+0100][gc,task       ] GC(3) Using 10 workers of 10 for evacuation
[2024-11-14T17:42:26.225+0100][gc,phases     ] GC(3)   Pre Evacuate Collection Set: 0.0ms
[2024-11-14T17:42:26.225+0100][gc,phases     ] GC(3)   Evacuate Collection Set: 2.2ms
[2024-11-14T17:42:26.225+0100][gc,phases     ] GC(3)   Post Evacuate Collection Set: 0.6ms
[2024-11-14T17:42:26.225+0100][gc,phases     ] GC(3)   Other: 0.1ms
[2024-11-14T17:42:26.225+0100][gc,heap       ] GC(3) Eden regions: 49->0(47)
[2024-11-14T17:42:26.225+0100][gc,heap       ] GC(3) Survivor regions: 2->4(7)
[2024-11-14T17:42:26.225+0100][gc,heap       ] GC(3) Old regions: 10->10
[2024-11-14T17:42:26.225+0100][gc,heap       ] GC(3) Humongous regions: 129->129
[2024-11-14T17:42:26.225+0100][gc,metaspace  ] GC(3) Metaspace: 28310K(29488K)->28310K(29488K) NonClass: 24987K(25600K)->24987K(25600K) Class: 3322K(3888K)->3322K(3888K)
[2024-11-14T17:42:26.225+0100][gc            ] GC(3) Pause Young (Normal) (G1 Evacuation Pause) 187M->140M(1024M) 2.918ms
[2024-11-14T17:42:26.225+0100][gc,cpu        ] GC(3) User=0.01s Sys=0.00s Real=0.01s
[2024-11-14T17:42:26.396+0100][gc,start      ] GC(4) Pause Young (Concurrent Start) (Metadata GC Threshold)
[2024-11-14T17:42:26.396+0100][gc,task       ] GC(4) Using 10 workers of 10 for evacuation
[2024-11-14T17:42:26.399+0100][gc,phases     ] GC(4)   Pre Evacuate Collection Set: 0.1ms
[2024-11-14T17:42:26.399+0100][gc,phases     ] GC(4)   Evacuate Collection Set: 2.2ms
[2024-11-14T17:42:26.399+0100][gc,phases     ] GC(4)   Post Evacuate Collection Set: 0.3ms
[2024-11-14T17:42:26.399+0100][gc,phases     ] GC(4)   Other: 0.2ms
[2024-11-14T17:42:26.399+0100][gc,heap       ] GC(4) Eden regions: 42->0(44)
[2024-11-14T17:42:26.399+0100][gc,heap       ] GC(4) Survivor regions: 4->7(7)
[2024-11-14T17:42:26.399+0100][gc,heap       ] GC(4) Old regions: 10->10
[2024-11-14T17:42:26.399+0100][gc,heap       ] GC(4) Humongous regions: 129->129
[2024-11-14T17:42:26.399+0100][gc,metaspace  ] GC(4) Metaspace: 34474K(35888K)->34474K(35888K) NonClass: 30507K(31232K)->30507K(31232K) Class: 3967K(4656K)->3967K(4656K)
[2024-11-14T17:42:26.399+0100][gc            ] GC(4) Pause Young (Concurrent Start) (Metadata GC Threshold) 181M->143M(1024M) 2.832ms
[2024-11-14T17:42:26.399+0100][gc,cpu        ] GC(4) User=0.02s Sys=0.00s Real=0.00s
[2024-11-14T17:42:26.399+0100][gc            ] GC(5) Concurrent Cycle
[2024-11-14T17:42:26.399+0100][gc,marking    ] GC(5) Concurrent Clear Claimed Marks
[2024-11-14T17:42:26.399+0100][gc,marking    ] GC(5) Concurrent Clear Claimed Marks 0.090ms
[2024-11-14T17:42:26.399+0100][gc,marking    ] GC(5) Concurrent Scan Root Regions
[2024-11-14T17:42:26.401+0100][gc,marking    ] GC(5) Concurrent Scan Root Regions 1.625ms
[2024-11-14T17:42:26.401+0100][gc,marking    ] GC(5) Concurrent Mark (1.109s)
[2024-11-14T17:42:26.401+0100][gc,marking    ] GC(5) Concurrent Mark From Roots
[2024-11-14T17:42:26.401+0100][gc,task       ] GC(5) Using 3 workers of 3 for marking
[2024-11-14T17:42:26.404+0100][gc,marking    ] GC(5) Concurrent Mark From Roots 2.862ms
[2024-11-14T17:42:26.404+0100][gc,marking    ] GC(5) Concurrent Preclean
[2024-11-14T17:42:26.404+0100][gc,marking    ] GC(5) Concurrent Preclean 0.123ms
[2024-11-14T17:42:26.404+0100][gc,marking    ] GC(5) Concurrent Mark (1.109s, 1.112s) 3.043ms
[2024-11-14T17:42:26.405+0100][gc,start      ] GC(5) Pause Remark
[2024-11-14T17:42:26.406+0100][gc,stringtable] GC(5) Cleaned string and symbol table, strings: 10107 processed, 8 removed, symbols: 84033 processed, 17 removed
[2024-11-14T17:42:26.406+0100][gc            ] GC(5) Pause Remark 144M->144M(1024M) 1.469ms
[2024-11-14T17:42:26.406+0100][gc,cpu        ] GC(5) User=0.01s Sys=0.00s Real=0.00s
[2024-11-14T17:42:26.406+0100][gc,marking    ] GC(5) Concurrent Rebuild Remembered Sets
[2024-11-14T17:42:26.408+0100][gc,marking    ] GC(5) Concurrent Rebuild Remembered Sets 1.515ms
[2024-11-14T17:42:26.408+0100][gc,start      ] GC(5) Pause Cleanup
[2024-11-14T17:42:26.408+0100][gc            ] GC(5) Pause Cleanup 144M->144M(1024M) 0.214ms
[2024-11-14T17:42:26.408+0100][gc,cpu        ] GC(5) User=0.00s Sys=0.00s Real=0.00s
[2024-11-14T17:42:26.408+0100][gc,marking    ] GC(5) Concurrent Cleanup for Next Mark
[2024-11-14T17:42:26.411+0100][gc,marking    ] GC(5) Concurrent Cleanup for Next Mark 2.947ms
[2024-11-14T17:42:26.411+0100][gc            ] GC(5) Concurrent Cycle 12.413ms
[2024-11-14T17:42:29.215+0100][gc,start      ] GC(6) Pause Young (Normal) (G1 Evacuation Pause)
[2024-11-14T17:42:29.215+0100][gc,task       ] GC(6) Using 10 workers of 10 for evacuation
[2024-11-14T17:42:29.218+0100][gc,phases     ] GC(6)   Pre Evacuate Collection Set: 0.0ms
[2024-11-14T17:42:29.218+0100][gc,phases     ] GC(6)   Evacuate Collection Set: 3.1ms
[2024-11-14T17:42:29.218+0100][gc,phases     ] GC(6)   Post Evacuate Collection Set: 0.5ms
[2024-11-14T17:42:29.218+0100][gc,phases     ] GC(6)   Other: 0.1ms
[2024-11-14T17:42:29.218+0100][gc,heap       ] GC(6) Eden regions: 44->0(45)
[2024-11-14T17:42:29.218+0100][gc,heap       ] GC(6) Survivor regions: 7->6(7)
[2024-11-14T17:42:29.218+0100][gc,heap       ] GC(6) Old regions: 10->13
[2024-11-14T17:42:29.218+0100][gc,heap       ] GC(6) Humongous regions: 135->129
[2024-11-14T17:42:29.218+0100][gc,metaspace  ] GC(6) Metaspace: 41453K(43824K)->41453K(43824K) NonClass: 36327K(37632K)->36327K(37632K) Class: 5126K(6192K)->5126K(6192K)
[2024-11-14T17:42:29.218+0100][gc            ] GC(6) Pause Young (Normal) (G1 Evacuation Pause) 193M->146M(1024M) 3.815ms
[2024-11-14T17:42:29.218+0100][gc,cpu        ] GC(6) User=0.03s Sys=0.00s Real=0.01s
[2024-11-14T17:42:29.452+0100][gc,heap,exit  ] Heap
[2024-11-14T17:42:29.452+0100][gc,heap,exit  ]  garbage-first heap   total 1048576K, used 160846K [0x00000000c0000000, 0x0000000100000000)
[2024-11-14T17:42:29.452+0100][gc,heap,exit  ]   region size 1024K, 18 young (18432K), 6 survivors (6144K)
[2024-11-14T17:42:29.452+0100][gc,heap,exit  ]  Metaspace       used 42653K, capacity 44987K, committed 45232K, reserved 1087488K
[2024-11-14T17:42:29.452+0100][gc,heap,exit  ]   class space    used 5407K, capacity 6529K, committed 6576K, reserved 1048576K
