[2024-11-14T18:56:56.211+0100][gc,heap] Heap region size: 1M
[2024-11-14T18:56:56.218+0100][gc     ] Using G1
[2024-11-14T18:56:56.218+0100][gc,heap,coops] Heap address: 0x00000000c0000000, size: 1024 MB, Compressed Oops mode: 32-bit
[2024-11-14T18:56:56.218+0100][gc,cds       ] Mark closed archive regions in map: [0x00000000fff00000, 0x00000000fff6bff8]
[2024-11-14T18:56:56.218+0100][gc,cds       ] Mark open archive regions in map: [0x00000000ffe00000, 0x00000000ffe47ff8]
[2024-11-14T18:56:56.563+0100][gc,start     ] GC(0) Pause Young (Normal) (G1 Evacuation Pause)
[2024-11-14T18:56:56.564+0100][gc,task      ] GC(0) Using 10 workers of 10 for evacuation
[2024-11-14T18:56:56.570+0100][gc,phases    ] GC(0)   Pre Evacuate Collection Set: 0.0ms
[2024-11-14T18:56:56.570+0100][gc,phases    ] GC(0)   Evacuate Collection Set: 5.0ms
[2024-11-14T18:56:56.570+0100][gc,phases    ] GC(0)   Post Evacuate Collection Set: 0.5ms
[2024-11-14T18:56:56.570+0100][gc,phases    ] GC(0)   Other: 0.9ms
[2024-11-14T18:56:56.570+0100][gc,heap      ] GC(0) Eden regions: 51->0(44)
[2024-11-14T18:56:56.570+0100][gc,heap      ] GC(0) Survivor regions: 0->7(7)
[2024-11-14T18:56:56.570+0100][gc,heap      ] GC(0) Old regions: 2->3
[2024-11-14T18:56:56.570+0100][gc,heap      ] GC(0) Humongous regions: 0->0
[2024-11-14T18:56:56.570+0100][gc,metaspace ] GC(0) Metaspace: 13025K(13696K)->13025K(13696K) NonClass: 11371K(11776K)->11371K(11776K) Class: 1654K(1920K)->1654K(1920K)
[2024-11-14T18:56:56.570+0100][gc           ] GC(0) Pause Young (Normal) (G1 Evacuation Pause) 51M->8M(1024M) 6.486ms
[2024-11-14T18:56:56.570+0100][gc,cpu       ] GC(0) User=0.04s Sys=0.00s Real=0.00s
[2024-11-14T18:56:56.786+0100][gc,start     ] GC(1) Pause Young (Concurrent Start) (Metadata GC Threshold)
[2024-11-14T18:56:56.786+0100][gc,task      ] GC(1) Using 10 workers of 10 for evacuation
[2024-11-14T18:56:56.790+0100][gc,phases    ] GC(1)   Pre Evacuate Collection Set: 0.1ms
[2024-11-14T18:56:56.790+0100][gc,phases    ] GC(1)   Evacuate Collection Set: 3.4ms
[2024-11-14T18:56:56.790+0100][gc,phases    ] GC(1)   Post Evacuate Collection Set: 0.4ms
[2024-11-14T18:56:56.790+0100][gc,phases    ] GC(1)   Other: 0.3ms
[2024-11-14T18:56:56.790+0100][gc,heap      ] GC(1) Eden regions: 38->0(49)
[2024-11-14T18:56:56.790+0100][gc,heap      ] GC(1) Survivor regions: 7->2(7)
[2024-11-14T18:56:56.790+0100][gc,heap      ] GC(1) Old regions: 3->10
[2024-11-14T18:56:56.790+0100][gc,heap      ] GC(1) Humongous regions: 0->0
[2024-11-14T18:56:56.790+0100][gc,metaspace ] GC(1) Metaspace: 20623K(21248K)->20623K(21248K) NonClass: 18074K(18432K)->18074K(18432K) Class: 2548K(2816K)->2548K(2816K)
[2024-11-14T18:56:56.790+0100][gc           ] GC(1) Pause Young (Concurrent Start) (Metadata GC Threshold) 45M->9M(1024M) 4.098ms
[2024-11-14T18:56:56.790+0100][gc,cpu       ] GC(1) User=0.02s Sys=0.00s Real=0.00s
[2024-11-14T18:56:56.790+0100][gc           ] GC(2) Concurrent Cycle
[2024-11-14T18:56:56.790+0100][gc,marking   ] GC(2) Concurrent Clear Claimed Marks
[2024-11-14T18:56:56.790+0100][gc,marking   ] GC(2) Concurrent Clear Claimed Marks 0.033ms
[2024-11-14T18:56:56.790+0100][gc,marking   ] GC(2) Concurrent Scan Root Regions
[2024-11-14T18:56:56.791+0100][gc,marking   ] GC(2) Concurrent Scan Root Regions 0.987ms
[2024-11-14T18:56:56.791+0100][gc,marking   ] GC(2) Concurrent Mark (0.582s)
[2024-11-14T18:56:56.791+0100][gc,marking   ] GC(2) Concurrent Mark From Roots
[2024-11-14T18:56:56.791+0100][gc,task      ] GC(2) Using 3 workers of 3 for marking
[2024-11-14T18:56:56.794+0100][gc,marking   ] GC(2) Concurrent Mark From Roots 2.526ms
[2024-11-14T18:56:56.794+0100][gc,marking   ] GC(2) Concurrent Preclean
[2024-11-14T18:56:56.794+0100][gc,marking   ] GC(2) Concurrent Preclean 0.085ms
[2024-11-14T18:56:56.794+0100][gc,marking   ] GC(2) Concurrent Mark (0.582s, 0.585s) 2.646ms
[2024-11-14T18:56:56.794+0100][gc,start     ] GC(2) Pause Remark
[2024-11-14T18:56:56.795+0100][gc,stringtable] GC(2) Cleaned string and symbol table, strings: 5847 processed, 0 removed, symbols: 54665 processed, 45 removed
[2024-11-14T18:56:56.795+0100][gc            ] GC(2) Pause Remark 9M->9M(1024M) 1.194ms
[2024-11-14T18:56:56.795+0100][gc,cpu        ] GC(2) User=0.00s Sys=0.00s Real=0.00s
[2024-11-14T18:56:56.795+0100][gc,marking    ] GC(2) Concurrent Rebuild Remembered Sets
[2024-11-14T18:56:56.796+0100][gc,marking    ] GC(2) Concurrent Rebuild Remembered Sets 1.120ms
[2024-11-14T18:56:56.796+0100][gc,start      ] GC(2) Pause Cleanup
[2024-11-14T18:56:56.796+0100][gc            ] GC(2) Pause Cleanup 9M->9M(1024M) 0.118ms
[2024-11-14T18:56:56.796+0100][gc,cpu        ] GC(2) User=0.01s Sys=0.00s Real=0.00s
[2024-11-14T18:56:56.796+0100][gc,marking    ] GC(2) Concurrent Cleanup for Next Mark
[2024-11-14T18:56:56.799+0100][gc,marking    ] GC(2) Concurrent Cleanup for Next Mark 2.478ms
[2024-11-14T18:56:56.799+0100][gc            ] GC(2) Concurrent Cycle 8.907ms
[2024-11-14T18:56:57.190+0100][gc,start      ] GC(3) Pause Young (Normal) (G1 Evacuation Pause)
[2024-11-14T18:56:57.190+0100][gc,task       ] GC(3) Using 10 workers of 10 for evacuation
[2024-11-14T18:56:57.191+0100][gc,phases     ] GC(3)   Pre Evacuate Collection Set: 0.0ms
[2024-11-14T18:56:57.191+0100][gc,phases     ] GC(3)   Evacuate Collection Set: 1.3ms
[2024-11-14T18:56:57.191+0100][gc,phases     ] GC(3)   Post Evacuate Collection Set: 0.4ms
[2024-11-14T18:56:57.191+0100][gc,phases     ] GC(3)   Other: 0.1ms
[2024-11-14T18:56:57.191+0100][gc,heap       ] GC(3) Eden regions: 49->0(47)
[2024-11-14T18:56:57.191+0100][gc,heap       ] GC(3) Survivor regions: 2->4(7)
[2024-11-14T18:56:57.191+0100][gc,heap       ] GC(3) Old regions: 10->10
[2024-11-14T18:56:57.191+0100][gc,heap       ] GC(3) Humongous regions: 129->129
[2024-11-14T18:56:57.191+0100][gc,metaspace  ] GC(3) Metaspace: 26850K(28028K)->26850K(28028K) NonClass: 23630K(24320K)->23630K(24320K) Class: 3219K(3708K)->3219K(3708K)
[2024-11-14T18:56:57.191+0100][gc            ] GC(3) Pause Young (Normal) (G1 Evacuation Pause) 187M->140M(1024M) 1.849ms
[2024-11-14T18:56:57.191+0100][gc,cpu        ] GC(3) User=0.01s Sys=0.00s Real=0.01s
[2024-11-14T18:56:57.411+0100][gc,start      ] GC(4) Pause Young (Normal) (G1 Evacuation Pause)
[2024-11-14T18:56:57.411+0100][gc,task       ] GC(4) Using 10 workers of 10 for evacuation
[2024-11-14T18:56:57.413+0100][gc,phases     ] GC(4)   Pre Evacuate Collection Set: 0.0ms
[2024-11-14T18:56:57.413+0100][gc,phases     ] GC(4)   Evacuate Collection Set: 1.8ms
[2024-11-14T18:56:57.413+0100][gc,phases     ] GC(4)   Post Evacuate Collection Set: 0.3ms
[2024-11-14T18:56:57.413+0100][gc,phases     ] GC(4)   Other: 0.1ms
[2024-11-14T18:56:57.413+0100][gc,heap       ] GC(4) Eden regions: 47->0(44)
[2024-11-14T18:56:57.413+0100][gc,heap       ] GC(4) Survivor regions: 4->7(7)
[2024-11-14T18:56:57.413+0100][gc,heap       ] GC(4) Old regions: 10->10
[2024-11-14T18:56:57.413+0100][gc,heap       ] GC(4) Humongous regions: 129->129
[2024-11-14T18:56:57.413+0100][gc,metaspace  ] GC(4) Metaspace: 34137K(35580K)->34137K(35580K) NonClass: 30212K(30976K)->30212K(30976K) Class: 3925K(4604K)->3925K(4604K)
[2024-11-14T18:56:57.413+0100][gc            ] GC(4) Pause Young (Normal) (G1 Evacuation Pause) 187M->144M(1024M) 2.200ms
[2024-11-14T18:56:57.413+0100][gc,cpu        ] GC(4) User=0.02s Sys=0.00s Real=0.00s
[2024-11-14T18:56:57.429+0100][gc,start      ] GC(5) Pause Young (Concurrent Start) (Metadata GC Threshold)
[2024-11-14T18:56:57.429+0100][gc,task       ] GC(5) Using 10 workers of 10 for evacuation
[2024-11-14T18:56:57.432+0100][gc,phases     ] GC(5)   Pre Evacuate Collection Set: 0.1ms
[2024-11-14T18:56:57.432+0100][gc,phases     ] GC(5)   Evacuate Collection Set: 3.1ms
[2024-11-14T18:56:57.432+0100][gc,phases     ] GC(5)   Post Evacuate Collection Set: 0.1ms
[2024-11-14T18:56:57.432+0100][gc,phases     ] GC(5)   Other: 0.1ms
[2024-11-14T18:56:57.432+0100][gc,heap       ] GC(5) Eden regions: 4->0(50)
[2024-11-14T18:56:57.432+0100][gc,heap       ] GC(5) Survivor regions: 7->1(7)
[2024-11-14T18:56:57.432+0100][gc,heap       ] GC(5) Old regions: 10->17
[2024-11-14T18:56:57.432+0100][gc,heap       ] GC(5) Humongous regions: 129->129
[2024-11-14T18:56:57.432+0100][gc,metaspace  ] GC(5) Metaspace: 34686K(36048K)->34686K(36048K) NonClass: 30715K(31444K)->30715K(31444K) Class: 3971K(4604K)->3971K(4604K)
[2024-11-14T18:56:57.432+0100][gc            ] GC(5) Pause Young (Concurrent Start) (Metadata GC Threshold) 147M->145M(1024M) 3.530ms
[2024-11-14T18:56:57.432+0100][gc,cpu        ] GC(5) User=0.02s Sys=0.00s Real=0.01s
[2024-11-14T18:56:57.432+0100][gc            ] GC(6) Concurrent Cycle
[2024-11-14T18:56:57.432+0100][gc,marking    ] GC(6) Concurrent Clear Claimed Marks
[2024-11-14T18:56:57.432+0100][gc,marking    ] GC(6) Concurrent Clear Claimed Marks 0.108ms
[2024-11-14T18:56:57.432+0100][gc,marking    ] GC(6) Concurrent Scan Root Regions
[2024-11-14T18:56:57.433+0100][gc,marking    ] GC(6) Concurrent Scan Root Regions 0.307ms
[2024-11-14T18:56:57.433+0100][gc,marking    ] GC(6) Concurrent Mark (1.224s)
[2024-11-14T18:56:57.433+0100][gc,marking    ] GC(6) Concurrent Mark From Roots
[2024-11-14T18:56:57.433+0100][gc,task       ] GC(6) Using 3 workers of 3 for marking
[2024-11-14T18:56:57.439+0100][gc,marking    ] GC(6) Concurrent Mark From Roots 6.695ms
[2024-11-14T18:56:57.439+0100][gc,marking    ] GC(6) Concurrent Preclean
[2024-11-14T18:56:57.439+0100][gc,marking    ] GC(6) Concurrent Preclean 0.122ms
[2024-11-14T18:56:57.439+0100][gc,marking    ] GC(6) Concurrent Mark (1.224s, 1.231s) 6.879ms
[2024-11-14T18:56:57.440+0100][gc,start      ] GC(6) Pause Remark
[2024-11-14T18:56:57.442+0100][gc,stringtable] GC(6) Cleaned string and symbol table, strings: 10344 processed, 8 removed, symbols: 84105 processed, 17 removed
[2024-11-14T18:56:57.443+0100][gc            ] GC(6) Pause Remark 146M->146M(1024M) 2.609ms
[2024-11-14T18:56:57.443+0100][gc,cpu        ] GC(6) User=0.02s Sys=0.00s Real=0.00s
[2024-11-14T18:56:57.443+0100][gc,marking    ] GC(6) Concurrent Rebuild Remembered Sets
[2024-11-14T18:56:57.447+0100][gc,marking    ] GC(6) Concurrent Rebuild Remembered Sets 4.485ms
[2024-11-14T18:56:57.447+0100][gc,start      ] GC(6) Pause Cleanup
[2024-11-14T18:56:57.448+0100][gc            ] GC(6) Pause Cleanup 146M->146M(1024M) 0.204ms
[2024-11-14T18:56:57.448+0100][gc,cpu        ] GC(6) User=0.01s Sys=0.00s Real=0.00s
[2024-11-14T18:56:57.448+0100][gc,marking    ] GC(6) Concurrent Cleanup for Next Mark
[2024-11-14T18:56:57.451+0100][gc,marking    ] GC(6) Concurrent Cleanup for Next Mark 3.139ms
[2024-11-14T18:56:57.451+0100][gc            ] GC(6) Concurrent Cycle 18.806ms
[2024-11-14T18:56:57.916+0100][gc,start      ] GC(7) Pause Young (Normal) (G1 Evacuation Pause)
[2024-11-14T18:56:57.916+0100][gc,task       ] GC(7) Using 10 workers of 10 for evacuation
[2024-11-14T18:56:57.918+0100][gc,phases     ] GC(7)   Pre Evacuate Collection Set: 0.0ms
[2024-11-14T18:56:57.918+0100][gc,phases     ] GC(7)   Evacuate Collection Set: 1.3ms
[2024-11-14T18:56:57.918+0100][gc,phases     ] GC(7)   Post Evacuate Collection Set: 0.3ms
[2024-11-14T18:56:57.918+0100][gc,phases     ] GC(7)   Other: 0.2ms
[2024-11-14T18:56:57.918+0100][gc,heap       ] GC(7) Eden regions: 50->0(48)
[2024-11-14T18:56:57.918+0100][gc,heap       ] GC(7) Survivor regions: 1->3(7)
[2024-11-14T18:56:57.918+0100][gc,heap       ] GC(7) Old regions: 17->17
[2024-11-14T18:56:57.918+0100][gc,heap       ] GC(7) Humongous regions: 141->141
[2024-11-14T18:56:57.918+0100][gc,metaspace  ] GC(7) Metaspace: 41909K(44112K)->41909K(44112K) NonClass: 36762K(37844K)->36762K(37844K) Class: 5146K(6268K)->5146K(6268K)
[2024-11-14T18:56:57.918+0100][gc            ] GC(7) Pause Young (Normal) (G1 Evacuation Pause) 207M->158M(1024M) 1.823ms
[2024-11-14T18:56:57.918+0100][gc,cpu        ] GC(7) User=0.01s Sys=0.00s Real=0.00s
[2024-11-14T18:58:30.032+0100][gc,start      ] GC(8) Pause Young (Normal) (G1 Evacuation Pause)
[2024-11-14T18:58:30.032+0100][gc,task       ] GC(8) Using 10 workers of 10 for evacuation
[2024-11-14T18:58:30.034+0100][gc,phases     ] GC(8)   Pre Evacuate Collection Set: 0.0ms
[2024-11-14T18:58:30.034+0100][gc,phases     ] GC(8)   Evacuate Collection Set: 1.8ms
[2024-11-14T18:58:30.034+0100][gc,phases     ] GC(8)   Post Evacuate Collection Set: 0.6ms
[2024-11-14T18:58:30.034+0100][gc,phases     ] GC(8)   Other: 0.1ms
[2024-11-14T18:58:30.034+0100][gc,heap       ] GC(8) Eden regions: 48->0(46)
[2024-11-14T18:58:30.034+0100][gc,heap       ] GC(8) Survivor regions: 3->5(7)
[2024-11-14T18:58:30.034+0100][gc,heap       ] GC(8) Old regions: 17->17
[2024-11-14T18:58:30.034+0100][gc,heap       ] GC(8) Humongous regions: 141->129
[2024-11-14T18:58:30.034+0100][gc,metaspace  ] GC(8) Metaspace: 46793K(49872K)->46793K(49872K) NonClass: 40832K(42452K)->40832K(42452K) Class: 5961K(7420K)->5961K(7420K)
[2024-11-14T18:58:30.034+0100][gc            ] GC(8) Pause Young (Normal) (G1 Evacuation Pause) 206M->148M(1024M) 2.650ms
[2024-11-14T18:58:30.034+0100][gc,cpu        ] GC(8) User=0.02s Sys=0.00s Real=0.00s
[2024-11-14T19:00:42.724+0100][gc,start      ] GC(9) Pause Young (Normal) (G1 Evacuation Pause)
[2024-11-14T19:00:42.724+0100][gc,task       ] GC(9) Using 10 workers of 10 for evacuation
[2024-11-14T19:00:42.728+0100][gc,phases     ] GC(9)   Pre Evacuate Collection Set: 0.0ms
[2024-11-14T19:00:42.728+0100][gc,phases     ] GC(9)   Evacuate Collection Set: 3.0ms
[2024-11-14T19:00:42.728+0100][gc,phases     ] GC(9)   Post Evacuate Collection Set: 0.5ms
[2024-11-14T19:00:42.728+0100][gc,phases     ] GC(9)   Other: 0.1ms
[2024-11-14T19:00:42.728+0100][gc,heap       ] GC(9) Eden regions: 46->0(47)
[2024-11-14T19:00:42.728+0100][gc,heap       ] GC(9) Survivor regions: 5->4(7)
[2024-11-14T19:00:42.728+0100][gc,heap       ] GC(9) Old regions: 17->19
[2024-11-14T19:00:42.728+0100][gc,heap       ] GC(9) Humongous regions: 129->129
[2024-11-14T19:00:42.728+0100][gc,metaspace  ] GC(9) Metaspace: 47568K(50640K)->47568K(50640K) NonClass: 41590K(43220K)->41590K(43220K) Class: 5978K(7420K)->5978K(7420K)
[2024-11-14T19:00:42.728+0100][gc            ] GC(9) Pause Young (Normal) (G1 Evacuation Pause) 194M->150M(1024M) 3.732ms
[2024-11-14T19:00:42.728+0100][gc,cpu        ] GC(9) User=0.02s Sys=0.00s Real=0.00s
[2024-11-14T19:02:38.189+0100][gc,start      ] GC(10) Pause Young (Normal) (G1 Evacuation Pause)
[2024-11-14T19:02:38.189+0100][gc,task       ] GC(10) Using 10 workers of 10 for evacuation
[2024-11-14T19:02:38.193+0100][gc,phases     ] GC(10)   Pre Evacuate Collection Set: 0.0ms
[2024-11-14T19:02:38.193+0100][gc,phases     ] GC(10)   Evacuate Collection Set: 3.6ms
[2024-11-14T19:02:38.193+0100][gc,phases     ] GC(10)   Post Evacuate Collection Set: 0.6ms
[2024-11-14T19:02:38.193+0100][gc,phases     ] GC(10)   Other: 0.2ms
[2024-11-14T19:02:38.193+0100][gc,heap       ] GC(10) Eden regions: 47->0(46)
[2024-11-14T19:02:38.193+0100][gc,heap       ] GC(10) Survivor regions: 4->5(7)
[2024-11-14T19:02:38.193+0100][gc,heap       ] GC(10) Old regions: 19->19
[2024-11-14T19:02:38.193+0100][gc,heap       ] GC(10) Humongous regions: 129->129
[2024-11-14T19:02:38.193+0100][gc,metaspace  ] GC(10) Metaspace: 48081K(51408K)->48081K(51408K) NonClass: 42096K(43988K)->42096K(43988K) Class: 5984K(7420K)->5984K(7420K)
[2024-11-14T19:02:38.193+0100][gc            ] GC(10) Pause Young (Normal) (G1 Evacuation Pause) 197M->151M(1024M) 4.519ms
[2024-11-14T19:02:38.193+0100][gc,cpu        ] GC(10) User=0.03s Sys=0.00s Real=0.01s
[2024-11-14T19:08:47.575+0100][gc,start      ] GC(11) Pause Young (Normal) (G1 Evacuation Pause)
[2024-11-14T19:08:47.575+0100][gc,task       ] GC(11) Using 10 workers of 10 for evacuation
[2024-11-14T19:08:47.577+0100][gc,phases     ] GC(11)   Pre Evacuate Collection Set: 0.0ms
[2024-11-14T19:08:47.577+0100][gc,phases     ] GC(11)   Evacuate Collection Set: 2.5ms
[2024-11-14T19:08:47.578+0100][gc,phases     ] GC(11)   Post Evacuate Collection Set: 0.3ms
[2024-11-14T19:08:47.578+0100][gc,phases     ] GC(11)   Other: 0.1ms
[2024-11-14T19:08:47.578+0100][gc,heap       ] GC(11) Eden regions: 46->0(48)
[2024-11-14T19:08:47.578+0100][gc,heap       ] GC(11) Survivor regions: 5->4(7)
[2024-11-14T19:08:47.578+0100][gc,heap       ] GC(11) Old regions: 19->21
[2024-11-14T19:08:47.578+0100][gc,heap       ] GC(11) Humongous regions: 129->129
[2024-11-14T19:08:47.578+0100][gc,metaspace  ] GC(11) Metaspace: 49271K(52816K)->49271K(52816K) NonClass: 43013K(45012K)->43013K(45012K) Class: 6257K(7804K)->6257K(7804K)
[2024-11-14T19:08:47.578+0100][gc            ] GC(11) Pause Young (Normal) (G1 Evacuation Pause) 197M->151M(1024M) 3.043ms
[2024-11-14T19:08:47.578+0100][gc,cpu        ] GC(11) User=0.02s Sys=0.00s Real=0.00s
[2024-11-14T19:08:47.585+0100][gc,heap,exit  ] Heap
[2024-11-14T19:08:47.585+0100][gc,heap,exit  ]  garbage-first heap   total 1048576K, used 156355K [0x00000000c0000000, 0x0000000100000000)
[2024-11-14T19:08:47.585+0100][gc,heap,exit  ]   region size 1024K, 6 young (6144K), 4 survivors (4096K)
[2024-11-14T19:08:47.585+0100][gc,heap,exit  ]  Metaspace       used 49305K, capacity 52666K, committed 52944K, reserved 1093632K
[2024-11-14T19:08:47.585+0100][gc,heap,exit  ]   class space    used 6267K, capacity 7814K, committed 7932K, reserved 1048576K
