[2024-11-19T11:12:49.501+0100][gc,heap] Heap region size: 1M
[2024-11-19T11:12:49.515+0100][gc     ] Using G1
[2024-11-19T11:12:49.515+0100][gc,heap,coops] Heap address: 0x00000000c0000000, size: 1024 MB, Compressed Oops mode: 32-bit
[2024-11-19T11:12:49.515+0100][gc,cds       ] Mark closed archive regions in map: [0x00000000fff00000, 0x00000000fff6bff8]
[2024-11-19T11:12:49.515+0100][gc,cds       ] Mark open archive regions in map: [0x00000000ffe00000, 0x00000000ffe47ff8]
[2024-11-19T11:12:50.175+0100][gc,start     ] GC(0) Pause Young (Normal) (G1 Evacuation Pause)
[2024-11-19T11:12:50.176+0100][gc,task      ] GC(0) Using 10 workers of 10 for evacuation
[2024-11-19T11:12:50.184+0100][gc,phases    ] GC(0)   Pre Evacuate Collection Set: 0.1ms
[2024-11-19T11:12:50.184+0100][gc,phases    ] GC(0)   Evacuate Collection Set: 6.1ms
[2024-11-19T11:12:50.184+0100][gc,phases    ] GC(0)   Post Evacuate Collection Set: 0.9ms
[2024-11-19T11:12:50.184+0100][gc,phases    ] GC(0)   Other: 1.8ms
[2024-11-19T11:12:50.184+0100][gc,heap      ] GC(0) Eden regions: 51->0(44)
[2024-11-19T11:12:50.184+0100][gc,heap      ] GC(0) Survivor regions: 0->7(7)
[2024-11-19T11:12:50.184+0100][gc,heap      ] GC(0) Old regions: 2->3
[2024-11-19T11:12:50.184+0100][gc,heap      ] GC(0) Humongous regions: 0->0
[2024-11-19T11:12:50.184+0100][gc,metaspace ] GC(0) Metaspace: 13041K(13696K)->13041K(13696K) NonClass: 11379K(11776K)->11379K(11776K) Class: 1662K(1920K)->1662K(1920K)
[2024-11-19T11:12:50.184+0100][gc           ] GC(0) Pause Young (Normal) (G1 Evacuation Pause) 51M->8M(1024M) 9.083ms
[2024-11-19T11:12:50.184+0100][gc,cpu       ] GC(0) User=0.05s Sys=0.01s Real=0.01s
[2024-11-19T11:12:50.701+0100][gc,start     ] GC(1) Pause Young (Concurrent Start) (Metadata GC Threshold)
[2024-11-19T11:12:50.701+0100][gc,task      ] GC(1) Using 10 workers of 10 for evacuation
[2024-11-19T11:12:50.709+0100][gc,phases    ] GC(1)   Pre Evacuate Collection Set: 0.1ms
[2024-11-19T11:12:50.709+0100][gc,phases    ] GC(1)   Evacuate Collection Set: 7.4ms
[2024-11-19T11:12:50.709+0100][gc,phases    ] GC(1)   Post Evacuate Collection Set: 0.7ms
[2024-11-19T11:12:50.709+0100][gc,phases    ] GC(1)   Other: 0.4ms
[2024-11-19T11:12:50.709+0100][gc,heap      ] GC(1) Eden regions: 38->0(49)
[2024-11-19T11:12:50.709+0100][gc,heap      ] GC(1) Survivor regions: 7->2(7)
[2024-11-19T11:12:50.709+0100][gc,heap      ] GC(1) Old regions: 3->10
[2024-11-19T11:12:50.709+0100][gc,heap      ] GC(1) Humongous regions: 0->0
[2024-11-19T11:12:50.709+0100][gc,metaspace ] GC(1) Metaspace: 20628K(21248K)->20628K(21248K) NonClass: 18080K(18432K)->18080K(18432K) Class: 2548K(2816K)->2548K(2816K)
[2024-11-19T11:12:50.709+0100][gc           ] GC(1) Pause Young (Concurrent Start) (Metadata GC Threshold) 45M->9M(1024M) 8.808ms
[2024-11-19T11:12:50.709+0100][gc,cpu       ] GC(1) User=0.07s Sys=0.01s Real=0.01s
[2024-11-19T11:12:50.709+0100][gc           ] GC(2) Concurrent Cycle
[2024-11-19T11:12:50.710+0100][gc,marking   ] GC(2) Concurrent Clear Claimed Marks
[2024-11-19T11:12:50.710+0100][gc,marking   ] GC(2) Concurrent Clear Claimed Marks 0.067ms
[2024-11-19T11:12:50.710+0100][gc,marking   ] GC(2) Concurrent Scan Root Regions
[2024-11-19T11:12:50.712+0100][gc,marking   ] GC(2) Concurrent Scan Root Regions 2.292ms
[2024-11-19T11:12:50.712+0100][gc,marking   ] GC(2) Concurrent Mark (1.215s)
[2024-11-19T11:12:50.712+0100][gc,marking   ] GC(2) Concurrent Mark From Roots
[2024-11-19T11:12:50.712+0100][gc,task      ] GC(2) Using 3 workers of 3 for marking
[2024-11-19T11:12:50.719+0100][gc,marking   ] GC(2) Concurrent Mark From Roots 7.329ms
[2024-11-19T11:12:50.719+0100][gc,marking   ] GC(2) Concurrent Preclean
[2024-11-19T11:12:50.720+0100][gc,marking   ] GC(2) Concurrent Preclean 0.258ms
[2024-11-19T11:12:50.720+0100][gc,marking   ] GC(2) Concurrent Mark (1.215s, 1.223s) 7.732ms
[2024-11-19T11:12:50.720+0100][gc,start     ] GC(2) Pause Remark
[2024-11-19T11:12:50.722+0100][gc,stringtable] GC(2) Cleaned string and symbol table, strings: 5850 processed, 0 removed, symbols: 54682 processed, 45 removed
[2024-11-19T11:12:50.723+0100][gc            ] GC(2) Pause Remark 9M->9M(1024M) 2.812ms
[2024-11-19T11:12:50.723+0100][gc,cpu        ] GC(2) User=0.02s Sys=0.00s Real=0.01s
[2024-11-19T11:12:50.723+0100][gc,marking    ] GC(2) Concurrent Rebuild Remembered Sets
[2024-11-19T11:12:50.726+0100][gc,marking    ] GC(2) Concurrent Rebuild Remembered Sets 3.545ms
[2024-11-19T11:12:50.728+0100][gc,start      ] GC(2) Pause Cleanup
[2024-11-19T11:12:50.728+0100][gc            ] GC(2) Pause Cleanup 10M->10M(1024M) 0.640ms
[2024-11-19T11:12:50.728+0100][gc,cpu        ] GC(2) User=0.00s Sys=0.00s Real=0.00s
[2024-11-19T11:12:50.729+0100][gc,marking    ] GC(2) Concurrent Cleanup for Next Mark
[2024-11-19T11:12:50.735+0100][gc,marking    ] GC(2) Concurrent Cleanup for Next Mark 5.860ms
[2024-11-19T11:12:50.735+0100][gc            ] GC(2) Concurrent Cycle 25.549ms
[2024-11-19T11:12:51.345+0100][gc,start      ] GC(3) Pause Young (Normal) (G1 Evacuation Pause)
[2024-11-19T11:12:51.345+0100][gc,task       ] GC(3) Using 10 workers of 10 for evacuation
[2024-11-19T11:12:51.348+0100][gc,phases     ] GC(3)   Pre Evacuate Collection Set: 0.0ms
[2024-11-19T11:12:51.348+0100][gc,phases     ] GC(3)   Evacuate Collection Set: 2.9ms
[2024-11-19T11:12:51.348+0100][gc,phases     ] GC(3)   Post Evacuate Collection Set: 0.7ms
[2024-11-19T11:12:51.348+0100][gc,phases     ] GC(3)   Other: 0.2ms
[2024-11-19T11:12:51.348+0100][gc,heap       ] GC(3) Eden regions: 49->0(47)
[2024-11-19T11:12:51.348+0100][gc,heap       ] GC(3) Survivor regions: 2->4(7)
[2024-11-19T11:12:51.348+0100][gc,heap       ] GC(3) Old regions: 10->10
[2024-11-19T11:12:51.348+0100][gc,heap       ] GC(3) Humongous regions: 129->129
[2024-11-19T11:12:51.348+0100][gc,metaspace  ] GC(3) Metaspace: 29559K(30844K)->29559K(30844K) NonClass: 26154K(26880K)->26154K(26880K) Class: 3404K(3964K)->3404K(3964K)
[2024-11-19T11:12:51.348+0100][gc            ] GC(3) Pause Young (Normal) (G1 Evacuation Pause) 187M->140M(1024M) 3.842ms
[2024-11-19T11:12:51.348+0100][gc,cpu        ] GC(3) User=0.03s Sys=0.00s Real=0.00s
[2024-11-19T11:12:51.949+0100][gc,heap,exit  ] Heap
[2024-11-19T11:12:51.949+0100][gc,heap,exit  ]  garbage-first heap   total 1048576K, used 179479K [0x00000000c0000000, 0x0000000100000000)
[2024-11-19T11:12:51.949+0100][gc,heap,exit  ]   region size 1024K, 41 young (41984K), 4 survivors (4096K)
[2024-11-19T11:12:51.949+0100][gc,heap,exit  ]  Metaspace       used 34208K, capacity 35633K, committed 35836K, reserved 1081344K
[2024-11-19T11:12:51.949+0100][gc,heap,exit  ]   class space    used 4117K, capacity 4769K, committed 4860K, reserved 1048576K
