[2024-11-19T11:21:25.864+0100][gc,heap] Heap region size: 1M
[2024-11-19T11:21:25.879+0100][gc     ] Using G1
[2024-11-19T11:21:25.879+0100][gc,heap,coops] Heap address: 0x00000000c0000000, size: 1024 MB, Compressed Oops mode: 32-bit
[2024-11-19T11:21:25.879+0100][gc,cds       ] Mark closed archive regions in map: [0x00000000fff00000, 0x00000000fff6bff8]
[2024-11-19T11:21:25.879+0100][gc,cds       ] Mark open archive regions in map: [0x00000000ffe00000, 0x00000000ffe47ff8]
[2024-11-19T11:21:26.441+0100][gc,start     ] GC(0) Pause Young (Normal) (G1 Evacuation Pause)
[2024-11-19T11:21:26.442+0100][gc,task      ] GC(0) Using 10 workers of 10 for evacuation
[2024-11-19T11:21:26.454+0100][gc,phases    ] GC(0)   Pre Evacuate Collection Set: 0.0ms
[2024-11-19T11:21:26.455+0100][gc,phases    ] GC(0)   Evacuate Collection Set: 11.1ms
[2024-11-19T11:21:26.455+0100][gc,phases    ] GC(0)   Post Evacuate Collection Set: 1.2ms
[2024-11-19T11:21:26.455+0100][gc,phases    ] GC(0)   Other: 1.6ms
[2024-11-19T11:21:26.455+0100][gc,heap      ] GC(0) Eden regions: 51->0(44)
[2024-11-19T11:21:26.455+0100][gc,heap      ] GC(0) Survivor regions: 0->7(7)
[2024-11-19T11:21:26.455+0100][gc,heap      ] GC(0) Old regions: 2->3
[2024-11-19T11:21:26.455+0100][gc,heap      ] GC(0) Humongous regions: 0->0
[2024-11-19T11:21:26.455+0100][gc,metaspace ] GC(0) Metaspace: 13042K(13696K)->13042K(13696K) NonClass: 11381K(11776K)->11381K(11776K) Class: 1661K(1920K)->1661K(1920K)
[2024-11-19T11:21:26.455+0100][gc           ] GC(0) Pause Young (Normal) (G1 Evacuation Pause) 51M->8M(1024M) 14.088ms
[2024-11-19T11:21:26.455+0100][gc,cpu       ] GC(0) User=0.10s Sys=0.00s Real=0.02s
[2024-11-19T11:21:27.010+0100][gc,start     ] GC(1) Pause Young (Concurrent Start) (Metadata GC Threshold)
[2024-11-19T11:21:27.010+0100][gc,task      ] GC(1) Using 10 workers of 10 for evacuation
[2024-11-19T11:21:27.019+0100][gc,phases    ] GC(1)   Pre Evacuate Collection Set: 0.1ms
[2024-11-19T11:21:27.019+0100][gc,phases    ] GC(1)   Evacuate Collection Set: 7.8ms
[2024-11-19T11:21:27.019+0100][gc,phases    ] GC(1)   Post Evacuate Collection Set: 0.7ms
[2024-11-19T11:21:27.019+0100][gc,phases    ] GC(1)   Other: 0.4ms
[2024-11-19T11:21:27.019+0100][gc,heap      ] GC(1) Eden regions: 38->0(49)
[2024-11-19T11:21:27.019+0100][gc,heap      ] GC(1) Survivor regions: 7->2(7)
[2024-11-19T11:21:27.019+0100][gc,heap      ] GC(1) Old regions: 3->10
[2024-11-19T11:21:27.019+0100][gc,heap      ] GC(1) Humongous regions: 0->0
[2024-11-19T11:21:27.019+0100][gc,metaspace ] GC(1) Metaspace: 20621K(21296K)->20621K(21296K) NonClass: 18072K(18432K)->18072K(18432K) Class: 2549K(2864K)->2549K(2864K)
[2024-11-19T11:21:27.019+0100][gc           ] GC(1) Pause Young (Concurrent Start) (Metadata GC Threshold) 45M->9M(1024M) 9.146ms
[2024-11-19T11:21:27.019+0100][gc,cpu       ] GC(1) User=0.07s Sys=0.00s Real=0.01s
[2024-11-19T11:21:27.019+0100][gc           ] GC(2) Concurrent Cycle
[2024-11-19T11:21:27.020+0100][gc,marking   ] GC(2) Concurrent Clear Claimed Marks
[2024-11-19T11:21:27.020+0100][gc,marking   ] GC(2) Concurrent Clear Claimed Marks 0.105ms
[2024-11-19T11:21:27.020+0100][gc,marking   ] GC(2) Concurrent Scan Root Regions
[2024-11-19T11:21:27.022+0100][gc,marking   ] GC(2) Concurrent Scan Root Regions 2.243ms
[2024-11-19T11:21:27.022+0100][gc,marking   ] GC(2) Concurrent Mark (1.162s)
[2024-11-19T11:21:27.022+0100][gc,marking   ] GC(2) Concurrent Mark From Roots
[2024-11-19T11:21:27.022+0100][gc,task      ] GC(2) Using 3 workers of 3 for marking
[2024-11-19T11:21:27.029+0100][gc,marking   ] GC(2) Concurrent Mark From Roots 6.704ms
[2024-11-19T11:21:27.029+0100][gc,marking   ] GC(2) Concurrent Preclean
[2024-11-19T11:21:27.029+0100][gc,marking   ] GC(2) Concurrent Preclean 0.247ms
[2024-11-19T11:21:27.029+0100][gc,marking   ] GC(2) Concurrent Mark (1.162s, 1.170s) 7.058ms
[2024-11-19T11:21:27.029+0100][gc,start     ] GC(2) Pause Remark
[2024-11-19T11:21:27.031+0100][gc,stringtable] GC(2) Cleaned string and symbol table, strings: 5847 processed, 0 removed, symbols: 54666 processed, 45 removed
[2024-11-19T11:21:27.032+0100][gc            ] GC(2) Pause Remark 10M->10M(1024M) 2.506ms
[2024-11-19T11:21:27.032+0100][gc,cpu        ] GC(2) User=0.00s Sys=0.00s Real=0.01s
[2024-11-19T11:21:27.032+0100][gc,marking    ] GC(2) Concurrent Rebuild Remembered Sets
[2024-11-19T11:21:27.036+0100][gc,marking    ] GC(2) Concurrent Rebuild Remembered Sets 4.381ms
[2024-11-19T11:21:27.037+0100][gc,start      ] GC(2) Pause Cleanup
[2024-11-19T11:21:27.037+0100][gc            ] GC(2) Pause Cleanup 10M->10M(1024M) 0.413ms
[2024-11-19T11:21:27.037+0100][gc,cpu        ] GC(2) User=0.00s Sys=0.00s Real=0.00s
[2024-11-19T11:21:27.037+0100][gc,marking    ] GC(2) Concurrent Cleanup for Next Mark
[2024-11-19T11:21:27.043+0100][gc,marking    ] GC(2) Concurrent Cleanup for Next Mark 5.677ms
[2024-11-19T11:21:27.043+0100][gc            ] GC(2) Concurrent Cycle 23.559ms
[2024-11-19T11:21:27.541+0100][gc,start      ] GC(3) Pause Young (Normal) (G1 Evacuation Pause)
[2024-11-19T11:21:27.541+0100][gc,task       ] GC(3) Using 10 workers of 10 for evacuation
[2024-11-19T11:21:27.544+0100][gc,phases     ] GC(3)   Pre Evacuate Collection Set: 0.0ms
[2024-11-19T11:21:27.544+0100][gc,phases     ] GC(3)   Evacuate Collection Set: 1.7ms
[2024-11-19T11:21:27.544+0100][gc,phases     ] GC(3)   Post Evacuate Collection Set: 0.4ms
[2024-11-19T11:21:27.544+0100][gc,phases     ] GC(3)   Other: 0.3ms
[2024-11-19T11:21:27.544+0100][gc,heap       ] GC(3) Eden regions: 49->0(48)
[2024-11-19T11:21:27.544+0100][gc,heap       ] GC(3) Survivor regions: 2->3(7)
[2024-11-19T11:21:27.544+0100][gc,heap       ] GC(3) Old regions: 10->10
[2024-11-19T11:21:27.544+0100][gc,heap       ] GC(3) Humongous regions: 129->129
[2024-11-19T11:21:27.544+0100][gc,metaspace  ] GC(3) Metaspace: 29555K(30768K)->29555K(30768K) NonClass: 26150K(26880K)->26150K(26880K) Class: 3404K(3888K)->3404K(3888K)
[2024-11-19T11:21:27.544+0100][gc            ] GC(3) Pause Young (Normal) (G1 Evacuation Pause) 187M->140M(1024M) 2.405ms
[2024-11-19T11:21:27.544+0100][gc,cpu        ] GC(3) User=0.02s Sys=0.00s Real=0.01s
[2024-11-19T11:21:27.951+0100][gc,start      ] GC(4) Pause Young (Concurrent Start) (Metadata GC Threshold)
[2024-11-19T11:21:27.951+0100][gc,task       ] GC(4) Using 10 workers of 10 for evacuation
[2024-11-19T11:21:27.959+0100][gc,phases     ] GC(4)   Pre Evacuate Collection Set: 0.3ms
[2024-11-19T11:21:27.959+0100][gc,phases     ] GC(4)   Evacuate Collection Set: 6.4ms
[2024-11-19T11:21:27.959+0100][gc,phases     ] GC(4)   Post Evacuate Collection Set: 1.0ms
[2024-11-19T11:21:27.959+0100][gc,phases     ] GC(4)   Other: 0.4ms
[2024-11-19T11:21:27.959+0100][gc,heap       ] GC(4) Eden regions: 35->0(44)
[2024-11-19T11:21:27.959+0100][gc,heap       ] GC(4) Survivor regions: 3->7(7)
[2024-11-19T11:21:27.959+0100][gc,heap       ] GC(4) Old regions: 10->10
[2024-11-19T11:21:27.959+0100][gc,heap       ] GC(4) Humongous regions: 129->129
[2024-11-19T11:21:27.959+0100][gc,metaspace  ] GC(4) Metaspace: 34542K(35888K)->34542K(35888K) NonClass: 30570K(31232K)->30570K(31232K) Class: 3971K(4656K)->3971K(4656K)
[2024-11-19T11:21:27.959+0100][gc            ] GC(4) Pause Young (Concurrent Start) (Metadata GC Threshold) 175M->144M(1024M) 8.284ms
[2024-11-19T11:21:27.959+0100][gc,cpu        ] GC(4) User=0.07s Sys=0.00s Real=0.01s
[2024-11-19T11:21:27.959+0100][gc            ] GC(5) Concurrent Cycle
[2024-11-19T11:21:27.959+0100][gc,marking    ] GC(5) Concurrent Clear Claimed Marks
[2024-11-19T11:21:27.960+0100][gc,marking    ] GC(5) Concurrent Clear Claimed Marks 0.294ms
[2024-11-19T11:21:27.960+0100][gc,marking    ] GC(5) Concurrent Scan Root Regions
[2024-11-19T11:21:27.964+0100][gc,marking    ] GC(5) Concurrent Scan Root Regions 4.120ms
[2024-11-19T11:21:27.964+0100][gc,marking    ] GC(5) Concurrent Mark (2.104s)
[2024-11-19T11:21:27.964+0100][gc,marking    ] GC(5) Concurrent Mark From Roots
[2024-11-19T11:21:27.964+0100][gc,task       ] GC(5) Using 3 workers of 3 for marking
[2024-11-19T11:21:27.971+0100][gc,marking    ] GC(5) Concurrent Mark From Roots 7.620ms
[2024-11-19T11:21:27.972+0100][gc,marking    ] GC(5) Concurrent Preclean
[2024-11-19T11:21:27.972+0100][gc,marking    ] GC(5) Concurrent Preclean 0.254ms
[2024-11-19T11:21:27.972+0100][gc,marking    ] GC(5) Concurrent Mark (2.104s, 2.112s) 8.025ms
[2024-11-19T11:21:27.972+0100][gc,start      ] GC(5) Pause Remark
[2024-11-19T11:21:27.977+0100][gc,stringtable] GC(5) Cleaned string and symbol table, strings: 9972 processed, 10 removed, symbols: 84912 processed, 17 removed
[2024-11-19T11:21:27.977+0100][gc            ] GC(5) Pause Remark 144M->144M(1024M) 4.901ms
[2024-11-19T11:21:27.977+0100][gc,cpu        ] GC(5) User=0.04s Sys=0.01s Real=0.00s
[2024-11-19T11:21:27.977+0100][gc,marking    ] GC(5) Concurrent Rebuild Remembered Sets
[2024-11-19T11:21:27.983+0100][gc,marking    ] GC(5) Concurrent Rebuild Remembered Sets 5.373ms
[2024-11-19T11:21:27.983+0100][gc,start      ] GC(5) Pause Cleanup
[2024-11-19T11:21:27.984+0100][gc            ] GC(5) Pause Cleanup 144M->144M(1024M) 0.475ms
[2024-11-19T11:21:27.984+0100][gc,cpu        ] GC(5) User=0.00s Sys=0.00s Real=0.00s
[2024-11-19T11:21:27.984+0100][gc,marking    ] GC(5) Concurrent Cleanup for Next Mark
[2024-11-19T11:21:27.992+0100][gc,marking    ] GC(5) Concurrent Cleanup for Next Mark 8.054ms
[2024-11-19T11:21:27.992+0100][gc            ] GC(5) Concurrent Cycle 32.760ms
[2024-11-19T11:22:03.445+0100][gc,start      ] GC(6) Pause Young (Normal) (G1 Evacuation Pause)
[2024-11-19T11:22:03.445+0100][gc,task       ] GC(6) Using 10 workers of 10 for evacuation
[2024-11-19T11:22:03.453+0100][gc,phases     ] GC(6)   Pre Evacuate Collection Set: 0.0ms
[2024-11-19T11:22:03.453+0100][gc,phases     ] GC(6)   Evacuate Collection Set: 5.7ms
[2024-11-19T11:22:03.453+0100][gc,phases     ] GC(6)   Post Evacuate Collection Set: 1.5ms
[2024-11-19T11:22:03.453+0100][gc,phases     ] GC(6)   Other: 0.3ms
[2024-11-19T11:22:03.453+0100][gc,heap       ] GC(6) Eden regions: 44->0(45)
[2024-11-19T11:22:03.453+0100][gc,heap       ] GC(6) Survivor regions: 7->6(7)
[2024-11-19T11:22:03.453+0100][gc,heap       ] GC(6) Old regions: 10->13
[2024-11-19T11:22:03.453+0100][gc,heap       ] GC(6) Humongous regions: 129->129
[2024-11-19T11:22:03.453+0100][gc,metaspace  ] GC(6) Metaspace: 42323K(44848K)->42323K(44848K) NonClass: 36879K(38144K)->36879K(38144K) Class: 5443K(6704K)->5443K(6704K)
[2024-11-19T11:22:03.453+0100][gc            ] GC(6) Pause Young (Normal) (G1 Evacuation Pause) 188M->146M(1024M) 7.710ms
[2024-11-19T11:22:03.453+0100][gc,cpu        ] GC(6) User=0.05s Sys=0.00s Real=0.01s
[2024-11-19T11:37:59.320+0100][gc,start      ] GC(7) Pause Young (Normal) (G1 Evacuation Pause)
[2024-11-19T11:37:59.320+0100][gc,task       ] GC(7) Using 10 workers of 10 for evacuation
[2024-11-19T11:37:59.325+0100][gc,phases     ] GC(7)   Pre Evacuate Collection Set: 0.0ms
[2024-11-19T11:37:59.325+0100][gc,phases     ] GC(7)   Evacuate Collection Set: 4.0ms
[2024-11-19T11:37:59.325+0100][gc,phases     ] GC(7)   Post Evacuate Collection Set: 1.0ms
[2024-11-19T11:37:59.326+0100][gc,phases     ] GC(7)   Other: 0.2ms
[2024-11-19T11:37:59.326+0100][gc,heap       ] GC(7) Eden regions: 45->0(46)
[2024-11-19T11:37:59.326+0100][gc,heap       ] GC(7) Survivor regions: 6->5(7)
[2024-11-19T11:37:59.326+0100][gc,heap       ] GC(7) Old regions: 13->17
[2024-11-19T11:37:59.326+0100][gc,heap       ] GC(7) Humongous regions: 129->129
[2024-11-19T11:37:59.326+0100][gc,metaspace  ] GC(7) Metaspace: 44209K(47024K)->44209K(47024K) NonClass: 38696K(40192K)->38696K(40192K) Class: 5512K(6832K)->5512K(6832K)
[2024-11-19T11:37:59.326+0100][gc            ] GC(7) Pause Young (Normal) (G1 Evacuation Pause) 191M->147M(1024M) 5.473ms
[2024-11-19T11:37:59.326+0100][gc,cpu        ] GC(7) User=0.04s Sys=0.00s Real=0.01s
[2024-11-19T11:38:41.595+0100][gc,start      ] GC(8) Pause Young (Normal) (G1 Evacuation Pause)
[2024-11-19T11:38:41.595+0100][gc,task       ] GC(8) Using 10 workers of 10 for evacuation
[2024-11-19T11:38:41.609+0100][gc,phases     ] GC(8)   Pre Evacuate Collection Set: 0.1ms
[2024-11-19T11:38:41.609+0100][gc,phases     ] GC(8)   Evacuate Collection Set: 10.0ms
[2024-11-19T11:38:41.609+0100][gc,phases     ] GC(8)   Post Evacuate Collection Set: 3.8ms
[2024-11-19T11:38:41.609+0100][gc,phases     ] GC(8)   Other: 0.5ms
[2024-11-19T11:38:41.609+0100][gc,heap       ] GC(8) Eden regions: 46->0(46)
[2024-11-19T11:38:41.609+0100][gc,heap       ] GC(8) Survivor regions: 5->5(7)
[2024-11-19T11:38:41.609+0100][gc,heap       ] GC(8) Old regions: 17->19
[2024-11-19T11:38:41.609+0100][gc,heap       ] GC(8) Humongous regions: 129->129
[2024-11-19T11:38:41.610+0100][gc,metaspace  ] GC(8) Metaspace: 47434K(50736K)->47434K(50736K) NonClass: 41281K(43008K)->41281K(43008K) Class: 6153K(7728K)->6153K(7728K)
[2024-11-19T11:38:41.610+0100][gc            ] GC(8) Pause Young (Normal) (G1 Evacuation Pause) 193M->150M(1024M) 14.628ms
[2024-11-19T11:38:41.610+0100][gc,cpu        ] GC(8) User=0.09s Sys=0.01s Real=0.01s
[2024-11-19T11:40:53.295+0100][gc,start      ] GC(9) Pause Young (Normal) (G1 Evacuation Pause)
[2024-11-19T11:40:53.296+0100][gc,task       ] GC(9) Using 10 workers of 10 for evacuation
[2024-11-19T11:40:53.314+0100][gc,phases     ] GC(9)   Pre Evacuate Collection Set: 0.1ms
[2024-11-19T11:40:53.315+0100][gc,phases     ] GC(9)   Evacuate Collection Set: 11.8ms
[2024-11-19T11:40:53.315+0100][gc,phases     ] GC(9)   Post Evacuate Collection Set: 6.7ms
[2024-11-19T11:40:53.315+0100][gc,phases     ] GC(9)   Other: 0.5ms
[2024-11-19T11:40:53.315+0100][gc,heap       ] GC(9) Eden regions: 46->0(47)
[2024-11-19T11:40:53.315+0100][gc,heap       ] GC(9) Survivor regions: 5->4(7)
[2024-11-19T11:40:53.315+0100][gc,heap       ] GC(9) Old regions: 19->21
[2024-11-19T11:40:53.315+0100][gc,heap       ] GC(9) Humongous regions: 129->129
[2024-11-19T11:40:53.315+0100][gc,metaspace  ] GC(9) Metaspace: 48095K(51504K)->48095K(51504K) NonClass: 41940K(43776K)->41940K(43776K) Class: 6154K(7728K)->6154K(7728K)
[2024-11-19T11:40:53.315+0100][gc            ] GC(9) Pause Young (Normal) (G1 Evacuation Pause) 196M->151M(1024M) 19.445ms
[2024-11-19T11:40:53.315+0100][gc,cpu        ] GC(9) User=0.07s Sys=0.00s Real=0.02s
[2024-11-19T11:44:52.720+0100][gc,start      ] GC(10) Pause Young (Normal) (G1 Evacuation Pause)
[2024-11-19T11:44:52.720+0100][gc,task       ] GC(10) Using 10 workers of 10 for evacuation
[2024-11-19T11:44:52.727+0100][gc,phases     ] GC(10)   Pre Evacuate Collection Set: 0.0ms
[2024-11-19T11:44:52.727+0100][gc,phases     ] GC(10)   Evacuate Collection Set: 5.8ms
[2024-11-19T11:44:52.727+0100][gc,phases     ] GC(10)   Post Evacuate Collection Set: 1.0ms
[2024-11-19T11:44:52.727+0100][gc,phases     ] GC(10)   Other: 0.4ms
[2024-11-19T11:44:52.727+0100][gc,heap       ] GC(10) Eden regions: 47->0(48)
[2024-11-19T11:44:52.727+0100][gc,heap       ] GC(10) Survivor regions: 4->3(7)
[2024-11-19T11:44:52.727+0100][gc,heap       ] GC(10) Old regions: 21->23
[2024-11-19T11:44:52.727+0100][gc,heap       ] GC(10) Humongous regions: 129->129
[2024-11-19T11:44:52.727+0100][gc,metaspace  ] GC(10) Metaspace: 49018K(52656K)->49018K(52656K) NonClass: 42838K(44800K)->42838K(44800K) Class: 6179K(7856K)->6179K(7856K)
[2024-11-19T11:44:52.727+0100][gc            ] GC(10) Pause Young (Normal) (G1 Evacuation Pause) 198M->153M(1024M) 7.488ms
[2024-11-19T11:44:52.728+0100][gc,cpu        ] GC(10) User=0.05s Sys=0.00s Real=0.01s
[2024-11-19T11:47:53.446+0100][gc,start      ] GC(11) Pause Young (Normal) (G1 Evacuation Pause)
[2024-11-19T11:47:53.446+0100][gc,task       ] GC(11) Using 10 workers of 10 for evacuation
[2024-11-19T11:47:53.453+0100][gc,phases     ] GC(11)   Pre Evacuate Collection Set: 0.1ms
[2024-11-19T11:47:53.453+0100][gc,phases     ] GC(11)   Evacuate Collection Set: 5.5ms
[2024-11-19T11:47:53.453+0100][gc,phases     ] GC(11)   Post Evacuate Collection Set: 1.3ms
[2024-11-19T11:47:53.453+0100][gc,phases     ] GC(11)   Other: 0.5ms
[2024-11-19T11:47:53.453+0100][gc,heap       ] GC(11) Eden regions: 48->0(50)
[2024-11-19T11:47:53.453+0100][gc,heap       ] GC(11) Survivor regions: 3->4(7)
[2024-11-19T11:47:53.453+0100][gc,heap       ] GC(11) Old regions: 23->23
[2024-11-19T11:47:53.453+0100][gc,heap       ] GC(11) Humongous regions: 129->129
[2024-11-19T11:47:53.453+0100][gc,metaspace  ] GC(11) Metaspace: 49046K(52656K)->49046K(52656K) NonClass: 42867K(44800K)->42867K(44800K) Class: 6179K(7856K)->6179K(7856K)
[2024-11-19T11:47:53.453+0100][gc            ] GC(11) Pause Young (Normal) (G1 Evacuation Pause) 201M->154M(1024M) 7.713ms
[2024-11-19T11:47:53.454+0100][gc,cpu        ] GC(11) User=0.06s Sys=0.00s Real=0.01s
[2024-11-19T11:57:26.974+0100][gc,start      ] GC(12) Pause Young (Normal) (G1 Evacuation Pause)
[2024-11-19T11:57:26.974+0100][gc,task       ] GC(12) Using 10 workers of 10 for evacuation
[2024-11-19T11:57:26.980+0100][gc,phases     ] GC(12)   Pre Evacuate Collection Set: 0.1ms
[2024-11-19T11:57:26.980+0100][gc,phases     ] GC(12)   Evacuate Collection Set: 5.2ms
[2024-11-19T11:57:26.980+0100][gc,phases     ] GC(12)   Post Evacuate Collection Set: 0.7ms
[2024-11-19T11:57:26.980+0100][gc,phases     ] GC(12)   Other: 0.5ms
[2024-11-19T11:57:26.980+0100][gc,heap       ] GC(12) Eden regions: 50->0(54)
[2024-11-19T11:57:26.980+0100][gc,heap       ] GC(12) Survivor regions: 4->4(7)
[2024-11-19T11:57:26.980+0100][gc,heap       ] GC(12) Old regions: 23->24
[2024-11-19T11:57:26.980+0100][gc,heap       ] GC(12) Humongous regions: 129->129
[2024-11-19T11:57:26.980+0100][gc,metaspace  ] GC(12) Metaspace: 49152K(52656K)->49152K(52656K) NonClass: 42957K(44800K)->42957K(44800K) Class: 6195K(7856K)->6195K(7856K)
[2024-11-19T11:57:26.980+0100][gc            ] GC(12) Pause Young (Normal) (G1 Evacuation Pause) 204M->155M(1024M) 6.619ms
[2024-11-19T11:57:26.981+0100][gc,cpu        ] GC(12) User=0.05s Sys=0.00s Real=0.00s
[2024-11-19T12:10:42.680+0100][gc,start      ] GC(13) Pause Young (Normal) (G1 Evacuation Pause)
[2024-11-19T12:10:42.680+0100][gc,task       ] GC(13) Using 10 workers of 10 for evacuation
[2024-11-19T12:10:42.688+0100][gc,phases     ] GC(13)   Pre Evacuate Collection Set: 0.1ms
[2024-11-19T12:10:42.688+0100][gc,phases     ] GC(13)   Evacuate Collection Set: 5.6ms
[2024-11-19T12:10:42.688+0100][gc,phases     ] GC(13)   Post Evacuate Collection Set: 1.9ms
[2024-11-19T12:10:42.688+0100][gc,phases     ] GC(13)   Other: 0.5ms
[2024-11-19T12:10:42.688+0100][gc,heap       ] GC(13) Eden regions: 54->0(57)
[2024-11-19T12:10:42.688+0100][gc,heap       ] GC(13) Survivor regions: 4->6(8)
[2024-11-19T12:10:42.688+0100][gc,heap       ] GC(13) Old regions: 24->24
[2024-11-19T12:10:42.688+0100][gc,heap       ] GC(13) Humongous regions: 129->129
[2024-11-19T12:10:42.688+0100][gc,metaspace  ] GC(13) Metaspace: 49200K(52912K)->49200K(52912K) NonClass: 43005K(45056K)->43005K(45056K) Class: 6195K(7856K)->6195K(7856K)
[2024-11-19T12:10:42.688+0100][gc            ] GC(13) Pause Young (Normal) (G1 Evacuation Pause) 209M->156M(1024M) 8.351ms
[2024-11-19T12:10:42.688+0100][gc,cpu        ] GC(13) User=0.06s Sys=0.01s Real=0.01s
[2024-11-19T12:24:28.029+0100][gc,start      ] GC(14) Pause Young (Normal) (G1 Evacuation Pause)
[2024-11-19T12:24:28.029+0100][gc,task       ] GC(14) Using 10 workers of 10 for evacuation
[2024-11-19T12:24:28.037+0100][gc,phases     ] GC(14)   Pre Evacuate Collection Set: 0.0ms
[2024-11-19T12:24:28.037+0100][gc,phases     ] GC(14)   Evacuate Collection Set: 6.2ms
[2024-11-19T12:24:28.037+0100][gc,phases     ] GC(14)   Post Evacuate Collection Set: 1.4ms
[2024-11-19T12:24:28.037+0100][gc,phases     ] GC(14)   Other: 0.4ms
[2024-11-19T12:24:28.037+0100][gc,heap       ] GC(14) Eden regions: 57->0(295)
[2024-11-19T12:24:28.037+0100][gc,heap       ] GC(14) Survivor regions: 6->6(8)
[2024-11-19T12:24:28.037+0100][gc,heap       ] GC(14) Old regions: 24->26
[2024-11-19T12:24:28.037+0100][gc,heap       ] GC(14) Humongous regions: 129->129
[2024-11-19T12:24:28.037+0100][gc,metaspace  ] GC(14) Metaspace: 49272K(52912K)->49272K(52912K) NonClass: 43067K(45056K)->43067K(45056K) Class: 6205K(7856K)->6205K(7856K)
[2024-11-19T12:24:28.037+0100][gc            ] GC(14) Pause Young (Normal) (G1 Evacuation Pause) 213M->158M(1024M) 8.191ms
[2024-11-19T12:24:28.037+0100][gc,cpu        ] GC(14) User=0.05s Sys=0.01s Real=0.01s
[2024-11-19T13:46:29.042+0100][gc,start      ] GC(15) Pause Young (Normal) (G1 Evacuation Pause)
[2024-11-19T13:46:29.042+0100][gc,task       ] GC(15) Using 10 workers of 10 for evacuation
[2024-11-19T13:46:29.051+0100][gc,phases     ] GC(15)   Pre Evacuate Collection Set: 0.1ms
[2024-11-19T13:46:29.051+0100][gc,phases     ] GC(15)   Evacuate Collection Set: 7.0ms
[2024-11-19T13:46:29.051+0100][gc,phases     ] GC(15)   Post Evacuate Collection Set: 1.2ms
[2024-11-19T13:46:29.051+0100][gc,phases     ] GC(15)   Other: 0.6ms
[2024-11-19T13:46:29.051+0100][gc,heap       ] GC(15) Eden regions: 210->0(209)
[2024-11-19T13:46:29.051+0100][gc,heap       ] GC(15) Survivor regions: 6->9(27)
[2024-11-19T13:46:29.051+0100][gc,heap       ] GC(15) Old regions: 26->26
[2024-11-19T13:46:29.051+0100][gc,heap       ] GC(15) Humongous regions: 129->129
[2024-11-19T13:46:29.051+0100][gc,metaspace  ] GC(15) Metaspace: 50471K(54320K)->50471K(54320K) NonClass: 44013K(46080K)->44013K(46080K) Class: 6458K(8240K)->6458K(8240K)
[2024-11-19T13:46:29.051+0100][gc            ] GC(15) Pause Young (Normal) (G1 Evacuation Pause) 368M->161M(1024M) 8.956ms
[2024-11-19T13:46:29.051+0100][gc,cpu        ] GC(15) User=0.07s Sys=0.00s Real=0.00s
[2024-11-19T13:46:29.081+0100][gc,heap,exit  ] Heap
[2024-11-19T13:46:29.081+0100][gc,heap,exit  ]  garbage-first heap   total 1048576K, used 167291K [0x00000000c0000000, 0x0000000100000000)
[2024-11-19T13:46:29.081+0100][gc,heap,exit  ]   region size 1024K, 12 young (12288K), 9 survivors (9216K)
[2024-11-19T13:46:29.081+0100][gc,heap,exit  ]  Metaspace       used 50571K, capacity 54252K, committed 54576K, reserved 1095680K
[2024-11-19T13:46:29.081+0100][gc,heap,exit  ]   class space    used 6486K, capacity 8157K, committed 8240K, reserved 1048576K
