[2024-11-14T17:42:50.038+0100][gc,heap] Heap region size: 1M
[2024-11-14T17:42:50.044+0100][gc     ] Using G1
[2024-11-14T17:42:50.044+0100][gc,heap,coops] Heap address: 0x00000000c0000000, size: 1024 MB, Compressed Oops mode: 32-bit
[2024-11-14T17:42:50.044+0100][gc,cds       ] Mark closed archive regions in map: [0x00000000fff00000, 0x00000000fff6bff8]
[2024-11-14T17:42:50.044+0100][gc,cds       ] Mark open archive regions in map: [0x00000000ffe00000, 0x00000000ffe47ff8]
[2024-11-14T17:42:50.427+0100][gc,start     ] GC(0) Pause Young (Normal) (G1 Evacuation Pause)
[2024-11-14T17:42:50.428+0100][gc,task      ] GC(0) Using 10 workers of 10 for evacuation
[2024-11-14T17:42:50.433+0100][gc,phases    ] GC(0)   Pre Evacuate Collection Set: 0.0ms
[2024-11-14T17:42:50.433+0100][gc,phases    ] GC(0)   Evacuate Collection Set: 4.9ms
[2024-11-14T17:42:50.433+0100][gc,phases    ] GC(0)   Post Evacuate Collection Set: 0.3ms
[2024-11-14T17:42:50.433+0100][gc,phases    ] GC(0)   Other: 0.7ms
[2024-11-14T17:42:50.433+0100][gc,heap      ] GC(0) Eden regions: 51->0(44)
[2024-11-14T17:42:50.433+0100][gc,heap      ] GC(0) Survivor regions: 0->7(7)
[2024-11-14T17:42:50.433+0100][gc,heap      ] GC(0) Old regions: 2->3
[2024-11-14T17:42:50.433+0100][gc,heap      ] GC(0) Humongous regions: 0->0
[2024-11-14T17:42:50.433+0100][gc,metaspace ] GC(0) Metaspace: 13056K(13696K)->13056K(13696K) NonClass: 11402K(11776K)->11402K(11776K) Class: 1654K(1920K)->1654K(1920K)
[2024-11-14T17:42:50.433+0100][gc           ] GC(0) Pause Young (Normal) (G1 Evacuation Pause) 51M->8M(1024M) 6.004ms
[2024-11-14T17:42:50.433+0100][gc,cpu       ] GC(0) User=0.05s Sys=0.00s Real=0.00s
[2024-11-14T17:42:50.630+0100][gc,start     ] GC(1) Pause Young (Concurrent Start) (Metadata GC Threshold)
[2024-11-14T17:42:50.630+0100][gc,task      ] GC(1) Using 10 workers of 10 for evacuation
[2024-11-14T17:42:50.634+0100][gc,phases    ] GC(1)   Pre Evacuate Collection Set: 0.1ms
[2024-11-14T17:42:50.634+0100][gc,phases    ] GC(1)   Evacuate Collection Set: 3.9ms
[2024-11-14T17:42:50.634+0100][gc,phases    ] GC(1)   Post Evacuate Collection Set: 0.4ms
[2024-11-14T17:42:50.634+0100][gc,phases    ] GC(1)   Other: 0.2ms
[2024-11-14T17:42:50.634+0100][gc,heap      ] GC(1) Eden regions: 37->0(49)
[2024-11-14T17:42:50.634+0100][gc,heap      ] GC(1) Survivor regions: 7->2(7)
[2024-11-14T17:42:50.634+0100][gc,heap      ] GC(1) Old regions: 3->10
[2024-11-14T17:42:50.634+0100][gc,heap      ] GC(1) Humongous regions: 0->0
[2024-11-14T17:42:50.634+0100][gc,metaspace ] GC(1) Metaspace: 20657K(21248K)->20657K(21248K) NonClass: 18111K(18432K)->18111K(18432K) Class: 2546K(2816K)->2546K(2816K)
[2024-11-14T17:42:50.634+0100][gc           ] GC(1) Pause Young (Concurrent Start) (Metadata GC Threshold) 44M->9M(1024M) 4.670ms
[2024-11-14T17:42:50.634+0100][gc,cpu       ] GC(1) User=0.03s Sys=0.01s Real=0.00s
[2024-11-14T17:42:50.634+0100][gc           ] GC(2) Concurrent Cycle
[2024-11-14T17:42:50.634+0100][gc,marking   ] GC(2) Concurrent Clear Claimed Marks
[2024-11-14T17:42:50.634+0100][gc,marking   ] GC(2) Concurrent Clear Claimed Marks 0.012ms
[2024-11-14T17:42:50.634+0100][gc,marking   ] GC(2) Concurrent Scan Root Regions
[2024-11-14T17:42:50.635+0100][gc,marking   ] GC(2) Concurrent Scan Root Regions 0.860ms
[2024-11-14T17:42:50.635+0100][gc,marking   ] GC(2) Concurrent Mark (0.599s)
[2024-11-14T17:42:50.635+0100][gc,marking   ] GC(2) Concurrent Mark From Roots
[2024-11-14T17:42:50.635+0100][gc,task      ] GC(2) Using 3 workers of 3 for marking
[2024-11-14T17:42:50.638+0100][gc,marking   ] GC(2) Concurrent Mark From Roots 2.809ms
[2024-11-14T17:42:50.638+0100][gc,marking   ] GC(2) Concurrent Preclean
[2024-11-14T17:42:50.638+0100][gc,marking   ] GC(2) Concurrent Preclean 0.150ms
[2024-11-14T17:42:50.638+0100][gc,marking   ] GC(2) Concurrent Mark (0.599s, 0.602s) 2.989ms
[2024-11-14T17:42:50.638+0100][gc,start     ] GC(2) Pause Remark
[2024-11-14T17:42:50.639+0100][gc,stringtable] GC(2) Cleaned string and symbol table, strings: 5848 processed, 0 removed, symbols: 54669 processed, 46 removed
[2024-11-14T17:42:50.640+0100][gc            ] GC(2) Pause Remark 9M->9M(1024M) 1.354ms
[2024-11-14T17:42:50.640+0100][gc,cpu        ] GC(2) User=0.01s Sys=0.00s Real=0.00s
[2024-11-14T17:42:50.640+0100][gc,marking    ] GC(2) Concurrent Rebuild Remembered Sets
[2024-11-14T17:42:50.641+0100][gc,marking    ] GC(2) Concurrent Rebuild Remembered Sets 1.530ms
[2024-11-14T17:42:50.641+0100][gc,start      ] GC(2) Pause Cleanup
[2024-11-14T17:42:50.641+0100][gc            ] GC(2) Pause Cleanup 10M->10M(1024M) 0.099ms
[2024-11-14T17:42:50.641+0100][gc,cpu        ] GC(2) User=0.01s Sys=0.00s Real=0.00s
[2024-11-14T17:42:50.641+0100][gc,marking    ] GC(2) Concurrent Cleanup for Next Mark
[2024-11-14T17:42:50.643+0100][gc,marking    ] GC(2) Concurrent Cleanup for Next Mark 2.094ms
[2024-11-14T17:42:50.643+0100][gc            ] GC(2) Concurrent Cycle 9.215ms
[2024-11-14T17:42:50.989+0100][gc,start      ] GC(3) Pause Young (Normal) (G1 Evacuation Pause)
[2024-11-14T17:42:50.989+0100][gc,task       ] GC(3) Using 10 workers of 10 for evacuation
[2024-11-14T17:42:50.991+0100][gc,phases     ] GC(3)   Pre Evacuate Collection Set: 0.0ms
[2024-11-14T17:42:50.991+0100][gc,phases     ] GC(3)   Evacuate Collection Set: 1.4ms
[2024-11-14T17:42:50.991+0100][gc,phases     ] GC(3)   Post Evacuate Collection Set: 0.6ms
[2024-11-14T17:42:50.991+0100][gc,phases     ] GC(3)   Other: 0.1ms
[2024-11-14T17:42:50.991+0100][gc,heap       ] GC(3) Eden regions: 49->0(47)
[2024-11-14T17:42:50.991+0100][gc,heap       ] GC(3) Survivor regions: 2->4(7)
[2024-11-14T17:42:50.992+0100][gc,heap       ] GC(3) Old regions: 10->10
[2024-11-14T17:42:50.992+0100][gc,heap       ] GC(3) Humongous regions: 129->129
[2024-11-14T17:42:50.992+0100][gc,metaspace  ] GC(3) Metaspace: 28289K(29436K)->28289K(29436K) NonClass: 24968K(25600K)->24968K(25600K) Class: 3320K(3836K)->3320K(3836K)
[2024-11-14T17:42:50.992+0100][gc            ] GC(3) Pause Young (Normal) (G1 Evacuation Pause) 187M->140M(1024M) 2.149ms
[2024-11-14T17:42:50.992+0100][gc,cpu        ] GC(3) User=0.01s Sys=0.00s Real=0.00s
[2024-11-14T17:42:51.188+0100][gc,start      ] GC(4) Pause Young (Concurrent Start) (Metadata GC Threshold)
[2024-11-14T17:42:51.188+0100][gc,task       ] GC(4) Using 10 workers of 10 for evacuation
[2024-11-14T17:42:51.191+0100][gc,phases     ] GC(4)   Pre Evacuate Collection Set: 0.1ms
[2024-11-14T17:42:51.191+0100][gc,phases     ] GC(4)   Evacuate Collection Set: 2.2ms
[2024-11-14T17:42:51.191+0100][gc,phases     ] GC(4)   Post Evacuate Collection Set: 0.3ms
[2024-11-14T17:42:51.191+0100][gc,phases     ] GC(4)   Other: 0.2ms
[2024-11-14T17:42:51.191+0100][gc,heap       ] GC(4) Eden regions: 43->0(44)
[2024-11-14T17:42:51.191+0100][gc,heap       ] GC(4) Survivor regions: 4->7(7)
[2024-11-14T17:42:51.191+0100][gc,heap       ] GC(4) Old regions: 10->10
[2024-11-14T17:42:51.191+0100][gc,heap       ] GC(4) Humongous regions: 129->129
[2024-11-14T17:42:51.191+0100][gc,metaspace  ] GC(4) Metaspace: 34705K(36048K)->34705K(36048K) NonClass: 30722K(31444K)->30722K(31444K) Class: 3982K(4604K)->3982K(4604K)
[2024-11-14T17:42:51.191+0100][gc            ] GC(4) Pause Young (Concurrent Start) (Metadata GC Threshold) 182M->144M(1024M) 2.799ms
[2024-11-14T17:42:51.191+0100][gc,cpu        ] GC(4) User=0.02s Sys=0.00s Real=0.00s
[2024-11-14T17:42:51.191+0100][gc            ] GC(5) Concurrent Cycle
[2024-11-14T17:42:51.191+0100][gc,marking    ] GC(5) Concurrent Clear Claimed Marks
[2024-11-14T17:42:51.191+0100][gc,marking    ] GC(5) Concurrent Clear Claimed Marks 0.114ms
[2024-11-14T17:42:51.191+0100][gc,marking    ] GC(5) Concurrent Scan Root Regions
[2024-11-14T17:42:51.193+0100][gc,marking    ] GC(5) Concurrent Scan Root Regions 1.941ms
[2024-11-14T17:42:51.193+0100][gc,marking    ] GC(5) Concurrent Mark (1.157s)
[2024-11-14T17:42:51.193+0100][gc,marking    ] GC(5) Concurrent Mark From Roots
[2024-11-14T17:42:51.193+0100][gc,task       ] GC(5) Using 3 workers of 3 for marking
[2024-11-14T17:42:51.196+0100][gc,marking    ] GC(5) Concurrent Mark From Roots 3.413ms
[2024-11-14T17:42:51.197+0100][gc,marking    ] GC(5) Concurrent Preclean
[2024-11-14T17:42:51.197+0100][gc,marking    ] GC(5) Concurrent Preclean 0.113ms
[2024-11-14T17:42:51.197+0100][gc,marking    ] GC(5) Concurrent Mark (1.157s, 1.161s) 3.585ms
[2024-11-14T17:42:51.197+0100][gc,start      ] GC(5) Pause Remark
[2024-11-14T17:42:51.199+0100][gc,stringtable] GC(5) Cleaned string and symbol table, strings: 10165 processed, 10 removed, symbols: 84983 processed, 15 removed
[2024-11-14T17:42:51.199+0100][gc            ] GC(5) Pause Remark 145M->145M(1024M) 1.482ms
[2024-11-14T17:42:51.199+0100][gc,cpu        ] GC(5) User=0.01s Sys=0.01s Real=0.00s
[2024-11-14T17:42:51.199+0100][gc,marking    ] GC(5) Concurrent Rebuild Remembered Sets
[2024-11-14T17:42:51.200+0100][gc,marking    ] GC(5) Concurrent Rebuild Remembered Sets 1.460ms
[2024-11-14T17:42:51.201+0100][gc,start      ] GC(5) Pause Cleanup
[2024-11-14T17:42:51.201+0100][gc            ] GC(5) Pause Cleanup 145M->145M(1024M) 0.115ms
[2024-11-14T17:42:51.201+0100][gc,cpu        ] GC(5) User=0.00s Sys=0.00s Real=0.00s
[2024-11-14T17:42:51.201+0100][gc,marking    ] GC(5) Concurrent Cleanup for Next Mark
[2024-11-14T17:42:51.204+0100][gc,marking    ] GC(5) Concurrent Cleanup for Next Mark 3.046ms
[2024-11-14T17:42:51.204+0100][gc            ] GC(5) Concurrent Cycle 12.981ms
[2024-11-14T17:43:01.278+0100][gc,start      ] GC(6) Pause Young (Normal) (G1 Evacuation Pause)
[2024-11-14T17:43:01.278+0100][gc,task       ] GC(6) Using 10 workers of 10 for evacuation
[2024-11-14T17:43:01.284+0100][gc,phases     ] GC(6)   Pre Evacuate Collection Set: 0.0ms
[2024-11-14T17:43:01.284+0100][gc,phases     ] GC(6)   Evacuate Collection Set: 4.7ms
[2024-11-14T17:43:01.284+0100][gc,phases     ] GC(6)   Post Evacuate Collection Set: 0.6ms
[2024-11-14T17:43:01.284+0100][gc,phases     ] GC(6)   Other: 0.3ms
[2024-11-14T17:43:01.284+0100][gc,heap       ] GC(6) Eden regions: 44->0(48)
[2024-11-14T17:43:01.284+0100][gc,heap       ] GC(6) Survivor regions: 7->3(7)
[2024-11-14T17:43:01.284+0100][gc,heap       ] GC(6) Old regions: 10->17
[2024-11-14T17:43:01.284+0100][gc,heap       ] GC(6) Humongous regions: 135->129
[2024-11-14T17:43:01.284+0100][gc,metaspace  ] GC(6) Metaspace: 41604K(43856K)->41604K(43856K) NonClass: 36452K(37588K)->36452K(37588K) Class: 5152K(6268K)->5152K(6268K)
[2024-11-14T17:43:01.284+0100][gc            ] GC(6) Pause Young (Normal) (G1 Evacuation Pause) 194M->146M(1024M) 5.705ms
[2024-11-14T17:43:01.284+0100][gc,cpu        ] GC(6) User=0.03s Sys=0.01s Real=0.00s
[2024-11-14T17:43:01.521+0100][gc,heap,exit  ] Heap
[2024-11-14T17:43:01.521+0100][gc,heap,exit  ]  garbage-first heap   total 1048576K, used 160781K [0x00000000c0000000, 0x0000000100000000)
[2024-11-14T17:43:01.521+0100][gc,heap,exit  ]   region size 1024K, 15 young (15360K), 3 survivors (3072K)
[2024-11-14T17:43:01.521+0100][gc,heap,exit  ]  Metaspace       used 42783K, capacity 45101K, committed 45264K, reserved 1087488K
[2024-11-14T17:43:01.521+0100][gc,heap,exit  ]   class space    used 5429K, capacity 6562K, committed 6652K, reserved 1048576K
