[2024-11-14T19:09:09.994+0100][gc,heap] Heap region size: 1M
[2024-11-14T19:09:10.005+0100][gc     ] Using G1
[2024-11-14T19:09:10.005+0100][gc,heap,coops] Heap address: 0x00000000c0000000, size: 1024 MB, Compressed Oops mode: 32-bit
[2024-11-14T19:09:10.005+0100][gc,cds       ] Mark closed archive regions in map: [0x00000000fff00000, 0x00000000fff6bff8]
[2024-11-14T19:09:10.005+0100][gc,cds       ] Mark open archive regions in map: [0x00000000ffe00000, 0x00000000ffe47ff8]
[2024-11-14T19:09:10.414+0100][gc,start     ] GC(0) Pause Young (Normal) (G1 Evacuation Pause)
[2024-11-14T19:09:10.415+0100][gc,task      ] GC(0) Using 10 workers of 10 for evacuation
[2024-11-14T19:09:10.418+0100][gc,phases    ] GC(0)   Pre Evacuate Collection Set: 0.0ms
[2024-11-14T19:09:10.418+0100][gc,phases    ] GC(0)   Evacuate Collection Set: 2.9ms
[2024-11-14T19:09:10.418+0100][gc,phases    ] GC(0)   Post Evacuate Collection Set: 0.2ms
[2024-11-14T19:09:10.418+0100][gc,phases    ] GC(0)   Other: 0.9ms
[2024-11-14T19:09:10.418+0100][gc,heap      ] GC(0) Eden regions: 51->0(44)
[2024-11-14T19:09:10.418+0100][gc,heap      ] GC(0) Survivor regions: 0->7(7)
[2024-11-14T19:09:10.418+0100][gc,heap      ] GC(0) Old regions: 2->3
[2024-11-14T19:09:10.418+0100][gc,heap      ] GC(0) Humongous regions: 0->0
[2024-11-14T19:09:10.418+0100][gc,metaspace ] GC(0) Metaspace: 13062K(13696K)->13062K(13696K) NonClass: 11400K(11776K)->11400K(11776K) Class: 1662K(1920K)->1662K(1920K)
[2024-11-14T19:09:10.418+0100][gc           ] GC(0) Pause Young (Normal) (G1 Evacuation Pause) 51M->8M(1024M) 4.157ms
[2024-11-14T19:09:10.418+0100][gc,cpu       ] GC(0) User=0.03s Sys=0.00s Real=0.00s
[2024-11-14T19:09:10.675+0100][gc,start     ] GC(1) Pause Young (Concurrent Start) (Metadata GC Threshold)
[2024-11-14T19:09:10.675+0100][gc,task      ] GC(1) Using 10 workers of 10 for evacuation
[2024-11-14T19:09:10.684+0100][gc,phases    ] GC(1)   Pre Evacuate Collection Set: 0.1ms
[2024-11-14T19:09:10.684+0100][gc,phases    ] GC(1)   Evacuate Collection Set: 7.8ms
[2024-11-14T19:09:10.684+0100][gc,phases    ] GC(1)   Post Evacuate Collection Set: 0.4ms
[2024-11-14T19:09:10.684+0100][gc,phases    ] GC(1)   Other: 0.2ms
[2024-11-14T19:09:10.684+0100][gc,heap      ] GC(1) Eden regions: 37->0(49)
[2024-11-14T19:09:10.684+0100][gc,heap      ] GC(1) Survivor regions: 7->2(7)
[2024-11-14T19:09:10.684+0100][gc,heap      ] GC(1) Old regions: 3->10
[2024-11-14T19:09:10.684+0100][gc,heap      ] GC(1) Humongous regions: 0->0
[2024-11-14T19:09:10.684+0100][gc,metaspace ] GC(1) Metaspace: 20575K(21248K)->20575K(21248K) NonClass: 18038K(18432K)->18038K(18432K) Class: 2536K(2816K)->2536K(2816K)
[2024-11-14T19:09:10.684+0100][gc           ] GC(1) Pause Young (Concurrent Start) (Metadata GC Threshold) 44M->9M(1024M) 8.577ms
[2024-11-14T19:09:10.684+0100][gc,cpu       ] GC(1) User=0.04s Sys=0.00s Real=0.01s
[2024-11-14T19:09:10.684+0100][gc           ] GC(2) Concurrent Cycle
[2024-11-14T19:09:10.684+0100][gc,marking   ] GC(2) Concurrent Clear Claimed Marks
[2024-11-14T19:09:10.684+0100][gc,marking   ] GC(2) Concurrent Clear Claimed Marks 0.046ms
[2024-11-14T19:09:10.684+0100][gc,marking   ] GC(2) Concurrent Scan Root Regions
[2024-11-14T19:09:10.686+0100][gc,marking   ] GC(2) Concurrent Scan Root Regions 1.607ms
[2024-11-14T19:09:10.686+0100][gc,marking   ] GC(2) Concurrent Mark (0.694s)
[2024-11-14T19:09:10.686+0100][gc,marking   ] GC(2) Concurrent Mark From Roots
[2024-11-14T19:09:10.686+0100][gc,task      ] GC(2) Using 3 workers of 3 for marking
[2024-11-14T19:09:10.689+0100][gc,marking   ] GC(2) Concurrent Mark From Roots 3.405ms
[2024-11-14T19:09:10.689+0100][gc,marking   ] GC(2) Concurrent Preclean
[2024-11-14T19:09:10.689+0100][gc,marking   ] GC(2) Concurrent Preclean 0.107ms
[2024-11-14T19:09:10.689+0100][gc,marking   ] GC(2) Concurrent Mark (0.694s, 0.698s) 3.564ms
[2024-11-14T19:09:10.689+0100][gc,start     ] GC(2) Pause Remark
[2024-11-14T19:09:10.690+0100][gc,stringtable] GC(2) Cleaned string and symbol table, strings: 5839 processed, 0 removed, symbols: 54545 processed, 46 removed
[2024-11-14T19:09:10.691+0100][gc            ] GC(2) Pause Remark 10M->10M(1024M) 1.169ms
[2024-11-14T19:09:10.691+0100][gc,cpu        ] GC(2) User=0.00s Sys=0.00s Real=0.01s
[2024-11-14T19:09:10.691+0100][gc,marking    ] GC(2) Concurrent Rebuild Remembered Sets
[2024-11-14T19:09:10.692+0100][gc,marking    ] GC(2) Concurrent Rebuild Remembered Sets 1.872ms
[2024-11-14T19:09:10.693+0100][gc,start      ] GC(2) Pause Cleanup
[2024-11-14T19:09:10.693+0100][gc            ] GC(2) Pause Cleanup 11M->11M(1024M) 0.112ms
[2024-11-14T19:09:10.693+0100][gc,cpu        ] GC(2) User=0.00s Sys=0.00s Real=0.00s
[2024-11-14T19:09:10.693+0100][gc,marking    ] GC(2) Concurrent Cleanup for Next Mark
[2024-11-14T19:09:10.696+0100][gc,marking    ] GC(2) Concurrent Cleanup for Next Mark 2.863ms
[2024-11-14T19:09:10.696+0100][gc            ] GC(2) Concurrent Cycle 11.679ms
[2024-11-14T19:09:11.114+0100][gc,start      ] GC(3) Pause Young (Normal) (G1 Evacuation Pause)
[2024-11-14T19:09:11.114+0100][gc,task       ] GC(3) Using 10 workers of 10 for evacuation
[2024-11-14T19:09:11.116+0100][gc,phases     ] GC(3)   Pre Evacuate Collection Set: 0.0ms
[2024-11-14T19:09:11.116+0100][gc,phases     ] GC(3)   Evacuate Collection Set: 1.2ms
[2024-11-14T19:09:11.116+0100][gc,phases     ] GC(3)   Post Evacuate Collection Set: 0.2ms
[2024-11-14T19:09:11.116+0100][gc,phases     ] GC(3)   Other: 0.1ms
[2024-11-14T19:09:11.116+0100][gc,heap       ] GC(3) Eden regions: 49->0(47)
[2024-11-14T19:09:11.116+0100][gc,heap       ] GC(3) Survivor regions: 2->4(7)
[2024-11-14T19:09:11.116+0100][gc,heap       ] GC(3) Old regions: 10->10
[2024-11-14T19:09:11.116+0100][gc,heap       ] GC(3) Humongous regions: 129->129
[2024-11-14T19:09:11.116+0100][gc,metaspace  ] GC(3) Metaspace: 26648K(27772K)->26648K(27772K) NonClass: 23443K(24064K)->23443K(24064K) Class: 3205K(3708K)->3205K(3708K)
[2024-11-14T19:09:11.116+0100][gc            ] GC(3) Pause Young (Normal) (G1 Evacuation Pause) 187M->140M(1024M) 1.566ms
[2024-11-14T19:09:11.116+0100][gc,cpu        ] GC(3) User=0.02s Sys=0.00s Real=0.00s
[2024-11-14T19:09:11.385+0100][gc,start      ] GC(4) Pause Young (Normal) (G1 Evacuation Pause)
[2024-11-14T19:09:11.385+0100][gc,task       ] GC(4) Using 10 workers of 10 for evacuation
[2024-11-14T19:09:11.388+0100][gc,phases     ] GC(4)   Pre Evacuate Collection Set: 0.0ms
[2024-11-14T19:09:11.388+0100][gc,phases     ] GC(4)   Evacuate Collection Set: 2.1ms
[2024-11-14T19:09:11.388+0100][gc,phases     ] GC(4)   Post Evacuate Collection Set: 0.3ms
[2024-11-14T19:09:11.388+0100][gc,phases     ] GC(4)   Other: 0.2ms
[2024-11-14T19:09:11.388+0100][gc,heap       ] GC(4) Eden regions: 47->0(44)
[2024-11-14T19:09:11.388+0100][gc,heap       ] GC(4) Survivor regions: 4->7(7)
[2024-11-14T19:09:11.388+0100][gc,heap       ] GC(4) Old regions: 10->10
[2024-11-14T19:09:11.388+0100][gc,heap       ] GC(4) Humongous regions: 129->129
[2024-11-14T19:09:11.388+0100][gc,metaspace  ] GC(4) Metaspace: 33968K(35580K)->33968K(35580K) NonClass: 30060K(30976K)->30060K(30976K) Class: 3907K(4604K)->3907K(4604K)
[2024-11-14T19:09:11.388+0100][gc            ] GC(4) Pause Young (Normal) (G1 Evacuation Pause) 187M->144M(1024M) 2.658ms
[2024-11-14T19:09:11.388+0100][gc,cpu        ] GC(4) User=0.02s Sys=0.00s Real=0.00s
[2024-11-14T19:09:11.416+0100][gc,start      ] GC(5) Pause Young (Concurrent Start) (Metadata GC Threshold)
[2024-11-14T19:09:11.416+0100][gc,task       ] GC(5) Using 10 workers of 10 for evacuation
[2024-11-14T19:09:11.420+0100][gc,phases     ] GC(5)   Pre Evacuate Collection Set: 0.2ms
[2024-11-14T19:09:11.420+0100][gc,phases     ] GC(5)   Evacuate Collection Set: 3.2ms
[2024-11-14T19:09:11.420+0100][gc,phases     ] GC(5)   Post Evacuate Collection Set: 0.2ms
[2024-11-14T19:09:11.420+0100][gc,phases     ] GC(5)   Other: 0.2ms
[2024-11-14T19:09:11.420+0100][gc,heap       ] GC(5) Eden regions: 5->0(49)
[2024-11-14T19:09:11.420+0100][gc,heap       ] GC(5) Survivor regions: 7->2(7)
[2024-11-14T19:09:11.420+0100][gc,heap       ] GC(5) Old regions: 10->17
[2024-11-14T19:09:11.420+0100][gc,heap       ] GC(5) Humongous regions: 129->129
[2024-11-14T19:09:11.420+0100][gc,metaspace  ] GC(5) Metaspace: 34643K(36048K)->34643K(36048K) NonClass: 30674K(31444K)->30674K(31444K) Class: 3968K(4604K)->3968K(4604K)
[2024-11-14T19:09:11.420+0100][gc            ] GC(5) Pause Young (Concurrent Start) (Metadata GC Threshold) 148M->145M(1024M) 3.847ms
[2024-11-14T19:09:11.420+0100][gc,cpu        ] GC(5) User=0.03s Sys=0.01s Real=0.00s
[2024-11-14T19:09:11.420+0100][gc            ] GC(6) Concurrent Cycle
[2024-11-14T19:09:11.420+0100][gc,marking    ] GC(6) Concurrent Clear Claimed Marks
[2024-11-14T19:09:11.420+0100][gc,marking    ] GC(6) Concurrent Clear Claimed Marks 0.115ms
[2024-11-14T19:09:11.420+0100][gc,marking    ] GC(6) Concurrent Scan Root Regions
[2024-11-14T19:09:11.420+0100][gc,marking    ] GC(6) Concurrent Scan Root Regions 0.286ms
[2024-11-14T19:09:11.420+0100][gc,marking    ] GC(6) Concurrent Mark (1.429s)
[2024-11-14T19:09:11.420+0100][gc,marking    ] GC(6) Concurrent Mark From Roots
[2024-11-14T19:09:11.420+0100][gc,task       ] GC(6) Using 3 workers of 3 for marking
[2024-11-14T19:09:11.427+0100][gc,marking    ] GC(6) Concurrent Mark From Roots 6.494ms
[2024-11-14T19:09:11.427+0100][gc,marking    ] GC(6) Concurrent Preclean
[2024-11-14T19:09:11.427+0100][gc,marking    ] GC(6) Concurrent Preclean 0.150ms
[2024-11-14T19:09:11.427+0100][gc,marking    ] GC(6) Concurrent Mark (1.429s, 1.436s) 6.686ms
[2024-11-14T19:09:11.427+0100][gc,start      ] GC(6) Pause Remark
[2024-11-14T19:09:11.430+0100][gc,stringtable] GC(6) Cleaned string and symbol table, strings: 10364 processed, 10 removed, symbols: 83337 processed, 17 removed
[2024-11-14T19:09:11.430+0100][gc            ] GC(6) Pause Remark 147M->147M(1024M) 2.925ms
[2024-11-14T19:09:11.430+0100][gc,cpu        ] GC(6) User=0.02s Sys=0.00s Real=0.00s
[2024-11-14T19:09:11.430+0100][gc,marking    ] GC(6) Concurrent Rebuild Remembered Sets
[2024-11-14T19:09:11.434+0100][gc,marking    ] GC(6) Concurrent Rebuild Remembered Sets 3.636ms
[2024-11-14T19:09:11.435+0100][gc,start      ] GC(6) Pause Cleanup
[2024-11-14T19:09:11.435+0100][gc            ] GC(6) Pause Cleanup 147M->147M(1024M) 0.180ms
[2024-11-14T19:09:11.435+0100][gc,cpu        ] GC(6) User=0.00s Sys=0.00s Real=0.00s
[2024-11-14T19:09:11.435+0100][gc,marking    ] GC(6) Concurrent Cleanup for Next Mark
[2024-11-14T19:09:11.439+0100][gc,marking    ] GC(6) Concurrent Cleanup for Next Mark 3.141ms
[2024-11-14T19:09:11.439+0100][gc            ] GC(6) Concurrent Cycle 18.726ms
[2024-11-14T19:09:11.909+0100][gc,start      ] GC(7) Pause Young (Normal) (G1 Evacuation Pause)
[2024-11-14T19:09:11.909+0100][gc,task       ] GC(7) Using 10 workers of 10 for evacuation
[2024-11-14T19:09:11.911+0100][gc,phases     ] GC(7)   Pre Evacuate Collection Set: 0.0ms
[2024-11-14T19:09:11.911+0100][gc,phases     ] GC(7)   Evacuate Collection Set: 1.5ms
[2024-11-14T19:09:11.911+0100][gc,phases     ] GC(7)   Post Evacuate Collection Set: 0.5ms
[2024-11-14T19:09:11.911+0100][gc,phases     ] GC(7)   Other: 0.3ms
[2024-11-14T19:09:11.911+0100][gc,heap       ] GC(7) Eden regions: 49->0(48)
[2024-11-14T19:09:11.911+0100][gc,heap       ] GC(7) Survivor regions: 2->3(7)
[2024-11-14T19:09:11.911+0100][gc,heap       ] GC(7) Old regions: 17->17
[2024-11-14T19:09:11.911+0100][gc,heap       ] GC(7) Humongous regions: 141->141
[2024-11-14T19:09:11.911+0100][gc,metaspace  ] GC(7) Metaspace: 41692K(43984K)->41692K(43984K) NonClass: 36586K(37844K)->36586K(37844K) Class: 5105K(6140K)->5105K(6140K)
[2024-11-14T19:09:11.911+0100][gc            ] GC(7) Pause Young (Normal) (G1 Evacuation Pause) 206M->159M(1024M) 2.283ms
[2024-11-14T19:09:11.911+0100][gc,cpu        ] GC(7) User=0.02s Sys=0.00s Real=0.01s
