[2024-11-20T08:48:54.919+0100][gc,heap] Heap region size: 1M
[2024-11-20T08:48:54.928+0100][gc     ] Using G1
[2024-11-20T08:48:54.928+0100][gc,heap,coops] Heap address: 0x00000000c0000000, size: 1024 MB, Compressed Oops mode: 32-bit
[2024-11-20T08:48:54.928+0100][gc,cds       ] Mark closed archive regions in map: [0x00000000fff00000, 0x00000000fff6bff8]
[2024-11-20T08:48:54.928+0100][gc,cds       ] Mark open archive regions in map: [0x00000000ffe00000, 0x00000000ffe47ff8]
[2024-11-20T08:48:55.488+0100][gc,start     ] GC(0) Pause Young (Normal) (G1 Evacuation Pause)
[2024-11-20T08:48:55.489+0100][gc,task      ] GC(0) Using 10 workers of 10 for evacuation
[2024-11-20T08:48:55.494+0100][gc,phases    ] GC(0)   Pre Evacuate Collection Set: 0.0ms
[2024-11-20T08:48:55.494+0100][gc,phases    ] GC(0)   Evacuate Collection Set: 5.3ms
[2024-11-20T08:48:55.494+0100][gc,phases    ] GC(0)   Post Evacuate Collection Set: 0.3ms
[2024-11-20T08:48:55.494+0100][gc,phases    ] GC(0)   Other: 1.1ms
[2024-11-20T08:48:55.494+0100][gc,heap      ] GC(0) Eden regions: 51->0(44)
[2024-11-20T08:48:55.494+0100][gc,heap      ] GC(0) Survivor regions: 0->7(7)
[2024-11-20T08:48:55.494+0100][gc,heap      ] GC(0) Old regions: 2->3
[2024-11-20T08:48:55.494+0100][gc,heap      ] GC(0) Humongous regions: 0->0
[2024-11-20T08:48:55.494+0100][gc,metaspace ] GC(0) Metaspace: 13067K(13696K)->13067K(13696K) NonClass: 11413K(11776K)->11413K(11776K) Class: 1654K(1920K)->1654K(1920K)
[2024-11-20T08:48:55.494+0100][gc           ] GC(0) Pause Young (Normal) (G1 Evacuation Pause) 51M->8M(1024M) 6.769ms
[2024-11-20T08:48:55.494+0100][gc,cpu       ] GC(0) User=0.05s Sys=0.01s Real=0.01s
[2024-11-20T08:48:55.866+0100][gc,start     ] GC(1) Pause Young (Concurrent Start) (Metadata GC Threshold)
[2024-11-20T08:48:55.866+0100][gc,task      ] GC(1) Using 10 workers of 10 for evacuation
[2024-11-20T08:48:55.873+0100][gc,phases    ] GC(1)   Pre Evacuate Collection Set: 0.1ms
[2024-11-20T08:48:55.873+0100][gc,phases    ] GC(1)   Evacuate Collection Set: 7.0ms
[2024-11-20T08:48:55.873+0100][gc,phases    ] GC(1)   Post Evacuate Collection Set: 0.5ms
[2024-11-20T08:48:55.874+0100][gc,phases    ] GC(1)   Other: 0.3ms
[2024-11-20T08:48:55.874+0100][gc,heap      ] GC(1) Eden regions: 38->0(49)
[2024-11-20T08:48:55.874+0100][gc,heap      ] GC(1) Survivor regions: 7->2(7)
[2024-11-20T08:48:55.874+0100][gc,heap      ] GC(1) Old regions: 3->10
[2024-11-20T08:48:55.874+0100][gc,heap      ] GC(1) Humongous regions: 0->0
[2024-11-20T08:48:55.874+0100][gc,metaspace ] GC(1) Metaspace: 20668K(21296K)->20668K(21296K) NonClass: 18111K(18480K)->18111K(18480K) Class: 2557K(2816K)->2557K(2816K)
[2024-11-20T08:48:55.874+0100][gc           ] GC(1) Pause Young (Concurrent Start) (Metadata GC Threshold) 46M->9M(1024M) 7.994ms
[2024-11-20T08:48:55.874+0100][gc,cpu       ] GC(1) User=0.04s Sys=0.00s Real=0.01s
[2024-11-20T08:48:55.874+0100][gc           ] GC(2) Concurrent Cycle
[2024-11-20T08:48:55.874+0100][gc,marking   ] GC(2) Concurrent Clear Claimed Marks
[2024-11-20T08:48:55.874+0100][gc,marking   ] GC(2) Concurrent Clear Claimed Marks 0.034ms
[2024-11-20T08:48:55.874+0100][gc,marking   ] GC(2) Concurrent Scan Root Regions
[2024-11-20T08:48:55.875+0100][gc,marking   ] GC(2) Concurrent Scan Root Regions 1.584ms
[2024-11-20T08:48:55.875+0100][gc,marking   ] GC(2) Concurrent Mark (0.959s)
[2024-11-20T08:48:55.875+0100][gc,marking   ] GC(2) Concurrent Mark From Roots
[2024-11-20T08:48:55.876+0100][gc,task      ] GC(2) Using 3 workers of 3 for marking
[2024-11-20T08:48:55.880+0100][gc,marking   ] GC(2) Concurrent Mark From Roots 4.524ms
[2024-11-20T08:48:55.880+0100][gc,marking   ] GC(2) Concurrent Preclean
[2024-11-20T08:48:55.880+0100][gc,marking   ] GC(2) Concurrent Preclean 0.138ms
[2024-11-20T08:48:55.880+0100][gc,marking   ] GC(2) Concurrent Mark (0.959s, 0.963s) 4.707ms
[2024-11-20T08:48:55.880+0100][gc,start     ] GC(2) Pause Remark
[2024-11-20T08:48:55.882+0100][gc,stringtable] GC(2) Cleaned string and symbol table, strings: 5910 processed, 0 removed, symbols: 54957 processed, 49 removed
[2024-11-20T08:48:55.882+0100][gc            ] GC(2) Pause Remark 10M->10M(1024M) 2.246ms
[2024-11-20T08:48:55.882+0100][gc,cpu        ] GC(2) User=0.01s Sys=0.00s Real=0.00s
[2024-11-20T08:48:55.883+0100][gc,marking    ] GC(2) Concurrent Rebuild Remembered Sets
[2024-11-20T08:48:55.884+0100][gc,marking    ] GC(2) Concurrent Rebuild Remembered Sets 1.818ms
[2024-11-20T08:48:55.884+0100][gc,start      ] GC(2) Pause Cleanup
[2024-11-20T08:48:55.885+0100][gc            ] GC(2) Pause Cleanup 10M->10M(1024M) 0.186ms
[2024-11-20T08:48:55.885+0100][gc,cpu        ] GC(2) User=0.00s Sys=0.00s Real=0.00s
[2024-11-20T08:48:55.885+0100][gc,marking    ] GC(2) Concurrent Cleanup for Next Mark
[2024-11-20T08:48:55.888+0100][gc,marking    ] GC(2) Concurrent Cleanup for Next Mark 3.011ms
[2024-11-20T08:48:55.888+0100][gc            ] GC(2) Concurrent Cycle 14.123ms
[2024-11-20T08:48:56.243+0100][gc,start      ] GC(3) Pause Young (Normal) (G1 Evacuation Pause)
[2024-11-20T08:48:56.243+0100][gc,task       ] GC(3) Using 10 workers of 10 for evacuation
[2024-11-20T08:48:56.246+0100][gc,phases     ] GC(3)   Pre Evacuate Collection Set: 0.0ms
[2024-11-20T08:48:56.247+0100][gc,phases     ] GC(3)   Evacuate Collection Set: 2.5ms
[2024-11-20T08:48:56.247+0100][gc,phases     ] GC(3)   Post Evacuate Collection Set: 0.5ms
[2024-11-20T08:48:56.247+0100][gc,phases     ] GC(3)   Other: 0.2ms
[2024-11-20T08:48:56.247+0100][gc,heap       ] GC(3) Eden regions: 49->0(47)
[2024-11-20T08:48:56.247+0100][gc,heap       ] GC(3) Survivor regions: 2->4(7)
[2024-11-20T08:48:56.247+0100][gc,heap       ] GC(3) Old regions: 10->10
[2024-11-20T08:48:56.247+0100][gc,heap       ] GC(3) Humongous regions: 129->129
[2024-11-20T08:48:56.247+0100][gc,metaspace  ] GC(3) Metaspace: 29323K(30464K)->29323K(30464K) NonClass: 25929K(26624K)->25929K(26624K) Class: 3393K(3840K)->3393K(3840K)
[2024-11-20T08:48:56.247+0100][gc            ] GC(3) Pause Young (Normal) (G1 Evacuation Pause) 187M->141M(1024M) 3.272ms
[2024-11-20T08:48:56.247+0100][gc,cpu        ] GC(3) User=0.03s Sys=0.00s Real=0.00s
[2024-11-20T08:48:56.517+0100][gc,start      ] GC(4) Pause Young (Concurrent Start) (Metadata GC Threshold)
[2024-11-20T08:48:56.517+0100][gc,task       ] GC(4) Using 10 workers of 10 for evacuation
[2024-11-20T08:48:56.521+0100][gc,phases     ] GC(4)   Pre Evacuate Collection Set: 0.1ms
[2024-11-20T08:48:56.521+0100][gc,phases     ] GC(4)   Evacuate Collection Set: 2.6ms
[2024-11-20T08:48:56.521+0100][gc,phases     ] GC(4)   Post Evacuate Collection Set: 0.5ms
[2024-11-20T08:48:56.521+0100][gc,phases     ] GC(4)   Other: 0.3ms
[2024-11-20T08:48:56.521+0100][gc,heap       ] GC(4) Eden regions: 33->0(44)
[2024-11-20T08:48:56.521+0100][gc,heap       ] GC(4) Survivor regions: 4->7(7)
[2024-11-20T08:48:56.521+0100][gc,heap       ] GC(4) Old regions: 10->10
[2024-11-20T08:48:56.521+0100][gc,heap       ] GC(4) Humongous regions: 129->129
[2024-11-20T08:48:56.521+0100][gc,metaspace  ] GC(4) Metaspace: 34481K(35840K)->34481K(35840K) NonClass: 30546K(31232K)->30546K(31232K) Class: 3935K(4608K)->3935K(4608K)
[2024-11-20T08:48:56.521+0100][gc            ] GC(4) Pause Young (Concurrent Start) (Metadata GC Threshold) 173M->144M(1024M) 3.650ms
[2024-11-20T08:48:56.521+0100][gc,cpu        ] GC(4) User=0.03s Sys=0.00s Real=0.01s
[2024-11-20T08:48:56.521+0100][gc            ] GC(5) Concurrent Cycle
[2024-11-20T08:48:56.521+0100][gc,marking    ] GC(5) Concurrent Clear Claimed Marks
[2024-11-20T08:48:56.521+0100][gc,marking    ] GC(5) Concurrent Clear Claimed Marks 0.138ms
[2024-11-20T08:48:56.521+0100][gc,marking    ] GC(5) Concurrent Scan Root Regions
[2024-11-20T08:48:56.523+0100][gc,marking    ] GC(5) Concurrent Scan Root Regions 2.177ms
[2024-11-20T08:48:56.523+0100][gc,marking    ] GC(5) Concurrent Mark (1.607s)
[2024-11-20T08:48:56.523+0100][gc,marking    ] GC(5) Concurrent Mark From Roots
[2024-11-20T08:48:56.523+0100][gc,task       ] GC(5) Using 3 workers of 3 for marking
[2024-11-20T08:48:56.528+0100][gc,marking    ] GC(5) Concurrent Mark From Roots 4.741ms
[2024-11-20T08:48:56.528+0100][gc,marking    ] GC(5) Concurrent Preclean
[2024-11-20T08:48:56.528+0100][gc,marking    ] GC(5) Concurrent Preclean 0.149ms
[2024-11-20T08:48:56.528+0100][gc,marking    ] GC(5) Concurrent Mark (1.607s, 1.612s) 4.942ms
[2024-11-20T08:48:56.528+0100][gc,start      ] GC(5) Pause Remark
[2024-11-20T08:48:56.530+0100][gc,stringtable] GC(5) Cleaned string and symbol table, strings: 11769 processed, 10 removed, symbols: 87622 processed, 13 removed
[2024-11-20T08:48:56.531+0100][gc            ] GC(5) Pause Remark 145M->145M(1024M) 2.100ms
[2024-11-20T08:48:56.531+0100][gc,cpu        ] GC(5) User=0.02s Sys=0.00s Real=0.01s
[2024-11-20T08:48:56.531+0100][gc,marking    ] GC(5) Concurrent Rebuild Remembered Sets
[2024-11-20T08:48:56.533+0100][gc,marking    ] GC(5) Concurrent Rebuild Remembered Sets 2.822ms
[2024-11-20T08:48:56.534+0100][gc,start      ] GC(5) Pause Cleanup
[2024-11-20T08:48:56.534+0100][gc            ] GC(5) Pause Cleanup 146M->146M(1024M) 0.185ms
[2024-11-20T08:48:56.534+0100][gc,cpu        ] GC(5) User=0.00s Sys=0.00s Real=0.00s
[2024-11-20T08:48:56.534+0100][gc,marking    ] GC(5) Concurrent Cleanup for Next Mark
[2024-11-20T08:48:56.537+0100][gc,marking    ] GC(5) Concurrent Cleanup for Next Mark 3.339ms
[2024-11-20T08:48:56.537+0100][gc            ] GC(5) Concurrent Cycle 16.315ms
[2024-11-20T08:58:35.329+0100][gc,start      ] GC(6) Pause Young (Normal) (G1 Evacuation Pause)
[2024-11-20T08:58:35.329+0100][gc,task       ] GC(6) Using 10 workers of 10 for evacuation
[2024-11-20T08:58:35.335+0100][gc,phases     ] GC(6)   Pre Evacuate Collection Set: 0.0ms
[2024-11-20T08:58:35.335+0100][gc,phases     ] GC(6)   Evacuate Collection Set: 4.8ms
[2024-11-20T08:58:35.335+0100][gc,phases     ] GC(6)   Post Evacuate Collection Set: 1.0ms
[2024-11-20T08:58:35.335+0100][gc,phases     ] GC(6)   Other: 0.1ms
[2024-11-20T08:58:35.335+0100][gc,heap       ] GC(6) Eden regions: 44->0(45)
[2024-11-20T08:58:35.335+0100][gc,heap       ] GC(6) Survivor regions: 7->6(7)
[2024-11-20T08:58:35.335+0100][gc,heap       ] GC(6) Old regions: 10->14
[2024-11-20T08:58:35.335+0100][gc,heap       ] GC(6) Humongous regions: 129->129
[2024-11-20T08:58:35.335+0100][gc,metaspace  ] GC(6) Metaspace: 41660K(44032K)->41660K(44032K) NonClass: 36383K(37632K)->36383K(37632K) Class: 5276K(6400K)->5276K(6400K)
[2024-11-20T08:58:35.335+0100][gc            ] GC(6) Pause Young (Normal) (G1 Evacuation Pause) 188M->146M(1024M) 6.066ms
[2024-11-20T08:58:35.335+0100][gc,cpu        ] GC(6) User=0.05s Sys=0.00s Real=0.01s
[2024-11-20T09:01:19.475+0100][gc,start      ] GC(7) Pause Young (Normal) (G1 Evacuation Pause)
[2024-11-20T09:01:19.475+0100][gc,task       ] GC(7) Using 10 workers of 10 for evacuation
[2024-11-20T09:01:19.479+0100][gc,phases     ] GC(7)   Pre Evacuate Collection Set: 0.0ms
[2024-11-20T09:01:19.479+0100][gc,phases     ] GC(7)   Evacuate Collection Set: 3.5ms
[2024-11-20T09:01:19.479+0100][gc,phases     ] GC(7)   Post Evacuate Collection Set: 0.8ms
[2024-11-20T09:01:19.479+0100][gc,phases     ] GC(7)   Other: 0.2ms
[2024-11-20T09:01:19.479+0100][gc,heap       ] GC(7) Eden regions: 45->0(46)
[2024-11-20T09:01:19.479+0100][gc,heap       ] GC(7) Survivor regions: 6->5(7)
[2024-11-20T09:01:19.479+0100][gc,heap       ] GC(7) Old regions: 14->17
[2024-11-20T09:01:19.479+0100][gc,heap       ] GC(7) Humongous regions: 129->129
[2024-11-20T09:01:19.479+0100][gc,metaspace  ] GC(7) Metaspace: 45725K(48512K)->45725K(48512K) NonClass: 39841K(41216K)->39841K(41216K) Class: 5884K(7296K)->5884K(7296K)
[2024-11-20T09:01:19.479+0100][gc            ] GC(7) Pause Young (Normal) (G1 Evacuation Pause) 191M->148M(1024M) 4.462ms
[2024-11-20T09:01:19.479+0100][gc,cpu        ] GC(7) User=0.03s Sys=0.00s Real=0.00s
[2024-11-20T09:09:25.095+0100][gc,start      ] GC(8) Pause Young (Normal) (G1 Evacuation Pause)
[2024-11-20T09:09:25.095+0100][gc,task       ] GC(8) Using 10 workers of 10 for evacuation
[2024-11-20T09:09:25.099+0100][gc,phases     ] GC(8)   Pre Evacuate Collection Set: 0.0ms
[2024-11-20T09:09:25.099+0100][gc,phases     ] GC(8)   Evacuate Collection Set: 2.4ms
[2024-11-20T09:09:25.099+0100][gc,phases     ] GC(8)   Post Evacuate Collection Set: 0.9ms
[2024-11-20T09:09:25.099+0100][gc,phases     ] GC(8)   Other: 0.1ms
[2024-11-20T09:09:25.099+0100][gc,heap       ] GC(8) Eden regions: 46->0(46)
[2024-11-20T09:09:25.099+0100][gc,heap       ] GC(8) Survivor regions: 5->5(7)
[2024-11-20T09:09:25.099+0100][gc,heap       ] GC(8) Old regions: 17->19
[2024-11-20T09:09:25.099+0100][gc,heap       ] GC(8) Humongous regions: 129->129
[2024-11-20T09:09:25.099+0100][gc,metaspace  ] GC(8) Metaspace: 46676K(49792K)->46676K(49792K) NonClass: 40780K(42496K)->40780K(42496K) Class: 5895K(7296K)->5895K(7296K)
[2024-11-20T09:09:25.099+0100][gc            ] GC(8) Pause Young (Normal) (G1 Evacuation Pause) 194M->150M(1024M) 3.578ms
[2024-11-20T09:09:25.099+0100][gc,cpu        ] GC(8) User=0.02s Sys=0.00s Real=0.00s
[2024-11-20T09:22:30.095+0100][gc,start      ] GC(9) Pause Young (Normal) (G1 Evacuation Pause)
[2024-11-20T09:22:30.095+0100][gc,task       ] GC(9) Using 10 workers of 10 for evacuation
[2024-11-20T09:22:30.099+0100][gc,phases     ] GC(9)   Pre Evacuate Collection Set: 0.0ms
[2024-11-20T09:22:30.099+0100][gc,phases     ] GC(9)   Evacuate Collection Set: 3.1ms
[2024-11-20T09:22:30.099+0100][gc,phases     ] GC(9)   Post Evacuate Collection Set: 0.7ms
[2024-11-20T09:22:30.099+0100][gc,phases     ] GC(9)   Other: 0.2ms
[2024-11-20T09:22:30.099+0100][gc,heap       ] GC(9) Eden regions: 46->0(54)
[2024-11-20T09:22:30.099+0100][gc,heap       ] GC(9) Survivor regions: 5->2(7)
[2024-11-20T09:22:30.099+0100][gc,heap       ] GC(9) Old regions: 19->22
[2024-11-20T09:22:30.099+0100][gc,heap       ] GC(9) Humongous regions: 129->129
[2024-11-20T09:22:30.099+0100][gc,metaspace  ] GC(9) Metaspace: 46760K(49792K)->46760K(49792K) NonClass: 40864K(42496K)->40864K(42496K) Class: 5895K(7296K)->5895K(7296K)
[2024-11-20T09:22:30.099+0100][gc            ] GC(9) Pause Young (Normal) (G1 Evacuation Pause) 196M->150M(1024M) 4.169ms
[2024-11-20T09:22:30.099+0100][gc,cpu        ] GC(9) User=0.03s Sys=0.00s Real=0.00s
[2024-11-20T09:38:17.505+0100][gc,start      ] GC(10) Pause Young (Normal) (G1 Evacuation Pause)
[2024-11-20T09:38:17.505+0100][gc,task       ] GC(10) Using 10 workers of 10 for evacuation
[2024-11-20T09:38:17.507+0100][gc,phases     ] GC(10)   Pre Evacuate Collection Set: 0.0ms
[2024-11-20T09:38:17.507+0100][gc,phases     ] GC(10)   Evacuate Collection Set: 1.4ms
[2024-11-20T09:38:17.507+0100][gc,phases     ] GC(10)   Post Evacuate Collection Set: 0.6ms
[2024-11-20T09:38:17.507+0100][gc,phases     ] GC(10)   Other: 0.2ms
[2024-11-20T09:38:17.507+0100][gc,heap       ] GC(10) Eden regions: 54->0(59)
[2024-11-20T09:38:17.507+0100][gc,heap       ] GC(10) Survivor regions: 2->2(7)
[2024-11-20T09:38:17.507+0100][gc,heap       ] GC(10) Old regions: 22->22
[2024-11-20T09:38:17.507+0100][gc,heap       ] GC(10) Humongous regions: 129->129
[2024-11-20T09:38:17.507+0100][gc,metaspace  ] GC(10) Metaspace: 46869K(50048K)->46869K(50048K) NonClass: 40974K(42752K)->40974K(42752K) Class: 5895K(7296K)->5895K(7296K)
[2024-11-20T09:38:17.507+0100][gc            ] GC(10) Pause Young (Normal) (G1 Evacuation Pause) 204M->150M(1024M) 2.405ms
[2024-11-20T09:38:17.507+0100][gc,cpu        ] GC(10) User=0.01s Sys=0.00s Real=0.00s
[2024-11-20T09:48:26.744+0100][gc,start      ] GC(11) Pause Young (Normal) (G1 Evacuation Pause)
[2024-11-20T09:48:26.744+0100][gc,task       ] GC(11) Using 10 workers of 10 for evacuation
[2024-11-20T09:48:26.749+0100][gc,phases     ] GC(11)   Pre Evacuate Collection Set: 0.0ms
[2024-11-20T09:48:26.749+0100][gc,phases     ] GC(11)   Evacuate Collection Set: 4.1ms
[2024-11-20T09:48:26.749+0100][gc,phases     ] GC(11)   Post Evacuate Collection Set: 0.3ms
[2024-11-20T09:48:26.749+0100][gc,phases     ] GC(11)   Other: 0.2ms
[2024-11-20T09:48:26.749+0100][gc,heap       ] GC(11) Eden regions: 59->0(78)
[2024-11-20T09:48:26.749+0100][gc,heap       ] GC(11) Survivor regions: 2->4(8)
[2024-11-20T09:48:26.749+0100][gc,heap       ] GC(11) Old regions: 22->22
[2024-11-20T09:48:26.749+0100][gc,heap       ] GC(11) Humongous regions: 129->129
[2024-11-20T09:48:26.749+0100][gc,metaspace  ] GC(11) Metaspace: 48148K(51456K)->48148K(51456K) NonClass: 42012K(43776K)->42012K(43776K) Class: 6135K(7680K)->6135K(7680K)
[2024-11-20T09:48:26.749+0100][gc            ] GC(11) Pause Young (Normal) (G1 Evacuation Pause) 209M->152M(1024M) 4.705ms
[2024-11-20T09:48:26.749+0100][gc,cpu        ] GC(11) User=0.04s Sys=0.00s Real=0.00s
[2024-11-20T10:04:45.095+0100][gc,start      ] GC(12) Pause Young (Normal) (G1 Evacuation Pause)
[2024-11-20T10:04:45.095+0100][gc,task       ] GC(12) Using 10 workers of 10 for evacuation
[2024-11-20T10:04:45.100+0100][gc,phases     ] GC(12)   Pre Evacuate Collection Set: 0.0ms
[2024-11-20T10:04:45.100+0100][gc,phases     ] GC(12)   Evacuate Collection Set: 3.7ms
[2024-11-20T10:04:45.100+0100][gc,phases     ] GC(12)   Post Evacuate Collection Set: 0.6ms
[2024-11-20T10:04:45.100+0100][gc,phases     ] GC(12)   Other: 0.2ms
[2024-11-20T10:04:45.100+0100][gc,heap       ] GC(12) Eden regions: 78->0(97)
[2024-11-20T10:04:45.100+0100][gc,heap       ] GC(12) Survivor regions: 4->6(11)
[2024-11-20T10:04:45.100+0100][gc,heap       ] GC(12) Old regions: 22->22
[2024-11-20T10:04:45.100+0100][gc,heap       ] GC(12) Humongous regions: 129->129
[2024-11-20T10:04:45.100+0100][gc,metaspace  ] GC(12) Metaspace: 48353K(51712K)->48353K(51712K) NonClass: 42203K(44032K)->42203K(44032K) Class: 6149K(7680K)->6149K(7680K)
[2024-11-20T10:04:45.100+0100][gc            ] GC(12) Pause Young (Normal) (G1 Evacuation Pause) 230M->154M(1024M) 4.614ms
[2024-11-20T10:04:45.100+0100][gc,cpu        ] GC(12) User=0.04s Sys=0.00s Real=0.01s
[2024-11-20T10:23:23.064+0100][gc,start      ] GC(13) Pause Young (Normal) (G1 Evacuation Pause)
[2024-11-20T10:23:23.064+0100][gc,task       ] GC(13) Using 10 workers of 10 for evacuation
[2024-11-20T10:23:23.071+0100][gc,phases     ] GC(13)   Pre Evacuate Collection Set: 0.0ms
[2024-11-20T10:23:23.071+0100][gc,phases     ] GC(13)   Evacuate Collection Set: 5.3ms
[2024-11-20T10:23:23.071+0100][gc,phases     ] GC(13)   Post Evacuate Collection Set: 1.9ms
[2024-11-20T10:23:23.071+0100][gc,phases     ] GC(13)   Other: 0.3ms
[2024-11-20T10:23:23.071+0100][gc,heap       ] GC(13) Eden regions: 97->0(109)
[2024-11-20T10:23:23.071+0100][gc,heap       ] GC(13) Survivor regions: 6->7(13)
[2024-11-20T10:23:23.071+0100][gc,heap       ] GC(13) Old regions: 22->22
[2024-11-20T10:23:23.071+0100][gc,heap       ] GC(13) Humongous regions: 129->129
[2024-11-20T10:23:23.071+0100][gc,metaspace  ] GC(13) Metaspace: 48913K(52352K)->48913K(52352K) NonClass: 42690K(44544K)->42690K(44544K) Class: 6222K(7808K)->6222K(7808K)
[2024-11-20T10:23:23.071+0100][gc            ] GC(13) Pause Young (Normal) (G1 Evacuation Pause) 251M->155M(1024M) 7.592ms
[2024-11-20T10:23:23.072+0100][gc,cpu        ] GC(13) User=0.05s Sys=0.00s Real=0.01s
[2024-11-20T10:35:10.095+0100][gc,start      ] GC(14) Pause Young (Normal) (G1 Evacuation Pause)
[2024-11-20T10:35:10.095+0100][gc,task       ] GC(14) Using 10 workers of 10 for evacuation
[2024-11-20T10:35:10.101+0100][gc,phases     ] GC(14)   Pre Evacuate Collection Set: 0.0ms
[2024-11-20T10:35:10.101+0100][gc,phases     ] GC(14)   Evacuate Collection Set: 4.5ms
[2024-11-20T10:35:10.101+0100][gc,phases     ] GC(14)   Post Evacuate Collection Set: 1.3ms
[2024-11-20T10:35:10.101+0100][gc,phases     ] GC(14)   Other: 0.2ms
[2024-11-20T10:35:10.101+0100][gc,heap       ] GC(14) Eden regions: 109->0(153)
[2024-11-20T10:35:10.101+0100][gc,heap       ] GC(14) Survivor regions: 7->7(15)
[2024-11-20T10:35:10.101+0100][gc,heap       ] GC(14) Old regions: 22->22
[2024-11-20T10:35:10.101+0100][gc,heap       ] GC(14) Humongous regions: 129->129
[2024-11-20T10:35:10.101+0100][gc,metaspace  ] GC(14) Metaspace: 49215K(52608K)->49215K(52608K) NonClass: 42992K(44800K)->42992K(44800K) Class: 6223K(7808K)->6223K(7808K)
[2024-11-20T10:35:10.101+0100][gc            ] GC(14) Pause Young (Normal) (G1 Evacuation Pause) 264M->155M(1024M) 6.122ms
[2024-11-20T10:35:10.101+0100][gc,cpu        ] GC(14) User=0.04s Sys=0.00s Real=0.01s
[2024-11-20T10:52:02.123+0100][gc,start      ] GC(15) Pause Young (Normal) (G1 Evacuation Pause)
[2024-11-20T10:52:02.123+0100][gc,task       ] GC(15) Using 10 workers of 10 for evacuation
[2024-11-20T10:52:02.129+0100][gc,phases     ] GC(15)   Pre Evacuate Collection Set: 0.0ms
[2024-11-20T10:52:02.129+0100][gc,phases     ] GC(15)   Evacuate Collection Set: 4.6ms
[2024-11-20T10:52:02.129+0100][gc,phases     ] GC(15)   Post Evacuate Collection Set: 1.3ms
[2024-11-20T10:52:02.129+0100][gc,phases     ] GC(15)   Other: 0.2ms
[2024-11-20T10:52:02.129+0100][gc,heap       ] GC(15) Eden regions: 153->0(170)
[2024-11-20T10:52:02.129+0100][gc,heap       ] GC(15) Survivor regions: 7->8(20)
[2024-11-20T10:52:02.129+0100][gc,heap       ] GC(15) Old regions: 22->22
[2024-11-20T10:52:02.129+0100][gc,heap       ] GC(15) Humongous regions: 129->129
[2024-11-20T10:52:02.129+0100][gc,metaspace  ] GC(15) Metaspace: 49580K(53120K)->49580K(53120K) NonClass: 43356K(45312K)->43356K(45312K) Class: 6224K(7808K)->6224K(7808K)
[2024-11-20T10:52:02.129+0100][gc            ] GC(15) Pause Young (Normal) (G1 Evacuation Pause) 308M->156M(1024M) 6.222ms
[2024-11-20T10:52:02.129+0100][gc,cpu        ] GC(15) User=0.05s Sys=0.01s Real=0.00s
[2024-11-20T12:53:23.625+0100][gc,heap,exit  ] Heap
[2024-11-20T12:53:23.625+0100][gc,heap,exit  ]  garbage-first heap   total 1048576K, used 318107K [0x00000000c0000000, 0x0000000100000000)
[2024-11-20T12:53:23.625+0100][gc,heap,exit  ]   region size 1024K, 164 young (167936K), 8 survivors (8192K)
[2024-11-20T12:53:23.625+0100][gc,heap,exit  ]  Metaspace       used 50898K, capacity 54527K, committed 54784K, reserved 1095680K
[2024-11-20T12:53:23.625+0100][gc,heap,exit  ]   class space    used 6477K, capacity 8152K, committed 8192K, reserved 1048576K
