[2024-11-14T17:42:39.935+0100][gc,heap] Heap region size: 1M
[2024-11-14T17:42:39.940+0100][gc     ] Using G1
[2024-11-14T17:42:39.940+0100][gc,heap,coops] Heap address: 0x00000000e0000000, size: 512 MB, Compressed Oops mode: 32-bit
[2024-11-14T17:42:39.940+0100][gc,cds       ] Mark closed archive regions in map: [0x00000000fff00000, 0x00000000fff6bff8]
[2024-11-14T17:42:39.940+0100][gc,cds       ] Mark open archive regions in map: [0x00000000ffe00000, 0x00000000ffe47ff8]
[2024-11-14T17:42:40.172+0100][gc,start     ] GC(0) Pause Young (Normal) (G1 Evacuation Pause)
[2024-11-14T17:42:40.173+0100][gc,task      ] GC(0) Using 10 workers of 10 for evacuation
[2024-11-14T17:42:40.178+0100][gc,phases    ] GC(0)   Pre Evacuate Collection Set: 0.0ms
[2024-11-14T17:42:40.178+0100][gc,phases    ] GC(0)   Evacuate Collection Set: 4.9ms
[2024-11-14T17:42:40.178+0100][gc,phases    ] GC(0)   Post Evacuate Collection Set: 0.2ms
[2024-11-14T17:42:40.178+0100][gc,phases    ] GC(0)   Other: 0.7ms
[2024-11-14T17:42:40.178+0100][gc,heap      ] GC(0) Eden regions: 25->0(21)
[2024-11-14T17:42:40.178+0100][gc,heap      ] GC(0) Survivor regions: 0->4(4)
[2024-11-14T17:42:40.178+0100][gc,heap      ] GC(0) Old regions: 2->7
[2024-11-14T17:42:40.178+0100][gc,heap      ] GC(0) Humongous regions: 0->0
[2024-11-14T17:42:40.178+0100][gc,metaspace ] GC(0) Metaspace: 6871K(7424K)->6871K(7424K) NonClass: 6095K(6400K)->6095K(6400K) Class: 775K(1024K)->775K(1024K)
[2024-11-14T17:42:40.178+0100][gc           ] GC(0) Pause Young (Normal) (G1 Evacuation Pause) 25M->8M(512M) 5.886ms
[2024-11-14T17:42:40.178+0100][gc,cpu       ] GC(0) User=0.04s Sys=0.01s Real=0.01s
[2024-11-14T17:42:40.188+0100][gc,heap,exit ] Heap
[2024-11-14T17:42:40.188+0100][gc,heap,exit ]  garbage-first heap   total 524288K, used 10155K [0x00000000e0000000, 0x0000000100000000)
[2024-11-14T17:42:40.188+0100][gc,heap,exit ]   region size 1024K, 6 young (6144K), 4 survivors (4096K)
[2024-11-14T17:42:40.188+0100][gc,heap,exit ]  Metaspace       used 7326K, capacity 7637K, committed 7936K, reserved 1056768K
[2024-11-14T17:42:40.188+0100][gc,heap,exit ]   class space    used 830K, capacity 958K, committed 1024K, reserved 1048576K
