[2024-11-20T08:48:44.781+0100][gc,heap] Heap region size: 1M
[2024-11-20T08:48:44.786+0100][gc     ] Using G1
[2024-11-20T08:48:44.786+0100][gc,heap,coops] Heap address: 0x00000000e0000000, size: 512 MB, Compressed Oops mode: 32-bit
[2024-11-20T08:48:44.787+0100][gc,cds       ] Mark closed archive regions in map: [0x00000000fff00000, 0x00000000fff6bff8]
[2024-11-20T08:48:44.787+0100][gc,cds       ] Mark open archive regions in map: [0x00000000ffe00000, 0x00000000ffe47ff8]
[2024-11-20T08:48:45.186+0100][gc,start     ] GC(0) Pause Young (Normal) (G1 Evacuation Pause)
[2024-11-20T08:48:45.187+0100][gc,task      ] GC(0) Using 10 workers of 10 for evacuation
[2024-11-20T08:48:45.193+0100][gc,phases    ] GC(0)   Pre Evacuate Collection Set: 0.0ms
[2024-11-20T08:48:45.193+0100][gc,phases    ] GC(0)   Evacuate Collection Set: 5.0ms
[2024-11-20T08:48:45.193+0100][gc,phases    ] GC(0)   Post Evacuate Collection Set: 0.5ms
[2024-11-20T08:48:45.193+0100][gc,phases    ] GC(0)   Other: 1.5ms
[2024-11-20T08:48:45.193+0100][gc,heap      ] GC(0) Eden regions: 25->0(21)
[2024-11-20T08:48:45.193+0100][gc,heap      ] GC(0) Survivor regions: 0->4(4)
[2024-11-20T08:48:45.193+0100][gc,heap      ] GC(0) Old regions: 2->6
[2024-11-20T08:48:45.193+0100][gc,heap      ] GC(0) Humongous regions: 0->0
[2024-11-20T08:48:45.193+0100][gc,metaspace ] GC(0) Metaspace: 6904K(7424K)->6904K(7424K) NonClass: 6122K(6400K)->6122K(6400K) Class: 781K(1024K)->781K(1024K)
[2024-11-20T08:48:45.193+0100][gc           ] GC(0) Pause Young (Normal) (G1 Evacuation Pause) 25M->8M(512M) 7.161ms
[2024-11-20T08:48:45.193+0100][gc,cpu       ] GC(0) User=0.04s Sys=0.01s Real=0.01s
[2024-11-20T09:47:49.541+0100][gc,start     ] GC(1) Pause Young (Normal) (G1 Evacuation Pause)
[2024-11-20T09:47:49.541+0100][gc,task      ] GC(1) Using 10 workers of 10 for evacuation
[2024-11-20T09:47:49.546+0100][gc,phases    ] GC(1)   Pre Evacuate Collection Set: 0.0ms
[2024-11-20T09:47:49.546+0100][gc,phases    ] GC(1)   Evacuate Collection Set: 3.8ms
[2024-11-20T09:47:49.546+0100][gc,phases    ] GC(1)   Post Evacuate Collection Set: 0.4ms
[2024-11-20T09:47:49.546+0100][gc,phases    ] GC(1)   Other: 0.2ms
[2024-11-20T09:47:49.546+0100][gc,heap      ] GC(1) Eden regions: 21->0(24)
[2024-11-20T09:47:49.546+0100][gc,heap      ] GC(1) Survivor regions: 4->1(4)
[2024-11-20T09:47:49.546+0100][gc,heap      ] GC(1) Old regions: 6->11
[2024-11-20T09:47:49.546+0100][gc,heap      ] GC(1) Humongous regions: 0->0
[2024-11-20T09:47:49.546+0100][gc,metaspace ] GC(1) Metaspace: 9423K(9984K)->9423K(9984K) NonClass: 8425K(8704K)->8425K(8704K) Class: 997K(1280K)->997K(1280K)
[2024-11-20T09:47:49.546+0100][gc           ] GC(1) Pause Young (Normal) (G1 Evacuation Pause) 29M->9M(512M) 4.548ms
[2024-11-20T09:47:49.546+0100][gc,cpu       ] GC(1) User=0.04s Sys=0.00s Real=0.00s
[2024-11-20T12:53:23.187+0100][gc,heap,exit ] Heap
[2024-11-20T12:53:23.188+0100][gc,heap,exit ]  garbage-first heap   total 524288K, used 19024K [0x00000000e0000000, 0x0000000100000000)
[2024-11-20T12:53:23.188+0100][gc,heap,exit ]   region size 1024K, 11 young (11264K), 1 survivors (1024K)
[2024-11-20T12:53:23.188+0100][gc,heap,exit ]  Metaspace       used 9500K, capacity 9912K, committed 10240K, reserved 1058816K
[2024-11-20T12:53:23.188+0100][gc,heap,exit ]   class space    used 997K, capacity 1163K, committed 1280K, reserved 1048576K
