[2024-11-15T08:21:30.786+0100][gc,heap] Heap region size: 1M
[2024-11-15T08:21:30.795+0100][gc     ] Using G1
[2024-11-15T08:21:30.795+0100][gc,heap,coops] Heap address: 0x00000000e0000000, size: 512 MB, Compressed Oops mode: 32-bit
[2024-11-15T08:21:30.796+0100][gc,cds       ] Mark closed archive regions in map: [0x00000000fff00000, 0x00000000fff6bff8]
[2024-11-15T08:21:30.796+0100][gc,cds       ] Mark open archive regions in map: [0x00000000ffe00000, 0x00000000ffe47ff8]
[2024-11-15T08:21:31.113+0100][gc,start     ] GC(0) Pause Young (Normal) (G1 Evacuation Pause)
[2024-11-15T08:21:31.114+0100][gc,task      ] GC(0) Using 10 workers of 10 for evacuation
[2024-11-15T08:21:31.123+0100][gc,phases    ] GC(0)   Pre Evacuate Collection Set: 0.0ms
[2024-11-15T08:21:31.123+0100][gc,phases    ] GC(0)   Evacuate Collection Set: 7.9ms
[2024-11-15T08:21:31.123+0100][gc,phases    ] GC(0)   Post Evacuate Collection Set: 0.5ms
[2024-11-15T08:21:31.123+0100][gc,phases    ] GC(0)   Other: 1.7ms
[2024-11-15T08:21:31.123+0100][gc,heap      ] GC(0) Eden regions: 25->0(21)
[2024-11-15T08:21:31.123+0100][gc,heap      ] GC(0) Survivor regions: 0->4(4)
[2024-11-15T08:21:31.123+0100][gc,heap      ] GC(0) Old regions: 2->6
[2024-11-15T08:21:31.123+0100][gc,heap      ] GC(0) Humongous regions: 0->0
[2024-11-15T08:21:31.123+0100][gc,metaspace ] GC(0) Metaspace: 6874K(7424K)->6874K(7424K) NonClass: 6096K(6400K)->6096K(6400K) Class: 778K(1024K)->778K(1024K)
[2024-11-15T08:21:31.123+0100][gc           ] GC(0) Pause Young (Normal) (G1 Evacuation Pause) 25M->8M(512M) 10.288ms
[2024-11-15T08:21:31.123+0100][gc,cpu       ] GC(0) User=0.06s Sys=0.01s Real=0.01s
[2024-11-15T08:21:31.141+0100][gc,heap,exit ] Heap
[2024-11-15T08:21:31.141+0100][gc,heap,exit ]  garbage-first heap   total 524288K, used 9464K [0x00000000e0000000, 0x0000000100000000)
[2024-11-15T08:21:31.141+0100][gc,heap,exit ]   region size 1024K, 6 young (6144K), 4 survivors (4096K)
[2024-11-15T08:21:31.141+0100][gc,heap,exit ]  Metaspace       used 7309K, capacity 7639K, committed 7936K, reserved 1056768K
[2024-11-15T08:21:31.141+0100][gc,heap,exit ]   class space    used 830K, capacity 958K, committed 1024K, reserved 1048576K
