Archive member included to satisfy reference by file (symbol)

obj_cooja/mtype873.a(simEnvChange.o)
                              obj_cooja/mtype873.o (simDontFallAsleep)
obj_cooja/mtype873.a(cooja_mt.o)
                              obj_cooja/mtype873.o (cooja_mt_start)
obj_cooja/mtype873.a(cooja_mtarch.o)
                              obj_cooja/mtype873.a(cooja_mt.o) (cooja_mtarch_start)
obj_cooja/mtype873.a(rtimer-arch.o)
                              obj_cooja/mtype873.o (rtimer_arch_check)
obj_cooja/mtype873.a(beep.o)  obj_cooja/mtype873.o (beep_interface)
obj_cooja/mtype873.a(button-sensor.o)
                              obj_cooja/mtype873.o (button_interface)
obj_cooja/mtype873.a(leds-arch.o)
                              obj_cooja/mtype873.o (leds_interface)
obj_cooja/mtype873.a(moteid.o)
                              obj_cooja/mtype873.o (moteid_interface)
obj_cooja/mtype873.a(pir-sensor.o)
                              obj_cooja/mtype873.o (pir_interface)
obj_cooja/mtype873.a(rs232.o)
                              obj_cooja/mtype873.o (rs232_interface)
obj_cooja/mtype873.a(vib-sensor.o)
                              obj_cooja/mtype873.o (vib_interface)
obj_cooja/mtype873.a(clock.o)
                              obj_cooja/mtype873.o (clock_interface)
obj_cooja/mtype873.a(cooja-log.o)
                              obj_cooja/mtype873.o (simlog_interface)
obj_cooja/mtype873.a(cfs-cooja.o)
                              obj_cooja/mtype873.o (cfs_interface)
obj_cooja/mtype873.a(cooja-radio.o)
                              obj_cooja/mtype873.o (radio_interface)
obj_cooja/mtype873.a(eeprom.o)
                              obj_cooja/mtype873.o (eeprom_interface)
obj_cooja/mtype873.a(random.o)
                              obj_cooja/mtype873.a(moteid.o) (random_init)
obj_cooja/mtype873.a(sensors.o)
                              obj_cooja/mtype873.a(button-sensor.o) (sensors_changed)
obj_cooja/mtype873.a(contiki-main.o)
                              obj_cooja/mtype873.o (main)
obj_cooja/mtype873.a(autostart.o)
                              obj_cooja/mtype873.a(contiki-main.o) (autostart_start)
obj_cooja/mtype873.a(log.o)   obj_cooja/mtype873.a(contiki-main.o) (curr_log_level_main)
obj_cooja/mtype873.a(energest.o)
                              obj_cooja/mtype873.a(contiki-main.o) (energest_init)
obj_cooja/mtype873.a(etimer.o)
                              obj_cooja/mtype873.a(contiki-main.o) (etimer_process)
obj_cooja/mtype873.a(node-id.o)
                              obj_cooja/mtype873.a(contiki-main.o) (node_id)
obj_cooja/mtype873.a(ctimer.o)
                              obj_cooja/mtype873.a(contiki-main.o) (ctimer_init)
obj_cooja/mtype873.a(process.o)
                              obj_cooja/mtype873.a(etimer.o) (process_current)
obj_cooja/mtype873.a(rtimer.o)
                              obj_cooja/mtype873.a(contiki-main.o) (rtimer_init)
obj_cooja/mtype873.a(timer.o)
                              obj_cooja/mtype873.a(button-sensor.o) (timer_set)
obj_cooja/mtype873.a(serial-line.o)
                              obj_cooja/mtype873.a(rs232.o) (serial_line_input_byte)
obj_cooja/mtype873.a(list.o)  obj_cooja/mtype873.a(ctimer.o) (list_init)
obj_cooja/mtype873.a(ringbuf.o)
                              obj_cooja/mtype873.a(serial-line.o) (ringbuf_init)
obj_cooja/mtype873.a(packetbuf.o)
                              obj_cooja/mtype873.a(cooja-radio.o) (packetbuf_clear)
obj_cooja/mtype873.a(netstack.o)
                              obj_cooja/mtype873.a(contiki-main.o) (netstack_init)
obj_cooja/mtype873.a(linkaddr.o)
                              obj_cooja/mtype873.a(contiki-main.o) (linkaddr_node_addr)
obj_cooja/mtype873.a(csma.o)  obj_cooja/mtype873.a(cooja-radio.o) (csma_driver)
obj_cooja/mtype873.a(csma-output.o)
                              obj_cooja/mtype873.a(csma.o) (csma_output_packet)
obj_cooja/mtype873.a(uip-ds6.o)
                              obj_cooja/mtype873.a(contiki-main.o) (uip_ds6_get_link_local)
obj_cooja/mtype873.a(uiplib.o)
                              obj_cooja/mtype873.a(log.o) (uiplib_ipaddr_snprint)
obj_cooja/mtype873.a(tcpip.o)
                              obj_cooja/mtype873.a(contiki-main.o) (tcpip_process)
obj_cooja/mtype873.a(uip6.o)  obj_cooja/mtype873.a(contiki-main.o) (uip_lladdr)
obj_cooja/mtype873.a(uip-ds6-nbr.o)
                              obj_cooja/mtype873.a(uip-ds6.o) (uip_ds6_neighbors_init)
obj_cooja/mtype873.a(uip-nd6.o)
                              obj_cooja/mtype873.a(uip6.o) (uip_nd6_init)
obj_cooja/mtype873.a(simple-udp.o)
                              udp-client.o (simple_udp_sendto)
obj_cooja/mtype873.a(uip-ds6-route.o)
                              obj_cooja/mtype873.a(uip-ds6.o) (uip_ds6_route_init)
obj_cooja/mtype873.a(sicslowpan.o)
                              obj_cooja/mtype873.a(contiki-main.o) (sicslowpan_driver)
obj_cooja/mtype873.a(rpl-dag.o)
                              udp-client.o (curr_instance)
obj_cooja/mtype873.a(rpl-neighbor.o)
[...]
Memory Configuration

Name             Origin             Length             Attributes
*default*        0x0000000000000000 0xffffffffffffffff

Linker script and memory map

LOAD /usr/lib/gcc/i686-linux-gnu/5/../../../i386-linux-gnu/crti.o
LOAD /usr/lib/gcc/i686-linux-gnu/5/crtbeginS.o
LOAD udp-client.o
LOAD obj_cooja/mtype873.o
LOAD obj_cooja/mtype873.a
LOAD /usr/lib/gcc/i686-linux-gnu/5/libgcc.a
LOAD /usr/lib/gcc/i686-linux-gnu/5/libgcc_s.so
LOAD /usr/lib/gcc/i686-linux-gnu/5/../../../i386-linux-gnu/libc.so
START GROUP
LOAD /lib/i386-linux-gnu/libc.so.6
LOAD /usr/lib/i386-linux-gnu/libc_nonshared.a
LOAD /lib/i386-linux-gnu/ld-linux.so.2
END GROUP
LOAD /usr/lib/gcc/i686-linux-gnu/5/libgcc.a
LOAD /usr/lib/gcc/i686-linux-gnu/5/libgcc_s.so
LOAD /usr/lib/gcc/i686-linux-gnu/5/crtendS.o
LOAD /usr/lib/gcc/i686-linux-gnu/5/../../../i386-linux-gnu/crtn.o
                0x0000000000000114                . = (0x0 + SIZEOF_HEADERS)

.note.gnu.build-id
                0x0000000000000114       0x24
 *(.note.gnu.build-id)
 .note.gnu.build-id
                0x0000000000000114       0x24 /usr/lib/gcc/i686-linux-gnu/5/../../../i386-linux-gnu/crti.o

.hash
 *(.hash)

.gnu.hash       0x0000000000000138     0x1338
 *(.gnu.hash)
 .gnu.hash      0x0000000000000138     0x1338 /usr/lib/gcc/i686-linux-gnu/5/../../../i386-linux-gnu/crti.o

.dynsym         0x0000000000001470     0x2530
 *(.dynsym)
 .dynsym        0x0000000000001470     0x2530 /usr/lib/gcc/i686-linux-gnu/5/../../../i386-linux-gnu/crti.o

.dynstr         0x00000000000039a0     0x28f3
 *(.dynstr)
 .dynstr        0x00000000000039a0     0x28f3 /usr/lib/gcc/i686-linux-gnu/5/../../../i386-linux-gnu/crti.o

.gnu.version    0x0000000000006294      0x4a6
 *(.gnu.version)
 .gnu.version   0x0000000000006294      0x4a6 /usr/lib/gcc/i686-linux-gnu/5/../../../i386-linux-gnu/crti.o

.gnu.version_d  0x000000000000673c        0x0
 *(.gnu.version_d)
 .gnu.version_d
                0x000000000000673c        0x0 /usr/lib/gcc/i686-linux-gnu/5/../../../i386-linux-gnu/crti.o

.gnu.version_r  0x000000000000673c       0x40
 *(.gnu.version_r)
 .gnu.version_r
                0x000000000000673c       0x40 /usr/lib/gcc/i686-linux-gnu/5/../../../i386-linux-gnu/crti.o

.rel.dyn        0x000000000000677c     0x8338
 *(.rel.init)
 .rel.init      0x000000000000677c        0x0 /usr/lib/gcc/i686-linux-gnu/5/../../../i386-linux-gnu/crti.o
 *(.rel.text .rel.text.* .rel.gnu.linkonce.t.*)
 .rel.text      0x000000000000677c     0x7b18 /usr/lib/gcc/i686-linux-gnu/5/../../../i386-linux-gnu/crti.o
 *(.rel.fini)
 .rel.fini      0x000000000000e294        0x0 /usr/lib/gcc/i686-linux-gnu/5/../../../i386-linux-gnu/crti.o
 *(.rel.rodata .rel.rodata.* .rel.gnu.linkonce.r.*)
 .rel.rodata    0x000000000000e294      0x4b8 /usr/lib/gcc/i686-linux-gnu/5/../../../i386-linux-gnu/crti.o
 *(.rel.data.rel.ro .rel.data.rel.ro.* .rel.gnu.linkonce.d.rel.ro.*)
 *(.rel.data .rel.data.* .rel.gnu.linkonce.d.*)
 .rel.data.rel.local
                0x000000000000e74c        0x8 /usr/lib/gcc/i686-linux-gnu/5/../../../i386-linux-gnu/crti.o
 .rel.data      0x000000000000e754      0x328 /usr/lib/gcc/i686-linux-gnu/5/../../../i386-linux-gnu/crti.o
 *(.rel.tdata .rel.tdata.* .rel.gnu.linkonce.td.*)
 *(.rel.tbss .rel.tbss.* .rel.gnu.linkonce.tb.*)
 *(.rel.ctors)
 *(.rel.dtors)
 *(.rel.got)
 .rel.got       0x000000000000ea7c       0x28 /usr/lib/gcc/i686-linux-gnu/5/../../../i386-linux-gnu/crti.o
 *(.rel.bss .rel.bss.* .rel.gnu.linkonce.b.*)
 *(.rel.ifunc)
 .rel.ifunc     0x000000000000eaa4        0x0 /usr/lib/gcc/i686-linux-gnu/5/../../../i386-linux-gnu/crti.o
 .rel.fini_array
                0x000000000000eaa4        0x8 /usr/lib/gcc/i686-linux-gnu/5/../../../i386-linux-gnu/crti.o
 .rel.init_array
                0x000000000000eaac        0x8 /usr/lib/gcc/i686-linux-gnu/5/../../../i386-linux-gnu/crti.o

.rel.plt        0x000000000000eab4        0x0
 *(.rel.plt)
 .rel.plt       0x000000000000eab4        0x0 /usr/lib/gcc/i686-linux-gnu/5/../../../i386-linux-gnu/crti.o
 *(.rel.iplt)

.init           0x000000000000eab4       0x23
 *(SORT(.init))
 .init          0x000000000000eab4       0x1e /usr/lib/gcc/i686-linux-gnu/5/../../../i386-linux-gnu/crti.o
                0x000000000000eab4                _init
 .init          0x000000000000ead2        0x5 /usr/lib/gcc/i686-linux-gnu/5/../../../i386-linux-gnu/crtn.o

.plt            0x000000000000eae0       0x10
 *(.plt)
 .plt           0x000000000000eae0       0x10 /usr/lib/gcc/i686-linux-gnu/5/../../../i386-linux-gnu/crti.o
 *(.iplt)

.plt.got        0x000000000000eaf0       0x10
 *(.plt.got)
 .plt.got       0x000000000000eaf0       0x10 /usr/lib/gcc/i686-linux-gnu/5/../../../i386-linux-gnu/crti.o

.text           0x000000000000eb00    0x13366
 *(.text.unlikely .text.*_unlikely .text.unlikely.*)
 .text.unlikely
                0x000000000000eb00        0x0 /usr/lib/gcc/i686-linux-gnu/5/crtbeginS.o
 *(.text.exit .text.exit.*)
 *(.text.startup .text.startup.*)
 *(.text.hot .text.hot.*)
 *(.text .stub .text.* .gnu.linkonce.t.*)
 .text          0x000000000000eb00        0x0 /usr/lib/gcc/i686-linux-gnu/5/../../../i386-linux-gnu/crti.o
 .gnu.linkonce.t.__x86.get_pc_thunk.bx
                0x000000000000eb00        0x4 /usr/lib/gcc/i686-linux-gnu/5/../../../i386-linux-gnu/crti.o
                0x000000000000eb00                __x86.get_pc_thunk.bx
 *fill*         0x000000000000eb04        0xc 
 .text          0x000000000000eb10      0x11c /usr/lib/gcc/i686-linux-gnu/5/crtbeginS.o
 .text.__x86.get_pc_thunk.dx
                0x000000000000ec2c        0x4 /usr/lib/gcc/i686-linux-gnu/5/crtbeginS.o
                0x000000000000ec2c                __x86.get_pc_thunk.dx
 .text          0x000000000000ec30      0x1ff udp-client.o
 .text          0x000000000000ee2f      0x271 obj_cooja/mtype873.o
                0x000000000000eec1                platform_init_stage_one
                0x000000000000eec7                platform_init_stage_two
                0x000000000000eed5                platform_init_stage_three
                0x000000000000eee8                platform_main_loop
                0x000000000000ef5b                Java_org_contikios_cooja_corecomm_Lib2_init
                0x000000000000ef92                Java_org_contikios_cooja_corecomm_Lib2_getMemory
                0x000000000000efc5                Java_org_contikios_cooja_corecomm_Lib2_setMemory
                0x000000000000f025                Java_org_contikios_cooja_corecomm_Lib2_tick
                0x000000000000f08d                Java_org_contikios_cooja_corecomm_Lib2_setReferenceAddress
 .text          0x000000000000f0a0       0x65 obj_cooja/mtype873.a(simEnvChange.o)
                0x000000000000f0a0                doActionsBeforeTick
                0x000000000000f0d2                doActionsAfterTick
 .text          0x000000000000f105       0x83 obj_cooja/mtype873.a(cooja_mt.o)
                0x000000000000f105                cooja_mt_start
                0x000000000000f12f                cooja_mt_exec
                0x000000000000f165                cooja_mt_yield
 .text          0x000000000000f188       0xbe obj_cooja/mtype873.a(cooja_mtarch.o)
                0x000000000000f188                cooja_mtarch_start
                0x000000000000f1fb                cooja_sw
                0x000000000000f21e                cooja_mtarch_exec
                0x000000000000f23b                cooja_mtarch_yield
 .text          0x000000000000f246       0xc5 obj_cooja/mtype873.a(rtimer-arch.o)
                0x000000000000f246                rtimer_arch_init
                0x000000000000f26a                rtimer_arch_schedule
                0x000000000000f29a                rtimer_arch_next
                0x000000000000f2aa                rtimer_arch_pending
                0x000000000000f2b4                rtimer_arch_check
                0x000000000000f2fb                rtimer_arch_now
 .text          0x000000000000f30b       0x81 obj_cooja/mtype873.a(beep.o)
                0x000000000000f30b                beep_alarm
                0x000000000000f318                beep_beep
                0x000000000000f325                beep
                0x000000000000f332                beep_down
                0x000000000000f33f                beep_on
                0x000000000000f34c                beep_off
                0x000000000000f359                beep_spinup
                0x000000000000f366                beep_quick
                0x000000000000f373                beep_long
 .text          0x000000000000f38c      0x10d obj_cooja/mtype873.a(button-sensor.o)
 .text          0x000000000000f499       0x49 obj_cooja/mtype873.a(leds-arch.o)
                0x000000000000f499                leds_arch_init
                0x000000000000f4a6                leds_arch_get
                0x000000000000f4b2                leds_arch_set
 .text          0x000000000000f4e2       0x35 obj_cooja/mtype873.a(moteid.o)
 .text          0x000000000000f517       0xb7 obj_cooja/mtype873.a(pir-sensor.o)
 .text          0x000000000000f5ce      0x148 obj_cooja/mtype873.a(rs232.o)
                0x000000000000f5ce                rs232_init
                0x000000000000f5d4                rs232_set_speed
                0x000000000000f5e3                rs232_set_input
                0x000000000000f5f1                rs232_send
                0x000000000000f615                rs232_print
                0x000000000000f631                slip_arch_writeb
 .text          0x000000000000f716       0xb7 obj_cooja/mtype873.a(vib-sensor.o)
 .text          0x000000000000f7cd       0x38 obj_cooja/mtype873.a(clock.o)
                0x000000000000f7cd                clock_init
                0x000000000000f7d3                clock_time
                0x000000000000f7dd                clock_seconds
                0x000000000000f7f3                clock_delay
 .text          0x000000000000f805      0x219 obj_cooja/mtype873.a(cooja-log.o)
                0x000000000000f805                simlog_char
                0x000000000000f848                simlog
                0x000000000000f8be                log_message
                0x000000000000f8ef                log_set_putchar_with_slip
                0x000000000000f8fd                log_putchar
                0x000000000000f978                log_puts
                0x000000000000f9a0                log_printf
 .text          0x000000000000fa1e      0x2b9 obj_cooja/mtype873.a(cfs-cooja.o)
                0x000000000000fa1e                cfs_open
                0x000000000000fa87                cfs_close
                0x000000000000fa94                cfs_read
                0x000000000000fb29                cfs_write
                0x000000000000fc05                cfs_seek
                0x000000000000fc8d                cfs_remove
                0x000000000000fcb1                cfs_opendir
                0x000000000000fcbb                cfs_readdir
                0x000000000000fcc5                cfs_closedir
 .text          0x000000000000fcd7      0x605 obj_cooja/mtype873.a(cooja-radio.o)
                0x000000000000fd19                radio_set_channel
                0x000000000000fd27                radio_set_txpower
                0x000000000000fd3f                radio_signal_strength_last
                0x000000000000fd49                radio_signal_strength_current
                0x000000000000fd53                radio_LQI
 .text          0x00000000000102dc       0xee obj_cooja/mtype873.a(eeprom.o)
                0x00000000000102dc                eeprom_init
                0x00000000000102e2                eeprom_read
                0x0000000000010350                eeprom_write
 .text          0x00000000000103ca       0x2d obj_cooja/mtype873.a(random.o)
                0x00000000000103ca                random_init
                0x00000000000103ea                random_rand
 .text          0x00000000000103f7      0x29c obj_cooja/mtype873.a(sensors.o)
                0x0000000000010432                sensors_first
                0x000000000001043c                sensors_next
                0x0000000000010456                sensors_changed
                0x000000000001048a                sensors_find
 .text          0x0000000000010693      0x328 obj_cooja/mtype873.a(contiki-main.o)
                0x0000000000010693                main
 .text          0x00000000000109bb       0x92 obj_cooja/mtype873.a(autostart.o)
                0x00000000000109bb                autostart_start
                0x0000000000010a05                autostart_exit
 .text          0x0000000000010a4d      0x394 obj_cooja/mtype873.a(log.o)
                0x0000000000010a4d                log_6addr
                0x0000000000010aa0                log_6addr_compact_snprint
                0x0000000000010b3e                log_6addr_compact
                0x0000000000010b91                log_lladdr
                0x0000000000010c03                log_lladdr_compact
                0x0000000000010c6b                log_set_level
                0x0000000000010d26                log_get_level
                0x0000000000010d9f                log_level_to_str
 .text          0x0000000000010de1       0x1b obj_cooja/mtype873.a(energest.o)
                0x0000000000010de1                energest_init
                0x0000000000010de7                energest_flush
                0x0000000000010ded                energest_get_total_time
 .text          0x0000000000010dfc      0x43f obj_cooja/mtype873.a(etimer.o)
                0x0000000000011020                etimer_request_poll
                0x00000000000110a9                etimer_set
                0x00000000000110d2                etimer_reset_with_new_interval
                0x0000000000011101                etimer_reset
                0x0000000000011127                etimer_restart
                0x000000000001114d                etimer_adjust
                0x000000000001116a                etimer_expired
                0x000000000001117d                etimer_expiration_time
                0x000000000001118f                etimer_start_time
                0x0000000000011199                etimer_pending
                0x00000000000111ab                etimer_next_expiration_time
                0x00000000000111c5                etimer_stop
 .text          0x000000000001123b       0x25 obj_cooja/mtype873.a(node-id.o)
                0x000000000001123b                node_id_init
 .text          0x0000000000011260      0x355 obj_cooja/mtype873.a(ctimer.o)
                0x0000000000011388                ctimer_init
                0x00000000000113bb                ctimer_set
                0x00000000000113e1                ctimer_set_with_process
                0x000000000001145e                ctimer_reset
                0x00000000000114b2                ctimer_restart
                0x0000000000011506                ctimer_stop
                0x0000000000011556                ctimer_expired
 .text          0x00000000000115b5      0x4fb obj_cooja/mtype873.a(process.o)
                0x00000000000115b5                process_alloc_event
                0x00000000000115ca                process_start
                0x00000000000117a4                process_exit
                0x00000000000117c1                process_init
                0x0000000000011956                process_run
                0x0000000000011989                process_nevents
                0x00000000000119a4                process_post
                0x0000000000011a37                process_post_synch
                0x0000000000011a6c                process_poll
                0x0000000000011a9c                process_is_running
 .text          0x0000000000011ab0       0xeb obj_cooja/mtype873.a(rtimer.o)
                0x0000000000011ab0                rtimer_init
                0x0000000000011abe                rtimer_set
                0x0000000000011b39                rtimer_run_next
 .text          0x0000000000011b9b       0x9c obj_cooja/mtype873.a(timer.o)
                0x0000000000011b9b                timer_set
                0x0000000000011bb9                timer_reset
                0x0000000000011bd1                timer_restart
                0x0000000000011be6                timer_expired
                0x0000000000011c13                timer_remaining
 .text          0x0000000000011c37      0x1eb obj_cooja/mtype873.a(serial-line.o)
                0x0000000000011c37                serial_line_input_byte
                0x0000000000011ded                serial_line_init
 .text          0x0000000000011e22      0x28f obj_cooja/mtype873.a(list.o)
                0x0000000000011e22                list_init
                0x0000000000011e31                list_head
                0x0000000000011e3b                list_copy
                0x0000000000011e4b                list_tail
                0x0000000000011e81                list_add
                0x0000000000011ecd                list_push
                0x0000000000011ef9                list_chop
                0x0000000000011f63                list_pop
                0x0000000000011f8b                list_remove
                0x0000000000011ff3                list_length
                0x0000000000012021                list_insert
                0x0000000000012066                list_item_next
                0x000000000001207d                list_contains
 .text          0x00000000000120b1      0x156 obj_cooja/mtype873.a(ringbuf.o)
                0x00000000000120b1                ringbuf_init
                0x00000000000120e3                ringbuf_put
                0x0000000000012161                ringbuf_get
                0x00000000000121ce                ringbuf_size
                0x00000000000121e0                ringbuf_elements
 .text          0x0000000000012207      0x407 obj_cooja/mtype873.a(packetbuf.o)
                0x0000000000012207                packetbuf_clear
                0x0000000000012232                packetbuf_copyfrom
                0x0000000000012281                packetbuf_copyto
                0x0000000000012314                packetbuf_hdralloc
                0x0000000000012390                packetbuf_hdrreduce
                0x00000000000123d6                packetbuf_set_datalen
                0x00000000000123f0                packetbuf_dataptr
                0x000000000001240d                packetbuf_hdrptr
                0x0000000000012417                packetbuf_datalen
                0x0000000000012423                packetbuf_hdrlen
                0x000000000001243a                packetbuf_totlen
                0x0000000000012450                packetbuf_remaininglen
                0x0000000000012463                packetbuf_attr_clear
                0x00000000000124af                packetbuf_attr_copyto
                0x0000000000012507                packetbuf_attr_copyfrom
                0x000000000001255f                packetbuf_set_attr
                0x0000000000012589                packetbuf_attr
                0x00000000000125a3                packetbuf_set_addr
                0x00000000000125d4                packetbuf_addr
                0x00000000000125f1                packetbuf_holds_broadcast
 .text          0x000000000001260e       0xef obj_cooja/mtype873.a(netstack.o)
                0x000000000001260e                netstack_process_ip_callback
                0x000000000001269f                netstack_ip_packet_processor_add
                0x00000000000126c2                uip_ds6_ip_packet_processor_rm
                0x00000000000126df                netstack_init
 .text          0x00000000000126fd       0x4f obj_cooja/mtype873.a(linkaddr.o)
                0x00000000000126fd                linkaddr_copy
                0x0000000000012713                linkaddr_cmp
                0x0000000000012736                linkaddr_set_node_addr
 .text          0x000000000001274c      0x165 obj_cooja/mtype873.a(csma.o)
 .text          0x00000000000128b1      0x944 obj_cooja/mtype873.a(csma-output.o)
                0x0000000000012f2a                csma_output_packet
                0x00000000000131b7                csma_output_init
 .text          0x00000000000131f5      0xb25 obj_cooja/mtype873.a(uip-ds6.o)
                0x00000000000131f5                uip_ds6_init
                0x00000000000133a0                uip_ds6_periodic
                0x0000000000013427                uip_ds6_list_loop
                0x00000000000134e7                uip_ds6_prefix_add
                0x0000000000013593                uip_ds6_prefix_rm
                0x00000000000135a6                uip_ds6_prefix_lookup
                0x00000000000135e5                uip_ds6_is_addr_onlink
                0x0000000000013658                uip_ds6_addr_add
                0x0000000000013778                uip_ds6_addr_rm
                0x0000000000013821                uip_ds6_addr_lookup
                0x000000000001385a                uip_ds6_get_link_local
                0x00000000000138db                uip_ds6_get_global
                0x000000000001395c                uip_ds6_maddr_add
                0x00000000000139bc                uip_ds6_maddr_rm
                0x00000000000139cf                uip_ds6_maddr_lookup
                0x0000000000013a08                uip_ds6_aaddr_add
                0x0000000000013a68                uip_ds6_aaddr_rm
                0x0000000000013a7b                uip_ds6_aaddr_lookup
                0x0000000000013ab4                uip_ds6_select_src
                0x0000000000013bfd                uip_ds6_set_addr_iid
                0x0000000000013c28                uip_ds6_set_lladdr_from_iid
                0x0000000000013c51                get_match_length
                0x0000000000013ce2                uip_ds6_compute_reachable_time
 .text          0x0000000000013d1a      0x4d1 obj_cooja/mtype873.a(uiplib.o)
                0x0000000000013d1a                uiplib_ip6addrconv
                0x0000000000013ed2                uiplib_ip4addrconv
                0x0000000000013f95                uiplib_ipaddr_print
                0x0000000000013fe8                uiplib_ipaddr_snprint
 .text          0x00000000000141eb      0x737 obj_cooja/mtype873.a(tcpip.o)
                0x0000000000014205                tcpip_output
                0x0000000000014294                udp_attach
                0x00000000000142ac                udp_new
                0x00000000000142f6                udp_broadcast_new
                0x0000000000014468                tcpip_input
                0x0000000000014608                tcpip_ipv6_output
                0x000000000001481c                tcpip_poll_udp
                0x000000000001483a                tcpip_uipcall
 .text          0x0000000000014922     0x123f obj_cooja/mtype873.a(uip6.o)
                0x00000000000149d1                uip_chksum
                0x0000000000014ab2                uip_icmp6chksum
                0x0000000000014ac7                uip_udpchksum
                0x0000000000014adc                uip_init
                0x0000000000014b20                remove_ext_hdr
                0x0000000000014c05                uip_udp_new
                0x0000000000014f22                uip_process
                0x0000000000015a5c                uip_htons
                0x0000000000015a7e                uip_htonl
                0x0000000000015abc                uip_send
 .text          0x0000000000015b61      0x374 obj_cooja/mtype873.a(uip-ds6-nbr.o)
                0x0000000000015b61                uip_ds6_neighbors_init
                0x0000000000015b85                uip_ds6_nbr_add
                0x0000000000015c0b                uip_ds6_nbr_rm
                0x0000000000015c56                uip_ds6_nbr_update_ll
                0x0000000000015d44                uip_ds6_nbr_get_ipaddr
                0x0000000000015d59                uip_ds6_nbr_get_ll
                0x0000000000015d75                uip_ds6_nbr_num
                0x0000000000015dbe                uip_ds6_nbr_head
                0x0000000000015dd7                uip_ds6_nbr_next
                0x0000000000015df3                uip_ds6_nbr_lookup
                0x0000000000015e56                uip_ds6_nbr_ll_lookup
                0x0000000000015e72                uip_ds6_nbr_ipaddr_from_lladdr
                0x0000000000015e9b                uip_ds6_nbr_lladdr_from_ipaddr
                0x0000000000015ecf                uip_ds6_link_callback
 .text          0x0000000000015ed5      0x6b5 obj_cooja/mtype873.a(uip-nd6.o)
                0x0000000000016571                uip_nd6_init
 .text          0x000000000001658a      0x37a obj_cooja/mtype873.a(simple-udp.o)
                0x00000000000165b7                simple_udp_send
                0x000000000001661a                simple_udp_sendto
                0x0000000000016675                simple_udp_sendto_port
                0x00000000000166ce                simple_udp_register
 .text          0x0000000000016904      0x35b obj_cooja/mtype873.a(uip-ds6-route.o)
                0x0000000000016955                uip_ds6_route_init
                0x000000000001697f                uip_ds6_route_nexthop
                0x0000000000016989                uip_ds6_route_head
                0x0000000000016993                uip_ds6_route_next
                0x000000000001699d                uip_ds6_route_is_nexthop
                0x00000000000169a7                uip_ds6_route_num_routes
                0x00000000000169b1                uip_ds6_route_lookup
                0x00000000000169bb                uip_ds6_route_add
                0x00000000000169ce                uip_ds6_route_rm
                0x00000000000169d4                uip_ds6_route_rm_by_nexthop
                0x00000000000169da                uip_ds6_defrt_head
                0x00000000000169f3                uip_ds6_defrt_add
                0x0000000000016aa1                uip_ds6_defrt_rm
                0x0000000000016b07                uip_ds6_defrt_lookup
                0x0000000000016b6e                uip_ds6_defrt_choose
                0x0000000000016be4                uip_ds6_defrt_periodic
 .text          0x0000000000016c5f     0x2a78 obj_cooja/mtype873.a(sicslowpan.o)
                0x000000000001715d                netstack_sniffer_add
                0x000000000001716b                netstack_sniffer_remove
                0x00000000000196a3                sicslowpan_init
                0x00000000000196cd                sicslowpan_get_last_rssi
 .text          0x00000000000196d7      0xe51 obj_cooja/mtype873.a(rpl-dag.o)
                0x00000000000196d7                rpl_dag_state_to_str
                0x0000000000019716                rpl_dag_get_root_ipaddr
                0x000000000001975e                rpl_dag_leave
                0x00000000000197e7                rpl_dag_poison_and_leave
                0x00000000000197ff                rpl_dag_periodic
                0x0000000000019887                rpl_is_addr_in_our_dag
                0x00000000000198cb                rpl_get_default_instance
                0x00000000000198e7                rpl_get_any_dag
                0x0000000000019940                rpl_refresh_routes
                0x0000000000019980                rpl_global_repair
                0x0000000000019a0c                rpl_local_repair
                0x0000000000019a56                rpl_dag_ready_to_advertise
                0x0000000000019a99                rpl_dag_update_state
                0x000000000001a1bd                rpl_process_dio
                0x000000000001a23e                rpl_process_dis
                0x000000000001a283                rpl_process_dao
                0x000000000001a312                rpl_process_dao_ack
                0x000000000001a3a4                rpl_process_hbh
                0x000000000001a3f4                rpl_dag_init_root
                0x000000000001a508                rpl_dag_init
 .text          0x000000000001a528      0x8ed obj_cooja/mtype873.a(rpl-neighbor.o)
                0x000000000001a5a4                rpl_neighbor_snprint
                0x000000000001a851                rpl_neighbor_print_list
                0x000000000001a906                rpl_neighbor_count
                0x000000000001a9ad                rpl_neighbor_get_from_lladdr
                0x000000000001a9c9                rpl_neighbor_is_acceptable_parent
                0x000000000001a9fd                rpl_neighbor_get_link_metric
                0x000000000001aa31                rpl_neighbor_rank_via_nbr
                0x000000000001aa65                rpl_neighbor_get_lladdr
                0x000000000001aa81                rpl_neighbor_get_ipaddr
                0x000000000001aaa8                rpl_neighbor_get_link_stats
                0x000000000001aacf                rpl_neighbor_is_fresh
                0x000000000001aaf6                rpl_neighbor_is_reachable
                0x000000000001ab41                rpl_neighbor_is_parent
                0x000000000001ab6b                rpl_neighbor_set_preferred_parent
                0x000000000001abf7                rpl_neighbor_remove_all
                0x000000000001ac46                rpl_neighbor_get_from_ipaddr
                0x000000000001ad4a                rpl_neighbor_select_best
                0x000000000001adf6                rpl_neighbor_init
 .text          0x000000000001ae15      0xa19 obj_cooja/mtype873.a(rpl-timers.o)
                0x000000000001ae15                rpl_timers_schedule_periodic_dis
                0x000000000001af63                rpl_timers_dio_reset
                0x000000000001b054                rpl_timers_schedule_unicast_dio
                0x000000000001b1da                rpl_timers_schedule_dao
                0x000000000001b314                rpl_timers_schedule_dao_ack
                0x000000000001b39a                get_probing_delay
                0x000000000001b3ce                get_probing_target
                0x000000000001b5b8                rpl_schedule_probing
                0x000000000001b5e6                rpl_schedule_probing_now
                0x000000000001b650                rpl_timers_unschedule_leaving
                0x000000000001b688                rpl_timers_schedule_leaving
                0x000000000001b6c9                rpl_timers_init
                0x000000000001b759                rpl_timers_stop_dag_timers
                0x000000000001b7d2                rpl_timers_unschedule_state_update
                0x000000000001b7f6                rpl_timers_schedule_state_update
 .text          0x000000000001b82e      0x4c9 obj_cooja/mtype873.a(rpl.o)
                0x000000000001b82e                rpl_lollipop_greater_than
                0x000000000001b888                rpl_get_global_address
                0x000000000001b980                rpl_link_callback
                0x000000000001b9c4                rpl_has_joined
                0x000000000001b9e9                rpl_is_reachable
                0x000000000001ba6a                rpl_reset_prefix
                0x000000000001bad4                rpl_set_prefix_from_addr
                0x000000000001bbb9                rpl_set_prefix
                0x000000000001bcd3                rpl_set_leaf_only
                0x000000000001bceb                rpl_get_leaf_only
 .text          0x000000000001bcf7      0x31b obj_cooja/mtype873.a(rpl-mrhof.o)
 .text          0x000000000001c012     0x13cb obj_cooja/mtype873.a(rpl-icmp6.o)
                0x000000000001c137                rpl_icmp6_update_nbr_table
                0x000000000001c1d0                rpl_icmp6_dis_output
                0x000000000001c826                rpl_icmp6_dio_output
                0x000000000001d033                rpl_icmp6_dao_output
                0x000000000001d324                rpl_icmp6_dao_ack_output
                0x000000000001d394                rpl_icmp6_init
 .text          0x000000000001d3dd      0x286 obj_cooja/mtype873.a(rpl-dag-root.o)
                0x000000000001d3dd                rpl_dag_root_print_links
                0x000000000001d52b                rpl_dag_root_set_prefix
                0x000000000001d557                rpl_dag_root_start
                0x000000000001d634                rpl_dag_root_is_root
 .text          0x000000000001d663       0x1e obj_cooja/mtype873.a(watchdog.o)
                0x000000000001d663                watchdog_init
                0x000000000001d669                watchdog_start
                0x000000000001d66f                watchdog_periodic
                0x000000000001d675                watchdog_stop
                0x000000000001d67b                watchdog_reboot
 .text          0x000000000001d681       0xb2 obj_cooja/mtype873.a(stimer.o)
                0x000000000001d681                stimer_set
                0x000000000001d69f                stimer_reset
                0x000000000001d6b7                stimer_restart
                0x000000000001d6cc                stimer_expired
                0x000000000001d6f7                stimer_remaining
                0x000000000001d71b                stimer_elapsed
 .text          0x000000000001d733      0x1b8 obj_cooja/mtype873.a(memb.o)
                0x000000000001d733                memb_init
                0x000000000001d788                memb_alloc
                0x000000000001d7ed                memb_free
                0x000000000001d868                memb_inmemb
                0x000000000001d8a7                memb_numfree
 .text          0x000000000001d8eb      0x2e7 obj_cooja/mtype873.a(queuebuf.o)
                0x000000000001d8f5                queuebuf_init
                0x000000000001d91e                queuebuf_numfree
                0x000000000001d936                queuebuf_new_from_packetbuf
                0x000000000001d9d5                queuebuf_update_attr_from_packetbuf
                0x000000000001da0a                queuebuf_update_from_packetbuf
                0x000000000001da5a                queuebuf_free
                0x000000000001daa3                queuebuf_to_packetbuf
                0x000000000001db0f                queuebuf_dataptr
                0x000000000001db49                queuebuf_datalen
                0x000000000001db6c                queuebuf_addr
                0x000000000001dba1                queuebuf_attr
                0x000000000001dbcc                queuebuf_debug_print
 .text          0x000000000001dbd2      0x78b obj_cooja/mtype873.a(nbr-table.o)
                0x000000000001e04b                nbr_table_register
                0x000000000001e0b8                nbr_table_is_registered
                0x000000000001e0f3                nbr_table_head
                0x000000000001e14e                nbr_table_next
                0x000000000001e1af                nbr_table_add_lladdr
                0x000000000001e279                nbr_table_get_from_lladdr
                0x000000000001e2c5                nbr_table_remove
                0x000000000001e2fd                nbr_table_lock
                0x000000000001e317                nbr_table_unlock
                0x000000000001e331                nbr_table_get_lladdr
 .text          0x000000000001e35d      0x37c obj_cooja/mtype873.a(link-stats.o)
                0x000000000001e35d                link_stats_from_lladdr
                0x000000000001e379                link_stats_is_fresh
                0x000000000001e3b5                guess_etx_from_rssi
                0x000000000001e431                link_stats_packet_sent
                0x000000000001e544                link_stats_input_callback
                0x000000000001e654                link_stats_reset
                0x000000000001e6a4                link_stats_init
 .text          0x000000000001e6d9      0x187 obj_cooja/mtype873.a(mac-sequence.o)
                0x000000000001e6d9                mac_sequence_is_duplicate
                0x000000000001e779                mac_sequence_register_seqno
 .text          0x000000000001e860       0x23 obj_cooja/mtype873.a(mac.o)
                0x000000000001e860                mac_call_sent_callback
 .text          0x000000000001e883      0x41d obj_cooja/mtype873.a(framer-802154.o)
                0x000000000001ea12                framer_802154_setup_params
 .text          0x000000000001eca0      0xb6f obj_cooja/mtype873.a(frame802154.o)
                0x000000000001ecd1                frame802154_get_pan_id
                0x000000000001ecdd                frame802154_set_pan_id
                0x000000000001ecf7                frame802154_has_panid
                0x000000000001eea6                frame802154_check_dest_panid
                0x000000000001ef2e                frame802154_is_broadcast_addr
                0x000000000001ef7b                frame802154_extract_linkaddr
                0x000000000001f1e0                frame802154_hdrlen
                0x000000000001f253                frame802154_create_fcf
                0x000000000001f30b                frame802154_create
                0x000000000001f480                frame802154_parse_fcf
                0x000000000001f562                frame802154_parse
 .text          0x000000000001f80f      0x1ec obj_cooja/mtype873.a(uipbuf.o)
                0x000000000001f80f                uipbuf_get_next_header
                0x000000000001f87e                uipbuf_get_last_header
                0x000000000001f905                uipbuf_get_attr
                0x000000000001f92c                uipbuf_set_attr
                0x000000000001f963                uipbuf_clear_attr
                0x000000000001f98f                uipbuf_set_attr_flag
                0x000000000001f9b0                uipbuf_clr_attr_flag
                0x000000000001f9d7                uipbuf_is_attr_flag
 .text          0x000000000001f9fb      0x96e obj_cooja/mtype873.a(uip-icmp6.o)
                0x000000000001fa70                uip_icmp6_input
                0x000000000001fac7                uip_icmp6_register_input_handler
                0x000000000001fcd3                uip_icmp6_error_output
                0x0000000000020032                uip_icmp6_send
                0x00000000000202f1                uip_icmp6_echo_reply_callback_add
                0x0000000000020323                uip_icmp6_echo_reply_callback_rm
                0x0000000000020340                uip_icmp6_init
 .text          0x0000000000020369      0x69b obj_cooja/mtype873.a(uip-sr.o)
                0x0000000000020369                uip_sr_num_nodes
                0x00000000000203f7                uip_sr_get_node
                0x000000000002044e                uip_sr_is_addr_reachable
                0x00000000000204fc                uip_sr_expire_parent
                0x0000000000020545                uip_sr_update_node
                0x0000000000020675                uip_sr_init
                0x00000000000206a9                uip_sr_node_head
                0x00000000000206c2                uip_sr_node_next
                0x00000000000206d8                uip_sr_periodic
                0x00000000000207de                uip_sr_free_all
                0x000000000002084e                uip_sr_link_snprint
 .text          0x0000000000020a04      0x146 obj_cooja/mtype873.a(uip-packetqueue)
                0x0000000000020a32                uip_packetqueue_new
                0x0000000000020a41                uip_packetqueue_alloc
                0x0000000000020a9c                uip_packetqueue_free
                0x0000000000020ae3                uip_packetqueue_buf
                0x0000000000020b00                uip_packetqueue_buflen
                0x0000000000020b21                uip_packetqueue_set_buflen
 .text          0x0000000000020b4a      0x128 obj_cooja/mtype873.a(uip-udp-packet.)
                0x0000000000020b4a                uip_udp_packet_send
                0x0000000000020ba5                uip_udp_packet_sendto
 .text          0x0000000000020c72     0x102c obj_cooja/mtype873.a(rpl-ext-header.)
                0x0000000000020c72                rpl_ext_header_srh_get_next_hop
                0x0000000000020dee                rpl_ext_header_srh_update
                0x00000000000214e7                rpl_ext_header_hbh_update
                0x0000000000021a3c                rpl_ext_header_update
                0x0000000000021ac5                rpl_ext_header_remove
 .text          0x0000000000021c9e      0x1c8 obj_cooja/mtype873.a(rpl-nbr-policy.)
                0x0000000000021e23                rpl_nbr_policy_find_removable
 .text          0x0000000000021e66        0x0 /usr/lib/gcc/i686-linux-gnu/5/crtendS.o
 .text          0x0000000000021e66        0x0 /usr/lib/gcc/i686-linux-gnu/5/../../../i386-linux-gnu/crtn.o
 *(.gnu.warning)

.fini           0x0000000000021e68       0x14
 *(SORT(.fini))
 .fini          0x0000000000021e68        0xf /usr/lib/gcc/i686-linux-gnu/5/../../../i386-linux-gnu/crti.o
                0x0000000000021e68                _fini
 .fini          0x0000000000021e77        0x5 /usr/lib/gcc/i686-linux-gnu/5/../../../i386-linux-gnu/crtn.o
                [!provide]                        PROVIDE (__etext, .)
                [!provide]                        PROVIDE (_etext, .)
                [!provide]                        PROVIDE (etext, .)

.rodata         0x0000000000021e80      0x780
 *(.rodata .rodata.* .gnu.linkonce.r.*)
 .rodata        0x0000000000021e80       0x6a udp-client.o
                0x0000000000021e8c                autostart_processes
 *fill*         0x0000000000021eea        0x2 
 .rodata        0x0000000000021eec        0x8 obj_cooja/mtype873.a(beep.o)
                0x0000000000021eec                beep_interface
 .rodata        0x0000000000021ef4       0x20 obj_cooja/mtype873.a(button-sensor.o)
                0x0000000000021ef4                button_interface
                0x0000000000021f04                button_sensor
 .rodata        0x0000000000021f14        0x8 obj_cooja/mtype873.a(leds-arch.o)
                0x0000000000021f14                leds_interface
 .rodata        0x0000000000021f1c        0x8 obj_cooja/mtype873.a(moteid.o)
                0x0000000000021f1c                moteid_interface
 .rodata        0x0000000000021f24       0x1c obj_cooja/mtype873.a(pir-sensor.o)
                0x0000000000021f24                pir_interface
                0x0000000000021f30                pir_sensor
 .rodata        0x0000000000021f40        0xe obj_cooja/mtype873.a(rs232.o)
                0x0000000000021f40                rs232_interface
 *fill*         0x0000000000021f4e        0x2 
 .rodata        0x0000000000021f50       0x24 obj_cooja/mtype873.a(vib-sensor.o)
                0x0000000000021f50                vib_interface
                0x0000000000021f64                vib_sensor
 .rodata        0x0000000000021f74        0x8 obj_cooja/mtype873.a(clock.o)
                0x0000000000021f74                clock_interface
 .rodata        0x0000000000021f7c        0x8 obj_cooja/mtype873.a(cooja-log.o)
                0x0000000000021f7c                simlog_interface
 .rodata        0x0000000000021f84       0x2f obj_cooja/mtype873.a(cfs-cooja.o)
                0x0000000000021f84                cfs_interface
 *fill*         0x0000000000021fb3        0xd 
 .rodata        0x0000000000021fc0       0x58 obj_cooja/mtype873.a(cooja-radio.o)
                0x0000000000021fc0                radio_interface
                0x0000000000021fe0                cooja_radio_driver
 .rodata        0x0000000000022018        0x8 obj_cooja/mtype873.a(eeprom.o)
                0x0000000000022018                eeprom_interface
 .rodata        0x0000000000022020        0x8 obj_cooja/mtype873.a(sensors.o)
 .rodata        0x0000000000022028       0xf8 obj_cooja/mtype873.a(contiki-main.o)
 .rodata        0x0000000000022120       0xc0 obj_cooja/mtype873.a(log.o)
 .rodata        0x00000000000221e0        0xc obj_cooja/mtype873.a(etimer.o)
 .rodata        0x00000000000221ec        0xf obj_cooja/mtype873.a(ctimer.o)
 .rodata        0x00000000000221fb        0xe obj_cooja/mtype873.a(serial-line.o)
 *fill*         0x0000000000022209        0x3 
 .rodata        0x000000000002220c        0x8 obj_cooja/mtype873.a(linkaddr.o)
                0x000000000002220c                linkaddr_null
 .rodata        0x0000000000022214       0x20 obj_cooja/mtype873.a(csma.o)
                0x000000000002221c                csma_driver
 .rodata        0x0000000000022234       0x2d obj_cooja/mtype873.a(uiplib.o)
 .rodata        0x0000000000022261        0xd obj_cooja/mtype873.a(tcpip.o)
 *fill*         0x000000000002226e        0x2 
 .rodata        0x0000000000022270       0xf4 obj_cooja/mtype873.a(uip6.o)
 .rodata        0x0000000000022364       0x13 obj_cooja/mtype873.a(simple-udp.o)
 *fill*         0x0000000000022377        0x1 
 .rodata        0x0000000000022378       0x4d obj_cooja/mtype873.a(uip-ds6-route.o)
 *fill*         0x00000000000223c5        0x3 
 .rodata        0x00000000000223c8       0x30 obj_cooja/mtype873.a(sicslowpan.o)
                0x00000000000223c8                unc_llconf
                0x00000000000223cc                unc_ctxconf
                0x00000000000223d0                unc_mxconf
                0x00000000000223d4                llprefix
                0x00000000000223e8                sicslowpan_driver
 .rodata        0x00000000000223f8       0xdb obj_cooja/mtype873.a(rpl-dag.o)
 *fill*         0x00000000000224d3        0x1 
 .rodata        0x00000000000224d4       0x58 obj_cooja/mtype873.a(rpl-neighbor.o)
 .rodata        0x000000000002252c        0xc obj_cooja/mtype873.a(rpl-timers.o)
 *fill*         0x0000000000022538        0x8 
 .rodata        0x0000000000022540       0x70 obj_cooja/mtype873.a(rpl.o)
                0x0000000000022560                rpl_lite_driver
 .rodata        0x00000000000225b0        0xc obj_cooja/mtype873.a(framer-802154.o)
                0x00000000000225b0                framer_802154
 .rodata        0x00000000000225bc       0x44 obj_cooja/mtype873.a(uip-sr.o)

.rodata1
 *(.rodata1)

.eh_frame_hdr   0x0000000000022600     0x13ec
 *(.eh_frame_hdr)
 .eh_frame_hdr  0x0000000000022600     0x13ec udp-client.o
                0x0000000000022600                __GNU_EH_FRAME_HDR
 *(.eh_frame_entry .eh_frame_entry.*)

.eh_frame       0x00000000000239ec     0x50a8
 *(.eh_frame)
 .eh_frame      0x00000000000239ec       0x3c /usr/lib/gcc/i686-linux-gnu/5/../../../i386-linux-gnu/crti.o
                                         0x40 (size before relaxing)
 .eh_frame      0x0000000000023a28       0x40 udp-client.o
                                         0x58 (size before relaxing)
 .eh_frame      0x0000000000023a68      0x178 obj_cooja/mtype873.o
                                        0x190 (size before relaxing)
 .eh_frame      0x0000000000023be0       0x40 obj_cooja/mtype873.a(simEnvChange.o)
                                         0x58 (size before relaxing)
 .eh_frame      0x0000000000023c20       0x60 obj_cooja/mtype873.a(cooja_mt.o)
                                         0x78 (size before relaxing)
 .eh_frame      0x0000000000023c80       0x80 obj_cooja/mtype873.a(cooja_mtarch.o)
                                         0x98 (size before relaxing)
 .eh_frame      0x0000000000023d00       0xc8 obj_cooja/mtype873.a(rtimer-arch.o)
                                         0xe0 (size before relaxing)
 .eh_frame      0x0000000000023dc8      0x160 obj_cooja/mtype873.a(beep.o)
                                        0x178 (size before relaxing)
 .eh_frame      0x0000000000023f28       0xa0 obj_cooja/mtype873.a(button-sensor.o)
                                         0xb8 (size before relaxing)
 .eh_frame      0x0000000000023fc8       0xa0 obj_cooja/mtype873.a(leds-arch.o)
                                         0xb8 (size before relaxing)
 .eh_frame      0x0000000000024068       0x40 obj_cooja/mtype873.a(moteid.o)
                                         0x58 (size before relaxing)
 .eh_frame      0x00000000000240a8       0xa0 obj_cooja/mtype873.a(pir-sensor.o)
                                         0xb8 (size before relaxing)
 .eh_frame      0x0000000000024148      0x100 obj_cooja/mtype873.a(rs232.o)
                                        0x118 (size before relaxing)
 .eh_frame      0x0000000000024248       0xa0 obj_cooja/mtype873.a(vib-sensor.o)
                                         0xb8 (size before relaxing)
 .eh_frame      0x00000000000242e8       0xc0 obj_cooja/mtype873.a(clock.o)
                                         0xd8 (size before relaxing)
 .eh_frame      0x00000000000243a8      0x120 obj_cooja/mtype873.a(cooja-log.o)
                                        0x138 (size before relaxing)
 .eh_frame      0x00000000000244c8      0x160 obj_cooja/mtype873.a(cfs-cooja.o)
                                        0x178 (size before relaxing)
 .eh_frame      0x0000000000024628      0x340 obj_cooja/mtype873.a(cooja-radio.o)
                                        0x358 (size before relaxing)
 .eh_frame      0x0000000000024968       0xa0 obj_cooja/mtype873.a(eeprom.o)
                                         0xb8 (size before relaxing)
 .eh_frame      0x0000000000024a08       0x40 obj_cooja/mtype873.a(random.o)
                                         0x58 (size before relaxing)
 .eh_frame      0x0000000000024a48       0xc0 obj_cooja/mtype873.a(sensors.o)
                                         0xd8 (size before relaxing)
 .eh_frame      0x0000000000024b08       0x30 obj_cooja/mtype873.a(contiki-main.o)
                                         0x48 (size before relaxing)
 .eh_frame      0x0000000000024b38       0x40 obj_cooja/mtype873.a(autostart.o)
                                         0x58 (size before relaxing)
 .eh_frame      0x0000000000024b78      0x100 obj_cooja/mtype873.a(log.o)
                                        0x118 (size before relaxing)
 .eh_frame      0x0000000000024c78       0x60 obj_cooja/mtype873.a(energest.o)
                                         0x78 (size before relaxing)
 .eh_frame      0x0000000000024cd8      0x1e0 obj_cooja/mtype873.a(etimer.o)
                                        0x1f8 (size before relaxing)
 .eh_frame      0x0000000000024eb8       0x20 obj_cooja/mtype873.a(node-id.o)
                                         0x38 (size before relaxing)
 .eh_frame      0x0000000000024ed8      0x100 obj_cooja/mtype873.a(ctimer.o)
                                        0x118 (size before relaxing)
 .eh_frame      0x0000000000024fd8      0x1c4 obj_cooja/mtype873.a(process.o)
                                        0x1dc (size before relaxing)
 .eh_frame      0x000000000002519c       0x60 obj_cooja/mtype873.a(rtimer.o)
                                         0x78 (size before relaxing)
 .eh_frame      0x00000000000251fc       0xa4 obj_cooja/mtype873.a(timer.o)
                                         0xbc (size before relaxing)
 .eh_frame      0x00000000000252a0       0x60 obj_cooja/mtype873.a(serial-line.o)
                                         0x78 (size before relaxing)
 .eh_frame      0x0000000000025300      0x1a0 obj_cooja/mtype873.a(list.o)
                                        0x1b8 (size before relaxing)
 .eh_frame      0x00000000000254a0       0xa0 obj_cooja/mtype873.a(ringbuf.o)
                                         0xb8 (size before relaxing)
 .eh_frame      0x0000000000025540      0x28c obj_cooja/mtype873.a(packetbuf.o)
                                        0x2a4 (size before relaxing)
 .eh_frame      0x00000000000257cc       0x80 obj_cooja/mtype873.a(netstack.o)
                                         0x98 (size before relaxing)
 .eh_frame      0x000000000002584c       0x60 obj_cooja/mtype873.a(linkaddr.o)
                                         0x78 (size before relaxing)
 .eh_frame      0x00000000000258ac       0xa0 obj_cooja/mtype873.a(csma.o)
                                         0xb8 (size before relaxing)
 .eh_frame      0x000000000002594c      0x1d4 obj_cooja/mtype873.a(csma-output.o)
                                        0x1ec (size before relaxing)
 .eh_frame      0x0000000000025b20      0x2e8 obj_cooja/mtype873.a(uip-ds6.o)
                                        0x300 (size before relaxing)
 .eh_frame      0x0000000000025e08       0x88 obj_cooja/mtype873.a(uiplib.o)
                                         0xa0 (size before relaxing)
 .eh_frame      0x0000000000025e90      0x244 obj_cooja/mtype873.a(tcpip.o)
                                        0x25c (size before relaxing)
 .eh_frame      0x00000000000260d4      0x1a8 obj_cooja/mtype873.a(uip6.o)
                                        0x1c0 (size before relaxing)
 .eh_frame      0x000000000002627c      0x1c0 obj_cooja/mtype873.a(uip-ds6-nbr.o)
                                        0x1d8 (size before relaxing)
 .eh_frame      0x000000000002643c       0x84 obj_cooja/mtype873.a(uip-nd6.o)
                                         0x9c (size before relaxing)
 .eh_frame      0x00000000000264c0       0xd4 obj_cooja/mtype873.a(simple-udp.o)
                                         0xec (size before relaxing)
 .eh_frame      0x0000000000026594      0x220 obj_cooja/mtype873.a(uip-ds6-route.o)
                                        0x238 (size before relaxing)
 .eh_frame      0x00000000000267b4      0x2f8 obj_cooja/mtype873.a(sicslowpan.o)
                                        0x310 (size before relaxing)
 .eh_frame      0x0000000000026aac      0x370 obj_cooja/mtype873.a(rpl-dag.o)
                                        0x388 (size before relaxing)
 .eh_frame      0x0000000000026e1c      0x2d4 obj_cooja/mtype873.a(rpl-neighbor.o)
                                        0x2ec (size before relaxing)
 .eh_frame      0x00000000000270f0      0x368 obj_cooja/mtype873.a(rpl-timers.o)
                                        0x380 (size before relaxing)
 .eh_frame      0x0000000000027458      0x1e0 obj_cooja/mtype873.a(rpl.o)
                                        0x1f8 (size before relaxing)
 .eh_frame      0x0000000000027638      0x148 obj_cooja/mtype873.a(rpl-mrhof.o)
                                        0x160 (size before relaxing)
 .eh_frame      0x0000000000027780      0x1c4 obj_cooja/mtype873.a(rpl-icmp6.o)
                                        0x1dc (size before relaxing)
 .eh_frame      0x0000000000027944       0xa0 obj_cooja/mtype873.a(rpl-dag-root.o)
                                         0xb8 (size before relaxing)
 .eh_frame      0x00000000000279e4       0xa0 obj_cooja/mtype873.a(watchdog.o)
                                         0xb8 (size before relaxing)
 .eh_frame      0x0000000000027a84       0xc4 obj_cooja/mtype873.a(stimer.o)
                                         0xdc (size before relaxing)
 .eh_frame      0x0000000000027b48       0xa0 obj_cooja/mtype873.a(memb.o)
                                         0xb8 (size before relaxing)
 .eh_frame      0x0000000000027be8      0x1a0 obj_cooja/mtype873.a(queuebuf.o)
                                        0x1b8 (size before relaxing)
 .eh_frame      0x0000000000027d88      0x2ac obj_cooja/mtype873.a(nbr-table.o)
                                        0x2c4 (size before relaxing)
 .eh_frame      0x0000000000028034      0x100 obj_cooja/mtype873.a(link-stats.o)
                                        0x118 (size before relaxing)
 .eh_frame      0x0000000000028134       0x48 obj_cooja/mtype873.a(mac-sequence.o)
                                         0x60 (size before relaxing)
 .eh_frame      0x000000000002817c       0x20 obj_cooja/mtype873.a(mac.o)
                                         0x38 (size before relaxing)
 .eh_frame      0x000000000002819c       0xa4 obj_cooja/mtype873.a(framer-802154.o)
                                         0xbc (size before relaxing)
 .eh_frame      0x0000000000028240      0x1a4 obj_cooja/mtype873.a(frame802154.o)
                                        0x1bc (size before relaxing)
 .eh_frame      0x00000000000283e4      0x100 obj_cooja/mtype873.a(uipbuf.o)
                                        0x118 (size before relaxing)
 .eh_frame      0x00000000000284e4      0x160 obj_cooja/mtype873.a(uip-icmp6.o)
                                        0x178 (size before relaxing)
 .eh_frame      0x0000000000028644      0x184 obj_cooja/mtype873.a(uip-sr.o)
                                        0x19c (size before relaxing)
 .eh_frame      0x00000000000287c8       0xe0 obj_cooja/mtype873.a(uip-packetqueue)
                                         0xf8 (size before relaxing)
 .eh_frame      0x00000000000288a8       0x40 obj_cooja/mtype873.a(uip-udp-packet.)
                                         0x58 (size before relaxing)
 .eh_frame      0x00000000000288e8      0x128 obj_cooja/mtype873.a(rpl-ext-header.)
                                        0x140 (size before relaxing)
 .eh_frame      0x0000000000028a10       0x80 obj_cooja/mtype873.a(rpl-nbr-policy.)
                                         0x98 (size before relaxing)
 .eh_frame      0x0000000000028a90        0x4 /usr/lib/gcc/i686-linux-gnu/5/crtendS.o
 *(.eh_frame.*)

.gcc_except_table
 *(.gcc_except_table .gcc_except_table.*)

.gnu_extab
 *(.gnu_extab*)

.exception_ranges
 *(.exception_ranges .exception_ranges*)
                0x0000000000029f10                . = DATA_SEGMENT_ALIGN (0x1000, 0x1000)

.eh_frame
 *(.eh_frame)
 *(.eh_frame.*)

.gnu_extab
 *(.gnu_extab)

.gcc_except_table
 *(.gcc_except_table .gcc_except_table.*)

.exception_ranges
 *(.exception_ranges .exception_ranges*)

.tdata
 *(.tdata .tdata.* .gnu.linkonce.td.*)

.tbss
 *(.tbss .tbss.* .gnu.linkonce.tb.*)
 *(.tcommon)

.preinit_array
 *(.preinit_array)

.init_array     0x0000000000029f10        0x4
 *(SORT(.init_array.*) SORT(.ctors.*))
 *(.init_array EXCLUDE_FILE(*crtend?.o *crtend.o *crtbegin?.o *crtbegin.o) .ctors)
 .init_array    0x0000000000029f10        0x4 /usr/lib/gcc/i686-linux-gnu/5/crtbeginS.o

.fini_array     0x0000000000029f14        0x4
 *(SORT(.fini_array.*) SORT(.dtors.*))
 *(.fini_array EXCLUDE_FILE(*crtend?.o *crtend.o *crtbegin?.o *crtbegin.o) .dtors)
 .fini_array    0x0000000000029f14        0x4 /usr/lib/gcc/i686-linux-gnu/5/crtbeginS.o

.ctors
 *crtbegin.o(.ctors)
 *crtbegin?.o(.ctors)
 *(EXCLUDE_FILE(*crtend?.o *crtend.o) .ctors)
 *(SORT(.ctors.*))
 *(.ctors)

.dtors
 *crtbegin.o(.dtors)
 *crtbegin?.o(.dtors)
 *(EXCLUDE_FILE(*crtend?.o *crtend.o) .dtors)
 *(SORT(.dtors.*))
 *(.dtors)

.jcr            0x0000000000029f18        0x4
 *(.jcr)
 .jcr           0x0000000000029f18        0x0 /usr/lib/gcc/i686-linux-gnu/5/crtbeginS.o
 .jcr           0x0000000000029f18        0x4 /usr/lib/gcc/i686-linux-gnu/5/crtendS.o

.data.rel.ro
 *(.data.rel.ro.local* .gnu.linkonce.d.rel.ro.local.*)
 *(.data.rel.ro .data.rel.ro.* .gnu.linkonce.d.rel.ro.*)

.dynamic        0x0000000000029f1c       0xd0
 *(.dynamic)
 .dynamic       0x0000000000029f1c       0xd0 /usr/lib/gcc/i686-linux-gnu/5/../../../i386-linux-gnu/crti.o
                0x0000000000029f1c                _DYNAMIC

.got            0x0000000000029fec       0x14
 *(.got)
 .got           0x0000000000029fec       0x14 /usr/lib/gcc/i686-linux-gnu/5/../../../i386-linux-gnu/crti.o
 *(.igot)
                0x000000000002aff4                . = DATA_SEGMENT_RELRO_END (., (SIZEOF (.got.plt) >= 0xc)?0xc:0x0)

.got.plt        0x000000000002a000        0xc
 *(.got.plt)
 .got.plt       0x000000000002a000        0xc /usr/lib/gcc/i686-linux-gnu/5/../../../i386-linux-gnu/crti.o
                0x000000000002a000                _GLOBAL_OFFSET_TABLE_
 *(.igot.plt)

.data           0x000000000002a020      0x2f0
 *(.data .data.* .gnu.linkonce.d.*)
 .data          0x000000000002a020        0x0 /usr/lib/gcc/i686-linux-gnu/5/../../../i386-linux-gnu/crti.o
 .data          0x000000000002a020        0x0 /usr/lib/gcc/i686-linux-gnu/5/crtbeginS.o
 .data.rel.local
                0x000000000002a020        0x4 /usr/lib/gcc/i686-linux-gnu/5/crtbeginS.o
                0x000000000002a020                __dso_handle
 .data          0x000000000002a024       0x10 udp-client.o
                0x000000000002a024                udp_client_process
 *fill*         0x000000000002a034        0xc 
 .data          0x000000000002a040       0x44 obj_cooja/mtype873.o
                0x000000000002a040                simInterfaces
                0x000000000002a074                sensors
 .data          0x000000000002a084        0x0 obj_cooja/mtype873.a(simEnvChange.o)
 .data          0x000000000002a084        0x0 obj_cooja/mtype873.a(cooja_mt.o)
 .data          0x000000000002a084        0x0 obj_cooja/mtype873.a(cooja_mtarch.o)
 .data          0x000000000002a084        0x0 obj_cooja/mtype873.a(rtimer-arch.o)
 .data          0x000000000002a084        0x0 obj_cooja/mtype873.a(beep.o)
 .data          0x000000000002a084        0x0 obj_cooja/mtype873.a(button-sensor.o)
 .data          0x000000000002a084        0x0 obj_cooja/mtype873.a(leds-arch.o)
 .data          0x000000000002a084        0x0 obj_cooja/mtype873.a(moteid.o)
 .data          0x000000000002a084        0x0 obj_cooja/mtype873.a(pir-sensor.o)
 .data          0x000000000002a084        0x0 obj_cooja/mtype873.a(rs232.o)
 .data          0x000000000002a084        0x0 obj_cooja/mtype873.a(vib-sensor.o)
 .data          0x000000000002a084        0x0 obj_cooja/mtype873.a(clock.o)
 .data          0x000000000002a084        0x0 obj_cooja/mtype873.a(cooja-log.o)
 .data          0x000000000002a084        0x0 obj_cooja/mtype873.a(cfs-cooja.o)
 .data          0x000000000002a084       0x2c obj_cooja/mtype873.a(cooja-radio.o)
                0x000000000002a084                simRadioHWOn
                0x000000000002a088                simSignalStrength
                0x000000000002a08c                simLastSignalStrength
                0x000000000002a090                simPower
                0x000000000002a094                simRadioChannel
                0x000000000002a098                simLQI
                0x000000000002a0a0                cooja_radio_process
 .data          0x000000000002a0b0        0x0 obj_cooja/mtype873.a(eeprom.o)
 .data          0x000000000002a0b0        0x0 obj_cooja/mtype873.a(random.o)
 .data          0x000000000002a0b0       0x10 obj_cooja/mtype873.a(sensors.o)
                0x000000000002a0b0                sensors_process
 .data          0x000000000002a0c0        0x0 obj_cooja/mtype873.a(contiki-main.o)
 .data          0x000000000002a0c0        0x0 obj_cooja/mtype873.a(autostart.o)
 .data          0x000000000002a0c0       0xb0 obj_cooja/mtype873.a(log.o)
                0x000000000002a0c0                curr_log_level_main
                0x000000000002a0e0                all_modules
 .data          0x000000000002a170        0x0 obj_cooja/mtype873.a(energest.o)
 .data          0x000000000002a170       0x10 obj_cooja/mtype873.a(etimer.o)
                0x000000000002a170                etimer_process
 .data          0x000000000002a180        0x0 obj_cooja/mtype873.a(node-id.o)
 .data          0x000000000002a180       0x14 obj_cooja/mtype873.a(ctimer.o)
                0x000000000002a184                ctimer_process
 .data          0x000000000002a194        0x0 obj_cooja/mtype873.a(process.o)
 .data          0x000000000002a194        0x0 obj_cooja/mtype873.a(rtimer.o)
 .data          0x000000000002a194        0x0 obj_cooja/mtype873.a(timer.o)
 .data          0x000000000002a194       0x10 obj_cooja/mtype873.a(serial-line.o)
                0x000000000002a194                serial_line_process
 .data          0x000000000002a1a4        0x0 obj_cooja/mtype873.a(list.o)
 .data          0x000000000002a1a4        0x0 obj_cooja/mtype873.a(ringbuf.o)
 .data          0x000000000002a1a4        0x4 obj_cooja/mtype873.a(packetbuf.o)
 .data          0x000000000002a1a8        0x4 obj_cooja/mtype873.a(netstack.o)
 .data          0x000000000002a1ac        0x0 obj_cooja/mtype873.a(linkaddr.o)
 .data          0x000000000002a1ac        0x0 obj_cooja/mtype873.a(csma.o)
 .data          0x000000000002a1ac       0x28 obj_cooja/mtype873.a(csma-output.o)
 .data          0x000000000002a1d4        0x0 obj_cooja/mtype873.a(uip-ds6.o)
 .data          0x000000000002a1d4        0x0 obj_cooja/mtype873.a(uiplib.o)
 .data          0x000000000002a1d4       0x10 obj_cooja/mtype873.a(tcpip.o)
                0x000000000002a1d4                tcpip_process
 .data          0x000000000002a1e4        0x0 obj_cooja/mtype873.a(uip6.o)
 .data          0x000000000002a1e4       0x14 obj_cooja/mtype873.a(uip-ds6-nbr.o)
                0x000000000002a1f4                ds6_neighbors
 .data          0x000000000002a1f8        0xc obj_cooja/mtype873.a(uip-nd6.o)
 .data          0x000000000002a204       0x10 obj_cooja/mtype873.a(simple-udp.o)
                0x000000000002a204                simple_udp_process
 .data          0x000000000002a214       0x10 obj_cooja/mtype873.a(uip-ds6-route.o)
 .data          0x000000000002a224        0x0 obj_cooja/mtype873.a(sicslowpan.o)
 .data          0x000000000002a224        0x0 obj_cooja/mtype873.a(rpl-dag.o)
 .data          0x000000000002a224       0x14 obj_cooja/mtype873.a(rpl-neighbor.o)
                0x000000000002a234                rpl_neighbors
 .data          0x000000000002a238        0x0 obj_cooja/mtype873.a(rpl-timers.o)
 .data          0x000000000002a238        0x0 obj_cooja/mtype873.a(rpl.o)
 *fill*         0x000000000002a238        0x8 
 .data          0x000000000002a240       0x24 obj_cooja/mtype873.a(rpl-mrhof.o)
                0x000000000002a240                rpl_mrhof
 .data          0x000000000002a264       0x30 obj_cooja/mtype873.a(rpl-icmp6.o)
 .data          0x000000000002a294        0x0 obj_cooja/mtype873.a(rpl-dag-root.o)
 .data          0x000000000002a294        0x0 obj_cooja/mtype873.a(watchdog.o)
 .data          0x000000000002a294        0x0 obj_cooja/mtype873.a(stimer.o)
 .data          0x000000000002a294        0x0 obj_cooja/mtype873.a(memb.o)
 .data          0x000000000002a294       0x18 obj_cooja/mtype873.a(queuebuf.o)
 .data          0x000000000002a2ac       0x10 obj_cooja/mtype873.a(nbr-table.o)
 .data          0x000000000002a2bc       0x14 obj_cooja/mtype873.a(link-stats.o)
 .data          0x000000000002a2d0        0x0 obj_cooja/mtype873.a(mac-sequence.o)
 .data          0x000000000002a2d0        0x0 obj_cooja/mtype873.a(mac.o)
 .data          0x000000000002a2d0        0x0 obj_cooja/mtype873.a(framer-802154.o)
 .data          0x000000000002a2d0        0x2 obj_cooja/mtype873.a(frame802154.o)
 .data          0x000000000002a2d2        0x0 obj_cooja/mtype873.a(uipbuf.o)
 *fill*         0x000000000002a2d2        0x2 
 .data          0x000000000002a2d4       0x20 obj_cooja/mtype873.a(uip-icmp6.o)
 .data          0x000000000002a2f4       0x10 obj_cooja/mtype873.a(uip-sr.o)
 .data          0x000000000002a304        0xc obj_cooja/mtype873.a(uip-packetqueue)
 .data          0x000000000002a310        0x0 obj_cooja/mtype873.a(uip-udp-packet.)
 .data          0x000000000002a310        0x0 obj_cooja/mtype873.a(rpl-ext-header.)
 .data          0x000000000002a310        0x0 obj_cooja/mtype873.a(rpl-nbr-policy.)
 .data          0x000000000002a310        0x0 /usr/lib/gcc/i686-linux-gnu/5/crtendS.o
 .data          0x000000000002a310        0x0 /usr/lib/gcc/i686-linux-gnu/5/../../../i386-linux-gnu/crtn.o

.tm_clone_table
                0x000000000002a310        0x0
 .tm_clone_table
                0x000000000002a310        0x0 /usr/lib/gcc/i686-linux-gnu/5/crtbeginS.o
 .tm_clone_table
                0x000000000002a310        0x0 /usr/lib/gcc/i686-linux-gnu/5/crtendS.o

.data1
 *(.data1)
                0x000000000002a310                _edata = .
                [!provide]                        PROVIDE (edata, .)
                0x000000000002a310                . = .
                0x000000000002a310                __bss_start = .

.bss            0x000000000002a320    0x13d00
 *(.dynbss)
 .dynbss        0x000000000002a320        0x0 /usr/lib/gcc/i686-linux-gnu/5/../../../i386-linux-gnu/crti.o
 *(.bss .bss.* .gnu.linkonce.b.*)
 .bss           0x000000000002a320        0x0 /usr/lib/gcc/i686-linux-gnu/5/../../../i386-linux-gnu/crti.o
 .bss           0x000000000002a320        0x1 /usr/lib/gcc/i686-linux-gnu/5/crtbeginS.o
 *fill*         0x000000000002a321       0x1f 
 .bss           0x000000000002a340       0x34 udp-client.o
 *fill*         0x000000000002a374        0xc 
 .bss           0x000000000002a380     0x2030 obj_cooja/mtype873.o
 .bss           0x000000000002c3b0        0x1 obj_cooja/mtype873.a(simEnvChange.o)
                0x000000000002c3b0                simDontFallAsleep
 *fill*         0x000000000002c3b1        0x3 
 .bss           0x000000000002c3b4        0x4 obj_cooja/mtype873.a(cooja_mt.o)
 .bss           0x000000000002c3b8        0x4 obj_cooja/mtype873.a(cooja_mtarch.o)
 .bss           0x000000000002c3bc        0x0 obj_cooja/mtype873.a(rtimer-arch.o)
 .bss           0x000000000002c3bc        0x0 obj_cooja/mtype873.a(beep.o)
 .bss           0x000000000002c3bc        0x8 obj_cooja/mtype873.a(button-sensor.o)
 .bss           0x000000000002c3c4        0x0 obj_cooja/mtype873.a(leds-arch.o)
 .bss           0x000000000002c3c4        0x0 obj_cooja/mtype873.a(moteid.o)
 .bss           0x000000000002c3c4        0x1 obj_cooja/mtype873.a(pir-sensor.o)
                0x000000000002c3c4                simPirValue
 *fill*         0x000000000002c3c5        0x3 
 .bss           0x000000000002c3c8        0x4 obj_cooja/mtype873.a(rs232.o)
 .bss           0x000000000002c3cc        0x1 obj_cooja/mtype873.a(vib-sensor.o)
                0x000000000002c3cc                simVibValue
 .bss           0x000000000002c3cd        0x0 obj_cooja/mtype873.a(clock.o)
 *fill*         0x000000000002c3cd       0x13 
 .bss           0x000000000002c3e0     0x2020 obj_cooja/mtype873.a(cooja-log.o)
 .bss           0x000000000002e400      0xfc0 obj_cooja/mtype873.a(cfs-cooja.o)
                0x000000000002e400                simCFSData
                0x000000000002f3a0                simCFSSize
                0x000000000002f3a4                simCFSChanged
                0x000000000002f3a8                simCFSRead
                0x000000000002f3ac                simCFSWritten
 .bss           0x000000000002f3c0       0x24 obj_cooja/mtype873.a(cooja-radio.o)
                0x000000000002f3c0                simReceiving
                0x000000000002f3c4                simInSize
                0x000000000002f3c8                simLastPacketTimestamp
                0x000000000002f3d0                simOutSize
 .bss           0x000000000002f3e4        0xc obj_cooja/mtype873.a(eeprom.o)
                0x000000000002f3e4                simEEPROMChanged
                0x000000000002f3e8                simEEPROMRead
                0x000000000002f3ec                simEEPROMWritten
 .bss           0x000000000002f3f0        0x0 obj_cooja/mtype873.a(random.o)
 .bss           0x000000000002f3f0        0xc obj_cooja/mtype873.a(sensors.o)
 .bss           0x000000000002f3fc        0x0 obj_cooja/mtype873.a(contiki-main.o)
 .bss           0x000000000002f3fc        0x0 obj_cooja/mtype873.a(autostart.o)
 .bss           0x000000000002f3fc       0x28 obj_cooja/mtype873.a(log.o)
                0x000000000002f3fc                curr_log_level_rpl
                0x000000000002f400                curr_log_level_tcpip
                0x000000000002f404                curr_log_level_ipv6
                0x000000000002f408                curr_log_level_6lowpan
                0x000000000002f40c                curr_log_level_nullnet
                0x000000000002f410                curr_log_level_mac
                0x000000000002f414                curr_log_level_framer
                0x000000000002f418                curr_log_level_6top
                0x000000000002f41c                curr_log_level_coap
                0x000000000002f420                curr_log_level_lwm2m
 .bss           0x000000000002f424        0x0 obj_cooja/mtype873.a(energest.o)
 .bss           0x000000000002f424        0x8 obj_cooja/mtype873.a(etimer.o)
 .bss           0x000000000002f42c        0x2 obj_cooja/mtype873.a(node-id.o)
                0x000000000002f42c                node_id
 *fill*         0x000000000002f42e        0x2 
 .bss           0x000000000002f430        0x5 obj_cooja/mtype873.a(ctimer.o)
 *fill*         0x000000000002f435        0xb 
 .bss           0x000000000002f440      0x1a1 obj_cooja/mtype873.a(process.o)
                0x000000000002f440                process_list
                0x000000000002f444                process_current
 *fill*         0x000000000002f5e1        0x3 
 .bss           0x000000000002f5e4        0x4 obj_cooja/mtype873.a(rtimer.o)
 .bss           0x000000000002f5e8        0x0 obj_cooja/mtype873.a(timer.o)
 *fill*         0x000000000002f5e8       0x18 
 .bss           0x000000000002f600      0x140 obj_cooja/mtype873.a(serial-line.o)
 .bss           0x000000000002f740        0x0 obj_cooja/mtype873.a(list.o)
 .bss           0x000000000002f740        0x0 obj_cooja/mtype873.a(ringbuf.o)
 .bss           0x000000000002f740       0xa0 obj_cooja/mtype873.a(packetbuf.o)
 .bss           0x000000000002f7e0        0x4 obj_cooja/mtype873.a(netstack.o)
 .bss           0x000000000002f7e4        0x0 obj_cooja/mtype873.a(linkaddr.o)
 .bss           0x000000000002f7e4        0x0 obj_cooja/mtype873.a(csma.o)
 *fill*         0x000000000002f7e4       0x1c 
 .bss           0x000000000002f800      0x726 obj_cooja/mtype873.a(csma-output.o)
 *fill*         0x000000000002ff26        0x2 
 .bss           0x000000000002ff28       0x20 obj_cooja/mtype873.a(uip-ds6.o)
 .bss           0x000000000002ff48        0x0 obj_cooja/mtype873.a(uiplib.o)
 .bss           0x000000000002ff48       0x10 obj_cooja/mtype873.a(tcpip.o)
 .bss           0x000000000002ff58        0x6 obj_cooja/mtype873.a(uip6.o)
                0x000000000002ff58                uip_ext_bitmap
                0x000000000002ff59                uip_ext_len
                0x000000000002ff5a                uip_ext_opt_offset
 *fill*         0x000000000002ff5e        0x2 
 .bss           0x000000000002ff60     0x1c20 obj_cooja/mtype873.a(uip-ds6-nbr.o)
 .bss           0x0000000000031b80       0x10 obj_cooja/mtype873.a(uip-nd6.o)
 *fill*         0x0000000000031b90       0x10 
 .bss           0x0000000000031ba0      0x520 obj_cooja/mtype873.a(simple-udp.o)
 .bss           0x00000000000320c0       0x60 obj_cooja/mtype873.a(uip-ds6-route.o)
 .bss           0x0000000000032120      0x724 obj_cooja/mtype873.a(sicslowpan.o)
 .bss           0x0000000000032844        0x0 obj_cooja/mtype873.a(rpl-dag.o)
 *fill*         0x0000000000032844       0x1c 
 .bss           0x0000000000032860      0x960 obj_cooja/mtype873.a(rpl-neighbor.o)
 .bss           0x00000000000331c0       0x40 obj_cooja/mtype873.a(rpl-timers.o)
 .bss           0x0000000000033200        0x1 obj_cooja/mtype873.a(rpl.o)
 .bss           0x0000000000033201        0x0 obj_cooja/mtype873.a(rpl-mrhof.o)
 .bss           0x0000000000033201        0x0 obj_cooja/mtype873.a(rpl-icmp6.o)
 *fill*         0x0000000000033201        0x3 
 .bss           0x0000000000033204       0x11 obj_cooja/mtype873.a(rpl-dag-root.o)
 .bss           0x0000000000033215        0x0 obj_cooja/mtype873.a(watchdog.o)
 .bss           0x0000000000033215        0x0 obj_cooja/mtype873.a(stimer.o)
 .bss           0x0000000000033215        0x0 obj_cooja/mtype873.a(memb.o)
 *fill*         0x0000000000033215        0xb 
 .bss           0x0000000000033220     0x2c80 obj_cooja/mtype873.a(queuebuf.o)
 .bss           0x0000000000035ea0     0x1214 obj_cooja/mtype873.a(nbr-table.o)
 *fill*         0x00000000000370b4        0xc 
 .bss           0x00000000000370c0      0xe10 obj_cooja/mtype873.a(link-stats.o)
 *fill*         0x0000000000037ed0       0x10 
 .bss           0x0000000000037ee0      0x100 obj_cooja/mtype873.a(mac-sequence.o)
 .bss           0x0000000000037fe0        0x0 obj_cooja/mtype873.a(mac.o)
 .bss           0x0000000000037fe0        0x2 obj_cooja/mtype873.a(framer-802154.o)
 .bss           0x0000000000037fe2        0x0 obj_cooja/mtype873.a(frame802154.o)
 *fill*         0x0000000000037fe2        0x2 
 .bss           0x0000000000037fe4        0xc obj_cooja/mtype873.a(uipbuf.o)
 .bss           0x0000000000037ff0       0x18 obj_cooja/mtype873.a(uip-icmp6.o)
 *fill*         0x0000000000038008       0x18 
 .bss           0x0000000000038020     0x1d80 obj_cooja/mtype873.a(uip-sr.o)
 .bss           0x0000000000039da0      0xa78 obj_cooja/mtype873.a(uip-packetqueue)
 .bss           0x000000000003a818        0x0 obj_cooja/mtype873.a(uip-udp-packet.)
 .bss           0x000000000003a818        0x0 obj_cooja/mtype873.a(rpl-ext-header.)
 .bss           0x000000000003a818        0xe obj_cooja/mtype873.a(rpl-nbr-policy.)
 .bss           0x000000000003a826        0x0 /usr/lib/gcc/i686-linux-gnu/5/crtendS.o
 .bss           0x000000000003a826        0x0 /usr/lib/gcc/i686-linux-gnu/5/../../../i386-linux-gnu/crtn.o
 *(COMMON)
 *fill*         0x000000000003a826        0x2 
 COMMON         0x000000000003a828        0x8 obj_cooja/mtype873.o
                0x000000000003a828                referenceVar
                0x000000000003a82c                sensors_flags
 COMMON         0x000000000003a830        0xc obj_cooja/mtype873.a(simEnvChange.o)
                0x000000000003a830                simEtimerPending
                0x000000000003a834                simProcessRunValue
                0x000000000003a838                simEtimerNextExpirationTime
 *fill*         0x000000000003a83c        0x4 
 COMMON         0x000000000003a840       0x18 obj_cooja/mtype873.a(rtimer-arch.o)
                0x000000000003a840                simRtimerPending
                0x000000000003a848                simRtimerCurrentTicks
                0x000000000003a850                simRtimerNextExpirationTime
 COMMON         0x000000000003a858        0x1 obj_cooja/mtype873.a(beep.o)
                0x000000000003a858                simBeeped
 COMMON         0x000000000003a859        0x3 obj_cooja/mtype873.a(button-sensor.o)
                0x000000000003a859                simButtonIsActive
                0x000000000003a85a                simButtonIsDown
                0x000000000003a85b                simButtonChanged
 COMMON         0x000000000003a85c        0x1 obj_cooja/mtype873.a(leds-arch.o)
                0x000000000003a85c                simLedsValue
 *fill*         0x000000000003a85d        0x3 
 COMMON         0x000000000003a860        0xc obj_cooja/mtype873.a(moteid.o)
                0x000000000003a860                simRandomSeed
                0x000000000003a864                simMoteIDChanged
                0x000000000003a868                simMoteID
 COMMON         0x000000000003a86c        0x2 obj_cooja/mtype873.a(pir-sensor.o)
                0x000000000003a86c                simPirIsActive
                0x000000000003a86d                simPirChanged
 *fill*         0x000000000003a86e       0x12 
 COMMON         0x000000000003a880      0x820 obj_cooja/mtype873.a(rs232.o)
                0x000000000003a880                simSerialReceivingFlag
                0x000000000003a884                simSerialReceivingLength
                0x000000000003a8a0                simSerialReceivingData
 COMMON         0x000000000003b0a0        0x2 obj_cooja/mtype873.a(vib-sensor.o)
                0x000000000003b0a0                simVibChanged
                0x000000000003b0a1                simVibIsActive
 *fill*         0x000000000003b0a2        0x2 
 COMMON         0x000000000003b0a4        0x4 obj_cooja/mtype873.a(clock.o)
                0x000000000003b0a4                simCurrentTime
 *fill*         0x000000000003b0a8       0x18 
 COMMON         0x000000000003b0c0     0x2020 obj_cooja/mtype873.a(cooja-log.o)
                0x000000000003b0c0                simLoggedLength
                0x000000000003b0c4                simLoggedFlag
                0x000000000003b0e0                simLoggedData
 COMMON         0x000000000003d0e0      0x100 obj_cooja/mtype873.a(cooja-radio.o)
                0x000000000003d0e0                simOutDataBuffer
                0x000000000003d160                simInDataBuffer
 COMMON         0x000000000003d1e0      0x400 obj_cooja/mtype873.a(eeprom.o)
                0x000000000003d1e0                simEEPROMData
 COMMON         0x000000000003d5e0        0x1 obj_cooja/mtype873.a(sensors.o)
                0x000000000003d5e0                sensors_event
 *fill*         0x000000000003d5e1        0x3 
 COMMON         0x000000000003d5e4       0x50 obj_cooja/mtype873.a(contiki-main.o)
                0x000000000003d5e4                eb_per_time_source
                0x000000000003d5f8                unicast_per_neighbor_rpl_storing
                0x000000000003d60c                unicast_per_neighbor_rpl_ns
                0x000000000003d620                default_common
 COMMON         0x000000000003d634        0x1 obj_cooja/mtype873.a(serial-line.o)
                0x000000000003d634                serial_line_event_message
 *fill*         0x000000000003d635        0x3 
 COMMON         0x000000000003d638       0x2c obj_cooja/mtype873.a(packetbuf.o)
                0x000000000003d638                packetbuf_attrs
                0x000000000003d654                packetbuf_addrs
 COMMON         0x000000000003d664        0x8 obj_cooja/mtype873.a(linkaddr.o)
                0x000000000003d664                linkaddr_node_addr
 *fill*         0x000000000003d66c       0x14 
 COMMON         0x000000000003d680      0x181 obj_cooja/mtype873.a(uip-ds6.o)
                0x000000000003d680                uip_ds6_prefix_list
                0x000000000003d6e0                uip_ds6_timer_periodic
                0x000000000003d6f0                uip_ds6_netif_addr_list_offset
                0x000000000003d700                uip_ds6_if
                0x000000000003d7f8                uip_ds6_timer_ra
                0x000000000003d800                uip_ds6_addr_size
 COMMON         0x000000000003d801        0x1 obj_cooja/mtype873.a(tcpip.o)
                0x000000000003d801                tcpip_event
 *fill*         0x000000000003d802       0x1e 
 COMMON         0x000000000003d820      0x64c obj_cooja/mtype873.a(uip6.o)
                0x000000000003d820                uip_slen
                0x000000000003d824                uip_lladdr
                0x000000000003d82c                uip_appdata
                0x000000000003d830                uip_flags
                0x000000000003d840                uip_aligned_buf
                0x000000000003dd40                uip_len
                0x000000000003dd44                uip_sappdata
                0x000000000003dd60                uip_udp_conns
                0x000000000003de60                uip_udp_conn
                0x000000000003de64                uip_next_hdr
                0x000000000003de68                uip_conn
 *fill*         0x000000000003de6c       0x14 
 COMMON         0x000000000003de80      0x164 obj_cooja/mtype873.a(rpl-dag.o)
                0x000000000003de80                curr_instance
 COMMON         0x000000000003dfe4       0x10 obj_cooja/mtype873.a(rpl.o)
                0x000000000003dfe4                rpl_multicast_addr
 *fill*         0x000000000003dff4        0xc 
 COMMON         0x000000000003e000       0x20 obj_cooja/mtype873.a(link-stats.o)
                0x000000000003e000                periodic_timer
                0x000000000003e020                . = ALIGN ((. != 0x0)?0x4:0x1)
                0x000000000003e020                . = ALIGN (0x4)
                0x000000000003e020                . = SEGMENT_START ("ldata-segment", .)
                0x000000000003e020                . = ALIGN (0x4)
                0x000000000003e020                _end = .
                [!provide]                        PROVIDE (end, .)
                0x000000000003e020                . = DATA_SEGMENT_END (.)

.stab
 *(.stab)

.stabstr
 *(.stabstr)

.stab.excl
 *(.stab.excl)

.stab.exclstr
 *(.stab.exclstr)

.stab.index
 *(.stab.index)

.stab.indexstr
 *(.stab.indexstr)

.comment        0x0000000000000000       0x35
 *(.comment)
 .comment       0x0000000000000000       0x35 /usr/lib/gcc/i686-linux-gnu/5/crtbeginS.o
                                         0x36 (size before relaxing)
 .comment       0x0000000000000035       0x36 udp-client.o
 .comment       0x0000000000000035       0x36 obj_cooja/mtype873.o
 .comment       0x0000000000000035       0x36 obj_cooja/mtype873.a(simEnvChange.o)
 .comment       0x0000000000000035       0x36 obj_cooja/mtype873.a(cooja_mt.o)
 .comment       0x0000000000000035       0x36 obj_cooja/mtype873.a(cooja_mtarch.o)
 .comment       0x0000000000000035       0x36 obj_cooja/mtype873.a(rtimer-arch.o)
 .comment       0x0000000000000035       0x36 obj_cooja/mtype873.a(beep.o)
 .comment       0x0000000000000035       0x36 obj_cooja/mtype873.a(button-sensor.o)
 .comment       0x0000000000000035       0x36 obj_cooja/mtype873.a(leds-arch.o)
 .comment       0x0000000000000035       0x36 obj_cooja/mtype873.a(moteid.o)
 .comment       0x0000000000000035       0x36 obj_cooja/mtype873.a(pir-sensor.o)
 .comment       0x0000000000000035       0x36 obj_cooja/mtype873.a(rs232.o)
 .comment       0x0000000000000035       0x36 obj_cooja/mtype873.a(vib-sensor.o)
 .comment       0x0000000000000035       0x36 obj_cooja/mtype873.a(clock.o)
 .comment       0x0000000000000035       0x36 obj_cooja/mtype873.a(cooja-log.o)
 .comment       0x0000000000000035       0x36 obj_cooja/mtype873.a(cfs-cooja.o)
 .comment       0x0000000000000035       0x36 obj_cooja/mtype873.a(cooja-radio.o)
 .comment       0x0000000000000035       0x36 obj_cooja/mtype873.a(eeprom.o)
 .comment       0x0000000000000035       0x36 obj_cooja/mtype873.a(random.o)
 .comment       0x0000000000000035       0x36 obj_cooja/mtype873.a(sensors.o)
 .comment       0x0000000000000035       0x36 obj_cooja/mtype873.a(contiki-main.o)
 .comment       0x0000000000000035       0x36 obj_cooja/mtype873.a(autostart.o)
 .comment       0x0000000000000035       0x36 obj_cooja/mtype873.a(log.o)
 .comment       0x0000000000000035       0x36 obj_cooja/mtype873.a(energest.o)
 .comment       0x0000000000000035       0x36 obj_cooja/mtype873.a(etimer.o)
 .comment       0x0000000000000035       0x36 obj_cooja/mtype873.a(node-id.o)
 .comment       0x0000000000000035       0x36 obj_cooja/mtype873.a(ctimer.o)
 .comment       0x0000000000000035       0x36 obj_cooja/mtype873.a(process.o)
 .comment       0x0000000000000035       0x36 obj_cooja/mtype873.a(rtimer.o)
 .comment       0x0000000000000035       0x36 obj_cooja/mtype873.a(timer.o)
 .comment       0x0000000000000035       0x36 obj_cooja/mtype873.a(serial-line.o)
 .comment       0x0000000000000035       0x36 obj_cooja/mtype873.a(list.o)
 .comment       0x0000000000000035       0x36 obj_cooja/mtype873.a(ringbuf.o)
 .comment       0x0000000000000035       0x36 obj_cooja/mtype873.a(packetbuf.o)
 .comment       0x0000000000000035       0x36 obj_cooja/mtype873.a(netstack.o)
 .comment       0x0000000000000035       0x36 obj_cooja/mtype873.a(linkaddr.o)
 .comment       0x0000000000000035       0x36 obj_cooja/mtype873.a(csma.o)
 .comment       0x0000000000000035       0x36 obj_cooja/mtype873.a(csma-output.o)
 .comment       0x0000000000000035       0x36 obj_cooja/mtype873.a(uip-ds6.o)
 .comment       0x0000000000000035       0x36 obj_cooja/mtype873.a(uiplib.o)
 .comment       0x0000000000000035       0x36 obj_cooja/mtype873.a(tcpip.o)
 .comment       0x0000000000000035       0x36 obj_cooja/mtype873.a(uip6.o)
 .comment       0x0000000000000035       0x36 obj_cooja/mtype873.a(uip-ds6-nbr.o)
 .comment       0x0000000000000035       0x36 obj_cooja/mtype873.a(uip-nd6.o)
 .comment       0x0000000000000035       0x36 obj_cooja/mtype873.a(simple-udp.o)
 .comment       0x0000000000000035       0x36 obj_cooja/mtype873.a(uip-ds6-route.o)
 .comment       0x0000000000000035       0x36 obj_cooja/mtype873.a(sicslowpan.o)
 .comment       0x0000000000000035       0x36 obj_cooja/mtype873.a(rpl-dag.o)
 .comment       0x0000000000000035       0x36 obj_cooja/mtype873.a(rpl-neighbor.o)
 .comment       0x0000000000000035       0x36 obj_cooja/mtype873.a(rpl-timers.o)
 .comment       0x0000000000000035       0x36 obj_cooja/mtype873.a(rpl.o)
 .comment       0x0000000000000035       0x36 obj_cooja/mtype873.a(rpl-mrhof.o)
 .comment       0x0000000000000035       0x36 obj_cooja/mtype873.a(rpl-icmp6.o)
 .comment       0x0000000000000035       0x36 obj_cooja/mtype873.a(rpl-dag-root.o)
 .comment       0x0000000000000035       0x36 obj_cooja/mtype873.a(watchdog.o)
 .comment       0x0000000000000035       0x36 obj_cooja/mtype873.a(stimer.o)
 .comment       0x0000000000000035       0x36 obj_cooja/mtype873.a(memb.o)
 .comment       0x0000000000000035       0x36 obj_cooja/mtype873.a(queuebuf.o)
 .comment       0x0000000000000035       0x36 obj_cooja/mtype873.a(nbr-table.o)
 .comment       0x0000000000000035       0x36 obj_cooja/mtype873.a(link-stats.o)
 .comment       0x0000000000000035       0x36 obj_cooja/mtype873.a(mac-sequence.o)
 .comment       0x0000000000000035       0x36 obj_cooja/mtype873.a(mac.o)
 .comment       0x0000000000000035       0x36 obj_cooja/mtype873.a(framer-802154.o)
 .comment       0x0000000000000035       0x36 obj_cooja/mtype873.a(frame802154.o)
 .comment       0x0000000000000035       0x36 obj_cooja/mtype873.a(uipbuf.o)
 .comment       0x0000000000000035       0x36 obj_cooja/mtype873.a(uip-icmp6.o)
 .comment       0x0000000000000035       0x36 obj_cooja/mtype873.a(uip-sr.o)
 .comment       0x0000000000000035       0x36 obj_cooja/mtype873.a(uip-packetqueue)
 .comment       0x0000000000000035       0x36 obj_cooja/mtype873.a(uip-udp-packet.)
 .comment       0x0000000000000035       0x36 obj_cooja/mtype873.a(rpl-ext-header.)
 .comment       0x0000000000000035       0x36 obj_cooja/mtype873.a(rpl-nbr-policy.)
 .comment       0x0000000000000035       0x36 /usr/lib/gcc/i686-linux-gnu/5/crtendS.o

.debug
 *(.debug)

.line
 *(.line)

.debug_srcinfo
 *(.debug_srcinfo)

.debug_sfnames
 *(.debug_sfnames)

.debug_aranges  0x0000000000000000      0x8e0
 *(.debug_aranges)
 .debug_aranges
                0x0000000000000000       0x20 udp-client.o
 .debug_aranges
                0x0000000000000020       0x20 obj_cooja/mtype873.o
 .debug_aranges
                0x0000000000000040       0x20 obj_cooja/mtype873.a(simEnvChange.o)
 .debug_aranges
                0x0000000000000060       0x20 obj_cooja/mtype873.a(cooja_mt.o)
 .debug_aranges
                0x0000000000000080       0x20 obj_cooja/mtype873.a(cooja_mtarch.o)
 .debug_aranges
                0x00000000000000a0       0x20 obj_cooja/mtype873.a(rtimer-arch.o)
 .debug_aranges
                0x00000000000000c0       0x20 obj_cooja/mtype873.a(beep.o)
 .debug_aranges
                0x00000000000000e0       0x20 obj_cooja/mtype873.a(button-sensor.o)
 .debug_aranges
                0x0000000000000100       0x20 obj_cooja/mtype873.a(leds-arch.o)
 .debug_aranges
                0x0000000000000120       0x20 obj_cooja/mtype873.a(moteid.o)
 .debug_aranges
                0x0000000000000140       0x20 obj_cooja/mtype873.a(pir-sensor.o)
 .debug_aranges
                0x0000000000000160       0x20 obj_cooja/mtype873.a(rs232.o)
 .debug_aranges
                0x0000000000000180       0x20 obj_cooja/mtype873.a(vib-sensor.o)
 .debug_aranges
                0x00000000000001a0       0x20 obj_cooja/mtype873.a(clock.o)
 .debug_aranges
                0x00000000000001c0       0x20 obj_cooja/mtype873.a(cooja-log.o)
 .debug_aranges
                0x00000000000001e0       0x20 obj_cooja/mtype873.a(cfs-cooja.o)
 .debug_aranges
                0x0000000000000200       0x20 obj_cooja/mtype873.a(cooja-radio.o)
 .debug_aranges
                0x0000000000000220       0x20 obj_cooja/mtype873.a(eeprom.o)
 .debug_aranges
                0x0000000000000240       0x20 obj_cooja/mtype873.a(random.o)
 .debug_aranges
                0x0000000000000260       0x20 obj_cooja/mtype873.a(sensors.o)
 .debug_aranges
                0x0000000000000280       0x20 obj_cooja/mtype873.a(contiki-main.o)
 .debug_aranges
                0x00000000000002a0       0x20 obj_cooja/mtype873.a(autostart.o)
 .debug_aranges
                0x00000000000002c0       0x20 obj_cooja/mtype873.a(log.o)
 .debug_aranges
                0x00000000000002e0       0x20 obj_cooja/mtype873.a(energest.o)
 .debug_aranges
                0x0000000000000300       0x20 obj_cooja/mtype873.a(etimer.o)
 .debug_aranges
                0x0000000000000320       0x20 obj_cooja/mtype873.a(node-id.o)
 .debug_aranges
                0x0000000000000340       0x20 obj_cooja/mtype873.a(ctimer.o)
 .debug_aranges
                0x0000000000000360       0x20 obj_cooja/mtype873.a(process.o)
 .debug_aranges
                0x0000000000000380       0x20 obj_cooja/mtype873.a(rtimer.o)
 .debug_aranges
                0x00000000000003a0       0x20 obj_cooja/mtype873.a(timer.o)
 .debug_aranges
                0x00000000000003c0       0x20 obj_cooja/mtype873.a(serial-line.o)
 .debug_aranges
                0x00000000000003e0       0x20 obj_cooja/mtype873.a(list.o)
 .debug_aranges
                0x0000000000000400       0x20 obj_cooja/mtype873.a(ringbuf.o)
 .debug_aranges
                0x0000000000000420       0x20 obj_cooja/mtype873.a(packetbuf.o)
 .debug_aranges
                0x0000000000000440       0x20 obj_cooja/mtype873.a(netstack.o)
 .debug_aranges
                0x0000000000000460       0x20 obj_cooja/mtype873.a(linkaddr.o)
 .debug_aranges
                0x0000000000000480       0x20 obj_cooja/mtype873.a(csma.o)
 .debug_aranges
                0x00000000000004a0       0x20 obj_cooja/mtype873.a(csma-output.o)
 .debug_aranges
                0x00000000000004c0       0x20 obj_cooja/mtype873.a(uip-ds6.o)
 .debug_aranges
                0x00000000000004e0       0x20 obj_cooja/mtype873.a(uiplib.o)
 .debug_aranges
                0x0000000000000500       0x20 obj_cooja/mtype873.a(tcpip.o)
 .debug_aranges
                0x0000000000000520       0x20 obj_cooja/mtype873.a(uip6.o)
 .debug_aranges
                0x0000000000000540       0x20 obj_cooja/mtype873.a(uip-ds6-nbr.o)
 .debug_aranges